Archive member included to satisfy reference by file (symbol)

d:/program files (x86)/st/stm32cubeide_1.9.0/stm32cubeide/plugins/com.st.stm32cube.ide.mcu.externaltools.gnu-tools-for-stm32.10.3-2021.10.win32_1.0.0.202111181127/tools/bin/../lib/gcc/arm-none-eabi/10.3.1/../../../../arm-none-eabi/lib/thumb/v7e-m+fp/hard\libc_nano.a(lib_a-errno.o)
                              ./Application/User/Core/syscalls.o (__errno)
d:/program files (x86)/st/stm32cubeide_1.9.0/stm32cubeide/plugins/com.st.stm32cube.ide.mcu.externaltools.gnu-tools-for-stm32.10.3-2021.10.win32_1.0.0.202111181127/tools/bin/../lib/gcc/arm-none-eabi/10.3.1/../../../../arm-none-eabi/lib/thumb/v7e-m+fp/hard\libc_nano.a(lib_a-exit.o)
                              d:/program files (x86)/st/stm32cubeide_1.9.0/stm32cubeide/plugins/com.st.stm32cube.ide.mcu.externaltools.gnu-tools-for-stm32.10.3-2021.10.win32_1.0.0.202111181127/tools/bin/../lib/gcc/arm-none-eabi/10.3.1/../../../../arm-none-eabi/lib/thumb/v7e-m+fp/hard/crt0.o (exit)
d:/program files (x86)/st/stm32cubeide_1.9.0/stm32cubeide/plugins/com.st.stm32cube.ide.mcu.externaltools.gnu-tools-for-stm32.10.3-2021.10.win32_1.0.0.202111181127/tools/bin/../lib/gcc/arm-none-eabi/10.3.1/../../../../arm-none-eabi/lib/thumb/v7e-m+fp/hard\libc_nano.a(lib_a-impure.o)
                              d:/program files (x86)/st/stm32cubeide_1.9.0/stm32cubeide/plugins/com.st.stm32cube.ide.mcu.externaltools.gnu-tools-for-stm32.10.3-2021.10.win32_1.0.0.202111181127/tools/bin/../lib/gcc/arm-none-eabi/10.3.1/../../../../arm-none-eabi/lib/thumb/v7e-m+fp/hard\libc_nano.a(lib_a-exit.o) (_global_impure_ptr)
d:/program files (x86)/st/stm32cubeide_1.9.0/stm32cubeide/plugins/com.st.stm32cube.ide.mcu.externaltools.gnu-tools-for-stm32.10.3-2021.10.win32_1.0.0.202111181127/tools/bin/../lib/gcc/arm-none-eabi/10.3.1/../../../../arm-none-eabi/lib/thumb/v7e-m+fp/hard\libc_nano.a(lib_a-init.o)
                              d:/program files (x86)/st/stm32cubeide_1.9.0/stm32cubeide/plugins/com.st.stm32cube.ide.mcu.externaltools.gnu-tools-for-stm32.10.3-2021.10.win32_1.0.0.202111181127/tools/bin/../lib/gcc/arm-none-eabi/10.3.1/../../../../arm-none-eabi/lib/thumb/v7e-m+fp/hard/crt0.o (__libc_init_array)
d:/program files (x86)/st/stm32cubeide_1.9.0/stm32cubeide/plugins/com.st.stm32cube.ide.mcu.externaltools.gnu-tools-for-stm32.10.3-2021.10.win32_1.0.0.202111181127/tools/bin/../lib/gcc/arm-none-eabi/10.3.1/../../../../arm-none-eabi/lib/thumb/v7e-m+fp/hard\libc_nano.a(lib_a-memset.o)
                              d:/program files (x86)/st/stm32cubeide_1.9.0/stm32cubeide/plugins/com.st.stm32cube.ide.mcu.externaltools.gnu-tools-for-stm32.10.3-2021.10.win32_1.0.0.202111181127/tools/bin/../lib/gcc/arm-none-eabi/10.3.1/../../../../arm-none-eabi/lib/thumb/v7e-m+fp/hard/crt0.o (memset)
d:/program files (x86)/st/stm32cubeide_1.9.0/stm32cubeide/plugins/com.st.stm32cube.ide.mcu.externaltools.gnu-tools-for-stm32.10.3-2021.10.win32_1.0.0.202111181127/tools/bin/../lib/gcc/arm-none-eabi/10.3.1/../../../../arm-none-eabi/lib/thumb/v7e-m+fp/hard\libc_nano.a(lib_a-printf.o)
                              ./Application/User/MEMS/App/app_mems.o (printf)
d:/program files (x86)/st/stm32cubeide_1.9.0/stm32cubeide/plugins/com.st.stm32cube.ide.mcu.externaltools.gnu-tools-for-stm32.10.3-2021.10.win32_1.0.0.202111181127/tools/bin/../lib/gcc/arm-none-eabi/10.3.1/../../../../arm-none-eabi/lib/thumb/v7e-m+fp/hard\libc_nano.a(lib_a-snprintf.o)
                              ./Application/User/MEMS/App/app_mems.o (snprintf)
d:/program files (x86)/st/stm32cubeide_1.9.0/stm32cubeide/plugins/com.st.stm32cube.ide.mcu.externaltools.gnu-tools-for-stm32.10.3-2021.10.win32_1.0.0.202111181127/tools/bin/../lib/gcc/arm-none-eabi/10.3.1/../../../../arm-none-eabi/lib/thumb/v7e-m+fp/hard\libc_nano.a(lib_a-findfp.o)
                              d:/program files (x86)/st/stm32cubeide_1.9.0/stm32cubeide/plugins/com.st.stm32cube.ide.mcu.externaltools.gnu-tools-for-stm32.10.3-2021.10.win32_1.0.0.202111181127/tools/bin/../lib/gcc/arm-none-eabi/10.3.1/../../../../arm-none-eabi/lib/thumb/v7e-m+fp/hard\libc_nano.a(lib_a-printf.o) (__sinit)
d:/program files (x86)/st/stm32cubeide_1.9.0/stm32cubeide/plugins/com.st.stm32cube.ide.mcu.externaltools.gnu-tools-for-stm32.10.3-2021.10.win32_1.0.0.202111181127/tools/bin/../lib/gcc/arm-none-eabi/10.3.1/../../../../arm-none-eabi/lib/thumb/v7e-m+fp/hard\libc_nano.a(lib_a-fwalk.o)
                              d:/program files (x86)/st/stm32cubeide_1.9.0/stm32cubeide/plugins/com.st.stm32cube.ide.mcu.externaltools.gnu-tools-for-stm32.10.3-2021.10.win32_1.0.0.202111181127/tools/bin/../lib/gcc/arm-none-eabi/10.3.1/../../../../arm-none-eabi/lib/thumb/v7e-m+fp/hard\libc_nano.a(lib_a-findfp.o) (_fwalk)
[...]
Memory Configuration

Name             Origin             Length             Attributes
RAM              0x0000000020000000 0x00000000000a0000 xrw
RAM2             0x0000000010000000 0x0000000000010000 xrw
RAM3             0x0000000020040000 0x0000000000060000 xrw
FLASH            0x0000000008000000 0x0000000000200000 xr
*default*        0x0000000000000000 0xffffffffffffffff

Linker script and memory map

LOAD d:/program files (x86)/st/stm32cubeide_1.9.0/stm32cubeide/plugins/com.st.stm32cube.ide.mcu.externaltools.gnu-tools-for-stm32.10.3-2021.10.win32_1.0.0.202111181127/tools/bin/../lib/gcc/arm-none-eabi/10.3.1/thumb/v7e-m+fp/hard/crti.o
LOAD d:/program files (x86)/st/stm32cubeide_1.9.0/stm32cubeide/plugins/com.st.stm32cube.ide.mcu.externaltools.gnu-tools-for-stm32.10.3-2021.10.win32_1.0.0.202111181127/tools/bin/../lib/gcc/arm-none-eabi/10.3.1/thumb/v7e-m+fp/hard/crtbegin.o
LOAD d:/program files (x86)/st/stm32cubeide_1.9.0/stm32cubeide/plugins/com.st.stm32cube.ide.mcu.externaltools.gnu-tools-for-stm32.10.3-2021.10.win32_1.0.0.202111181127/tools/bin/../lib/gcc/arm-none-eabi/10.3.1/../../../../arm-none-eabi/lib/thumb/v7e-m+fp/hard/crt0.o
LOAD ./Application/User/Core/custom_bus.o
LOAD ./Application/User/Core/main.o
LOAD ./Application/User/Core/stm32l4xx_hal_msp.o
LOAD ./Application/User/Core/stm32l4xx_it.o
LOAD ./Application/User/Core/syscalls.o
LOAD ./Application/User/Core/sysmem.o
LOAD ./Application/User/MEMS/App/app_mems.o
LOAD ./Application/User/MEMS/Target/app_mems_int_pin_a_interface.o
LOAD ./Application/User/MEMS/Target/custom_motion_sensors.o
LOAD ./Application/User/MEMS/Target/custom_motion_sensors_ex.o
LOAD ./Application/User/Startup/startup_stm32l4r9zijx.o
LOAD ./Drivers/BSP/Components/lsm6dso.o
LOAD ./Drivers/BSP/Components/lsm6dso_reg.o
LOAD ./Drivers/BSP/custom/custom.o
LOAD ./Drivers/CMSIS/system_stm32l4xx.o
LOAD ./Drivers/STM32L4xx_HAL_Driver/stm32l4xx_hal.o
LOAD ./Drivers/STM32L4xx_HAL_Driver/stm32l4xx_hal_cortex.o
LOAD ./Drivers/STM32L4xx_HAL_Driver/stm32l4xx_hal_crc.o
LOAD ./Drivers/STM32L4xx_HAL_Driver/stm32l4xx_hal_crc_ex.o
LOAD ./Drivers/STM32L4xx_HAL_Driver/stm32l4xx_hal_dma.o
LOAD ./Drivers/STM32L4xx_HAL_Driver/stm32l4xx_hal_dma_ex.o
LOAD ./Drivers/STM32L4xx_HAL_Driver/stm32l4xx_hal_exti.o
LOAD ./Drivers/STM32L4xx_HAL_Driver/stm32l4xx_hal_flash.o
LOAD ./Drivers/STM32L4xx_HAL_Driver/stm32l4xx_hal_flash_ex.o
LOAD ./Drivers/STM32L4xx_HAL_Driver/stm32l4xx_hal_flash_ramfunc.o
LOAD ./Drivers/STM32L4xx_HAL_Driver/stm32l4xx_hal_gpio.o
LOAD ./Drivers/STM32L4xx_HAL_Driver/stm32l4xx_hal_i2c.o
LOAD ./Drivers/STM32L4xx_HAL_Driver/stm32l4xx_hal_i2c_ex.o
LOAD ./Drivers/STM32L4xx_HAL_Driver/stm32l4xx_hal_pwr.o
LOAD ./Drivers/STM32L4xx_HAL_Driver/stm32l4xx_hal_pwr_ex.o
LOAD ./Drivers/STM32L4xx_HAL_Driver/stm32l4xx_hal_rcc.o
LOAD ./Drivers/STM32L4xx_HAL_Driver/stm32l4xx_hal_rcc_ex.o
LOAD ./Drivers/STM32L4xx_HAL_Driver/stm32l4xx_hal_rtc.o
LOAD ./Drivers/STM32L4xx_HAL_Driver/stm32l4xx_hal_rtc_ex.o
LOAD ./Drivers/STM32L4xx_HAL_Driver/stm32l4xx_hal_tim.o
LOAD ./Drivers/STM32L4xx_HAL_Driver/stm32l4xx_hal_tim_ex.o
LOAD ./Drivers/STM32L4xx_HAL_Driver/stm32l4xx_hal_uart.o
LOAD ./Drivers/STM32L4xx_HAL_Driver/stm32l4xx_hal_uart_ex.o
START GROUP
LOAD d:/program files (x86)/st/stm32cubeide_1.9.0/stm32cubeide/plugins/com.st.stm32cube.ide.mcu.externaltools.gnu-tools-for-stm32.10.3-2021.10.win32_1.0.0.202111181127/tools/bin/../lib/gcc/arm-none-eabi/10.3.1/../../../../arm-none-eabi/lib/thumb/v7e-m+fp/hard\libc_nano.a
LOAD d:/program files (x86)/st/stm32cubeide_1.9.0/stm32cubeide/plugins/com.st.stm32cube.ide.mcu.externaltools.gnu-tools-for-stm32.10.3-2021.10.win32_1.0.0.202111181127/tools/bin/../lib/gcc/arm-none-eabi/10.3.1/../../../../arm-none-eabi/lib/thumb/v7e-m+fp/hard\libm.a
END GROUP
START GROUP
LOAD d:/program files (x86)/st/stm32cubeide_1.9.0/stm32cubeide/plugins/com.st.stm32cube.ide.mcu.externaltools.gnu-tools-for-stm32.10.3-2021.10.win32_1.0.0.202111181127/tools/bin/../lib/gcc/arm-none-eabi/10.3.1/thumb/v7e-m+fp/hard\libgcc.a
LOAD d:/program files (x86)/st/stm32cubeide_1.9.0/stm32cubeide/plugins/com.st.stm32cube.ide.mcu.externaltools.gnu-tools-for-stm32.10.3-2021.10.win32_1.0.0.202111181127/tools/bin/../lib/gcc/arm-none-eabi/10.3.1/../../../../arm-none-eabi/lib/thumb/v7e-m+fp/hard\libc_nano.a
END GROUP
START GROUP
LOAD d:/program files (x86)/st/stm32cubeide_1.9.0/stm32cubeide/plugins/com.st.stm32cube.ide.mcu.externaltools.gnu-tools-for-stm32.10.3-2021.10.win32_1.0.0.202111181127/tools/bin/../lib/gcc/arm-none-eabi/10.3.1/thumb/v7e-m+fp/hard\libgcc.a
LOAD d:/program files (x86)/st/stm32cubeide_1.9.0/stm32cubeide/plugins/com.st.stm32cube.ide.mcu.externaltools.gnu-tools-for-stm32.10.3-2021.10.win32_1.0.0.202111181127/tools/bin/../lib/gcc/arm-none-eabi/10.3.1/../../../../arm-none-eabi/lib/thumb/v7e-m+fp/hard\libc_nano.a
LOAD d:/program files (x86)/st/stm32cubeide_1.9.0/stm32cubeide/plugins/com.st.stm32cube.ide.mcu.externaltools.gnu-tools-for-stm32.10.3-2021.10.win32_1.0.0.202111181127/tools/bin/../lib/gcc/arm-none-eabi/10.3.1/../../../../arm-none-eabi/lib/thumb/v7e-m+fp/hard\libnosys.a
END GROUP
START GROUP
LOAD d:/program files (x86)/st/stm32cubeide_1.9.0/stm32cubeide/plugins/com.st.stm32cube.ide.mcu.externaltools.gnu-tools-for-stm32.10.3-2021.10.win32_1.0.0.202111181127/tools/bin/../lib/gcc/arm-none-eabi/10.3.1/thumb/v7e-m+fp/hard\libgcc.a
LOAD d:/program files (x86)/st/stm32cubeide_1.9.0/stm32cubeide/plugins/com.st.stm32cube.ide.mcu.externaltools.gnu-tools-for-stm32.10.3-2021.10.win32_1.0.0.202111181127/tools/bin/../lib/gcc/arm-none-eabi/10.3.1/../../../../arm-none-eabi/lib/thumb/v7e-m+fp/hard\libc_nano.a
LOAD d:/program files (x86)/st/stm32cubeide_1.9.0/stm32cubeide/plugins/com.st.stm32cube.ide.mcu.externaltools.gnu-tools-for-stm32.10.3-2021.10.win32_1.0.0.202111181127/tools/bin/../lib/gcc/arm-none-eabi/10.3.1/../../../../arm-none-eabi/lib/thumb/v7e-m+fp/hard\libnosys.a
END GROUP
LOAD d:/program files (x86)/st/stm32cubeide_1.9.0/stm32cubeide/plugins/com.st.stm32cube.ide.mcu.externaltools.gnu-tools-for-stm32.10.3-2021.10.win32_1.0.0.202111181127/tools/bin/../lib/gcc/arm-none-eabi/10.3.1/thumb/v7e-m+fp/hard/crtend.o
LOAD d:/program files (x86)/st/stm32cubeide_1.9.0/stm32cubeide/plugins/com.st.stm32cube.ide.mcu.externaltools.gnu-tools-for-stm32.10.3-2021.10.win32_1.0.0.202111181127/tools/bin/../lib/gcc/arm-none-eabi/10.3.1/thumb/v7e-m+fp/hard/crtn.o
                0x00000000200a0000                _estack = (ORIGIN (RAM) + LENGTH (RAM))
                0x0000000000000200                _Min_Heap_Size = 0x200
                0x0000000000000400                _Min_Stack_Size = 0x400

.isr_vector     0x0000000008000000      0x1bc
                0x0000000008000000                . = ALIGN (0x4)
 *(.isr_vector)
 .isr_vector    0x0000000008000000      0x1bc ./Application/User/Startup/startup_stm32l4r9zijx.o
                0x0000000008000000                g_pfnVectors
                0x00000000080001bc                . = ALIGN (0x4)

.text           0x00000000080001c0     0xaa44
                0x00000000080001c0                . = ALIGN (0x4)
 *(.text)
 .text          0x00000000080001c0       0x40 d:/program files (x86)/st/stm32cubeide_1.9.0/stm32cubeide/plugins/com.st.stm32cube.ide.mcu.externaltools.gnu-tools-for-stm32.10.3-2021.10.win32_1.0.0.202111181127/tools/bin/../lib/gcc/arm-none-eabi/10.3.1/thumb/v7e-m+fp/hard/crtbegin.o
 .text          0x0000000008000200       0xa0 d:/program files (x86)/st/stm32cubeide_1.9.0/stm32cubeide/plugins/com.st.stm32cube.ide.mcu.externaltools.gnu-tools-for-stm32.10.3-2021.10.win32_1.0.0.202111181127/tools/bin/../lib/gcc/arm-none-eabi/10.3.1/../../../../arm-none-eabi/lib/thumb/v7e-m+fp/hard\libc_nano.a(lib_a-memchr.o)
                0x0000000008000200                memchr
 .text          0x00000000080002a0       0x30 d:/program files (x86)/st/stm32cubeide_1.9.0/stm32cubeide/plugins/com.st.stm32cube.ide.mcu.externaltools.gnu-tools-for-stm32.10.3-2021.10.win32_1.0.0.202111181127/tools/bin/../lib/gcc/arm-none-eabi/10.3.1/thumb/v7e-m+fp/hard\libgcc.a(_aeabi_uldivmod.o)
                0x00000000080002a0                __aeabi_uldivmod
 .text          0x00000000080002d0      0x2d0 d:/program files (x86)/st/stm32cubeide_1.9.0/stm32cubeide/plugins/com.st.stm32cube.ide.mcu.externaltools.gnu-tools-for-stm32.10.3-2021.10.win32_1.0.0.202111181127/tools/bin/../lib/gcc/arm-none-eabi/10.3.1/thumb/v7e-m+fp/hard\libgcc.a(_udivmoddi4.o)
                0x00000000080002d0                __udivmoddi4
 .text          0x00000000080005a0        0x4 d:/program files (x86)/st/stm32cubeide_1.9.0/stm32cubeide/plugins/com.st.stm32cube.ide.mcu.externaltools.gnu-tools-for-stm32.10.3-2021.10.win32_1.0.0.202111181127/tools/bin/../lib/gcc/arm-none-eabi/10.3.1/thumb/v7e-m+fp/hard\libgcc.a(_dvmd_tls.o)
                0x00000000080005a0                __aeabi_idiv0
                0x00000000080005a0                __aeabi_ldiv0
 *(.text*)
 .text.BSP_I2C1_Init
                0x00000000080005a4       0x7c ./Application/User/Core/custom_bus.o
                0x00000000080005a4                BSP_I2C1_Init
 .text.BSP_I2C1_DeInit
                0x0000000008000620       0x50 ./Application/User/Core/custom_bus.o
                0x0000000008000620                BSP_I2C1_DeInit
 .text.BSP_I2C1_WriteReg
                0x0000000008000670       0x64 ./Application/User/Core/custom_bus.o
                0x0000000008000670                BSP_I2C1_WriteReg
 .text.BSP_I2C1_ReadReg
                0x00000000080006d4       0x64 ./Application/User/Core/custom_bus.o
                0x00000000080006d4                BSP_I2C1_ReadReg
 .text.BSP_GetTick
                0x0000000008000738        0xe ./Application/User/Core/custom_bus.o
                0x0000000008000738                BSP_GetTick
 *fill*         0x0000000008000746        0x2 
 .text.MX_I2C1_Init
                0x0000000008000748       0x88 ./Application/User/Core/custom_bus.o
                0x0000000008000748                MX_I2C1_Init
 .text.I2C1_MspInit
                0x00000000080007d0       0xc0 ./Application/User/Core/custom_bus.o
 .text.I2C1_MspDeInit
                0x0000000008000890       0x38 ./Application/User/Core/custom_bus.o
 .text.main     0x00000000080008c8       0x26 ./Application/User/Core/main.o
                0x00000000080008c8                main
 .text.SystemClock_Config
                0x00000000080008ee       0x90 ./Application/User/Core/main.o
                0x00000000080008ee                SystemClock_Config
 *fill*         0x000000000800097e        0x2 
 .text.MX_CRC_Init
                0x0000000008000980       0x44 ./Application/User/Core/main.o
 .text.MX_RTC_Init
                0x00000000080009c4       0x50 ./Application/User/Core/main.o
 .text.MX_TIM4_Init
                0x0000000008000a14       0x9c ./Application/User/Core/main.o
 .text.MX_GPIO_Init
                0x0000000008000ab0       0xa8 ./Application/User/Core/main.o
 .text.Error_Handler
                0x0000000008000b58        0xa ./Application/User/Core/main.o
                0x0000000008000b58                Error_Handler
 *fill*         0x0000000008000b62        0x2 
 .text.HAL_MspInit
                0x0000000008000b64       0x48 ./Application/User/Core/stm32l4xx_hal_msp.o
                0x0000000008000b64                HAL_MspInit
 .text.HAL_CRC_MspInit
                0x0000000008000bac       0x40 ./Application/User/Core/stm32l4xx_hal_msp.o
                0x0000000008000bac                HAL_CRC_MspInit
 .text.HAL_RTC_MspInit
                0x0000000008000bec       0x64 ./Application/User/Core/stm32l4xx_hal_msp.o
                0x0000000008000bec                HAL_RTC_MspInit
 .text.HAL_TIM_Base_MspInit
                0x0000000008000c50       0x40 ./Application/User/Core/stm32l4xx_hal_msp.o
                0x0000000008000c50                HAL_TIM_Base_MspInit
 .text.NMI_Handler
                0x0000000008000c90        0x6 ./Application/User/Core/stm32l4xx_it.o
                0x0000000008000c90                NMI_Handler
 .text.HardFault_Handler
                0x0000000008000c96        0x6 ./Application/User/Core/stm32l4xx_it.o
                0x0000000008000c96                HardFault_Handler
 .text.MemManage_Handler
                0x0000000008000c9c        0x6 ./Application/User/Core/stm32l4xx_it.o
                0x0000000008000c9c                MemManage_Handler
 .text.BusFault_Handler
                0x0000000008000ca2        0x6 ./Application/User/Core/stm32l4xx_it.o
                0x0000000008000ca2                BusFault_Handler
 .text.UsageFault_Handler
                0x0000000008000ca8        0x6 ./Application/User/Core/stm32l4xx_it.o
                0x0000000008000ca8                UsageFault_Handler
 .text.SVC_Handler
                0x0000000008000cae        0xe ./Application/User/Core/stm32l4xx_it.o
                0x0000000008000cae                SVC_Handler
 .text.DebugMon_Handler
                0x0000000008000cbc        0xe ./Application/User/Core/stm32l4xx_it.o
                0x0000000008000cbc                DebugMon_Handler
 .text.PendSV_Handler
                0x0000000008000cca        0xe ./Application/User/Core/stm32l4xx_it.o
                0x0000000008000cca                PendSV_Handler
 .text.SysTick_Handler
                0x0000000008000cd8        0xc ./Application/User/Core/stm32l4xx_it.o
                0x0000000008000cd8                SysTick_Handler
 .text._read    0x0000000008000ce4       0x3a ./Application/User/Core/syscalls.o
                0x0000000008000ce4                _read
 .text._write   0x0000000008000d1e       0x38 ./Application/User/Core/syscalls.o
                0x0000000008000d1e                _write
 .text._close   0x0000000008000d56       0x18 ./Application/User/Core/syscalls.o
                0x0000000008000d56                _close
 .text._fstat   0x0000000008000d6e       0x20 ./Application/User/Core/syscalls.o
                0x0000000008000d6e                _fstat
 .text._isatty  0x0000000008000d8e       0x16 ./Application/User/Core/syscalls.o
                0x0000000008000d8e                _isatty
 .text._lseek   0x0000000008000da4       0x1a ./Application/User/Core/syscalls.o
                0x0000000008000da4                _lseek
 *fill*         0x0000000008000dbe        0x2 
 .text._sbrk    0x0000000008000dc0       0x6c ./Application/User/Core/sysmem.o
                0x0000000008000dc0                _sbrk
 .text.MX_MEMS_Init
                0x0000000008000e2c        0xc ./Application/User/MEMS/App/app_mems.o
                0x0000000008000e2c                MX_MEMS_Init
 .text.MX_MEMS_Process
                0x0000000008000e38        0xc ./Application/User/MEMS/App/app_mems.o
                0x0000000008000e38                MX_MEMS_Process
 .text.MX_LSM6DSO_Pedometer_Init
                0x0000000008000e44       0x58 ./Application/User/MEMS/App/app_mems.o
 .text.BSP_PB_Callback
                0x0000000008000e9c       0x20 ./Application/User/MEMS/App/app_mems.o
                0x0000000008000e9c                BSP_PB_Callback
 .text.MX_LSM6DSO_Pedometer_Process
                0x0000000008000ebc       0xd8 ./Application/User/MEMS/App/app_mems.o
 .text.user_currentTimeGetTick
                0x0000000008000f94        0xe ./Application/User/MEMS/App/app_mems.o
 .text.user_currentTimeGetElapsedMS
                0x0000000008000fa2       0x20 ./Application/User/MEMS/App/app_mems.o
 *fill*         0x0000000008000fc2        0x2 
 .text.Send_Step_Count
                0x0000000008000fc4       0x50 ./Application/User/MEMS/App/app_mems.o
 .text.set_mems_int_pin_a_exti
                0x0000000008001014       0x38 ./Application/User/MEMS/Target/app_mems_int_pin_a_interface.o
                0x0000000008001014                set_mems_int_pin_a_exti
 .text.mems_int_pin_a_hardware_event_isr
                0x000000000800104c       0x18 ./Application/User/MEMS/Target/app_mems_int_pin_a_interface.o
 .text.CUSTOM_MOTION_SENSOR_Init
                0x0000000008001064      0x110 ./Application/User/MEMS/Target/custom_motion_sensors.o
                0x0000000008001064                CUSTOM_MOTION_SENSOR_Init
 .text.LSM6DSO_0_Probe
                0x0000000008001174      0x178 ./Application/User/MEMS/Target/custom_motion_sensors.o
 .text.CUSTOM_MOTION_SENSOR_Enable_Pedometer
                0x00000000080012ec       0x48 ./Application/User/MEMS/Target/custom_motion_sensors_ex.o
                0x00000000080012ec                CUSTOM_MOTION_SENSOR_Enable_Pedometer
 .text.CUSTOM_MOTION_SENSOR_Reset_Step_Counter
                0x0000000008001334       0x48 ./Application/User/MEMS/Target/custom_motion_sensors_ex.o
                0x0000000008001334                CUSTOM_MOTION_SENSOR_Reset_Step_Counter
 .text.CUSTOM_MOTION_SENSOR_Get_Step_Count
                0x000000000800137c       0x4c ./Application/User/MEMS/Target/custom_motion_sensors_ex.o
                0x000000000800137c                CUSTOM_MOTION_SENSOR_Get_Step_Count
 .text.CUSTOM_MOTION_SENSOR_Get_Event_Status
                0x00000000080013c8       0x4c ./Application/User/MEMS/Target/custom_motion_sensors_ex.o
                0x00000000080013c8                CUSTOM_MOTION_SENSOR_Get_Event_Status
 .text.Reset_Handler
                0x0000000008001414       0x50 ./Application/User/Startup/startup_stm32l4r9zijx.o
                0x0000000008001414                Reset_Handler
 .text.Default_Handler
                0x0000000008001464        0x2 ./Application/User/Startup/startup_stm32l4r9zijx.o
                0x0000000008001464                RTC_Alarm_IRQHandler
                0x0000000008001464                EXTI2_IRQHandler
                0x0000000008001464                TIM8_TRG_COM_IRQHandler
                0x0000000008001464                TIM8_CC_IRQHandler
                0x0000000008001464                TIM1_CC_IRQHandler
                0x0000000008001464                TSC_IRQHandler
                0x0000000008001464                TAMP_STAMP_IRQHandler
                0x0000000008001464                EXTI3_IRQHandler
                0x0000000008001464                LPTIM2_IRQHandler
                0x0000000008001464                DFSDM1_FLT1_IRQHandler
                0x0000000008001464                GFXMMU_IRQHandler
                0x0000000008001464                I2C3_ER_IRQHandler
                0x0000000008001464                DFSDM1_FLT2_IRQHandler
                0x0000000008001464                EXTI0_IRQHandler
                0x0000000008001464                I2C2_EV_IRQHandler
                0x0000000008001464                CAN1_RX0_IRQHandler
                0x0000000008001464                FPU_IRQHandler
                0x0000000008001464                TIM1_UP_TIM16_IRQHandler
                0x0000000008001464                LTDC_ER_IRQHandler
                0x0000000008001464                SPI1_IRQHandler
                0x0000000008001464                OCTOSPI1_IRQHandler
                0x0000000008001464                TIM6_DAC_IRQHandler
                0x0000000008001464                DCMI_IRQHandler
                0x0000000008001464                TIM8_UP_IRQHandler
                0x0000000008001464                OCTOSPI2_IRQHandler
                0x0000000008001464                DMA2_Channel2_IRQHandler
                0x0000000008001464                DMA1_Channel4_IRQHandler
                0x0000000008001464                SAI2_IRQHandler
                0x0000000008001464                ADC1_IRQHandler
                0x0000000008001464                DFSDM1_FLT3_IRQHandler
                0x0000000008001464                USART3_IRQHandler
                0x0000000008001464                DMA1_Channel7_IRQHandler
                0x0000000008001464                CAN1_RX1_IRQHandler
                0x0000000008001464                UART5_IRQHandler
                0x0000000008001464                TIM4_IRQHandler
                0x0000000008001464                DMA2_Channel1_IRQHandler
                0x0000000008001464                I2C1_EV_IRQHandler
                0x0000000008001464                DMAMUX1_OVR_IRQHandler
                0x0000000008001464                DMA1_Channel6_IRQHandler
                0x0000000008001464                UART4_IRQHandler
                0x0000000008001464                DMA2_Channel4_IRQHandler
                0x0000000008001464                TIM3_IRQHandler
                0x0000000008001464                RCC_IRQHandler
                0x0000000008001464                DMA1_Channel1_IRQHandler
                0x0000000008001464                Default_Handler
                0x0000000008001464                DMA2_Channel7_IRQHandler
                0x0000000008001464                EXTI15_10_IRQHandler
                0x0000000008001464                TIM7_IRQHandler
                0x0000000008001464                SDMMC1_IRQHandler
                0x0000000008001464                TIM5_IRQHandler
                0x0000000008001464                I2C3_EV_IRQHandler
                0x0000000008001464                EXTI9_5_IRQHandler
                0x0000000008001464                RTC_WKUP_IRQHandler
                0x0000000008001464                LTDC_IRQHandler
                0x0000000008001464                PVD_PVM_IRQHandler
                0x0000000008001464                SPI2_IRQHandler
                0x0000000008001464                CAN1_TX_IRQHandler
                0x0000000008001464                DMA2_Channel5_IRQHandler
                0x0000000008001464                CRS_IRQHandler
                0x0000000008001464                DMA1_Channel5_IRQHandler
                0x0000000008001464                EXTI4_IRQHandler
                0x0000000008001464                RNG_IRQHandler
                0x0000000008001464                TIM1_TRG_COM_TIM17_IRQHandler
                0x0000000008001464                DMA1_Channel3_IRQHandler
                0x0000000008001464                COMP_IRQHandler
                0x0000000008001464                DSI_IRQHandler
                0x0000000008001464                WWDG_IRQHandler
                0x0000000008001464                I2C4_EV_IRQHandler
                0x0000000008001464                LPUART1_IRQHandler
                0x0000000008001464                DMA2_Channel6_IRQHandler
                0x0000000008001464                TIM2_IRQHandler
                0x0000000008001464                DMA2D_IRQHandler
                0x0000000008001464                EXTI1_IRQHandler
                0x0000000008001464                USART2_IRQHandler
                0x0000000008001464                DFSDM1_FLT0_IRQHandler
                0x0000000008001464                I2C2_ER_IRQHandler
                0x0000000008001464                DMA1_Channel2_IRQHandler
                0x0000000008001464                TIM8_BRK_IRQHandler
                0x0000000008001464                CAN1_SCE_IRQHandler
                0x0000000008001464                FLASH_IRQHandler
                0x0000000008001464                USART1_IRQHandler
                0x0000000008001464                OTG_FS_IRQHandler
                0x0000000008001464                SPI3_IRQHandler
                0x0000000008001464                I2C1_ER_IRQHandler
                0x0000000008001464                FMC_IRQHandler
                0x0000000008001464                LPTIM1_IRQHandler
                0x0000000008001464                I2C4_ER_IRQHandler
                0x0000000008001464                SAI1_IRQHandler
                0x0000000008001464                DMA2_Channel3_IRQHandler
                0x0000000008001464                TIM1_BRK_TIM15_IRQHandler
 *fill*         0x0000000008001466        0x2 
 .text.LSM6DSO_RegisterBusIO
                0x0000000008001468       0xd4 ./Drivers/BSP/Components/lsm6dso.o
                0x0000000008001468                LSM6DSO_RegisterBusIO
 .text.LSM6DSO_Init
                0x000000000800153c       0xea ./Drivers/BSP/Components/lsm6dso.o
                0x000000000800153c                LSM6DSO_Init
 .text.LSM6DSO_DeInit
                0x0000000008001626       0x4e ./Drivers/BSP/Components/lsm6dso.o
                0x0000000008001626                LSM6DSO_DeInit
 .text.LSM6DSO_ReadID
                0x0000000008001674       0x2c ./Drivers/BSP/Components/lsm6dso.o
                0x0000000008001674                LSM6DSO_ReadID
 .text.LSM6DSO_GetCapabilities
                0x00000000080016a0       0x5c ./Drivers/BSP/Components/lsm6dso.o
                0x00000000080016a0                LSM6DSO_GetCapabilities
 .text.LSM6DSO_ACC_Enable
                0x00000000080016fc       0x48 ./Drivers/BSP/Components/lsm6dso.o
                0x00000000080016fc                LSM6DSO_ACC_Enable
 .text.LSM6DSO_ACC_Disable
                0x0000000008001744       0x5e ./Drivers/BSP/Components/lsm6dso.o
                0x0000000008001744                LSM6DSO_ACC_Disable
 *fill*         0x00000000080017a2        0x2 
 .text.LSM6DSO_ACC_GetSensitivity
                0x00000000080017a4       0x8c ./Drivers/BSP/Components/lsm6dso.o
                0x00000000080017a4                LSM6DSO_ACC_GetSensitivity
 .text.LSM6DSO_ACC_GetOutputDataRate
                0x0000000008001830      0x108 ./Drivers/BSP/Components/lsm6dso.o
                0x0000000008001830                LSM6DSO_ACC_GetOutputDataRate
 .text.LSM6DSO_ACC_SetOutputDataRate
                0x0000000008001938       0x22 ./Drivers/BSP/Components/lsm6dso.o
                0x0000000008001938                LSM6DSO_ACC_SetOutputDataRate
 *fill*         0x000000000800195a        0x2 
 .text.LSM6DSO_ACC_SetOutputDataRate_With_Mode
                0x000000000800195c      0x33c ./Drivers/BSP/Components/lsm6dso.o
                0x000000000800195c                LSM6DSO_ACC_SetOutputDataRate_With_Mode
 .text.LSM6DSO_ACC_GetFullScale
                0x0000000008001c98       0x7c ./Drivers/BSP/Components/lsm6dso.o
                0x0000000008001c98                LSM6DSO_ACC_GetFullScale
 .text.LSM6DSO_ACC_SetFullScale
                0x0000000008001d14       0x50 ./Drivers/BSP/Components/lsm6dso.o
                0x0000000008001d14                LSM6DSO_ACC_SetFullScale
 .text.LSM6DSO_ACC_GetAxesRaw
                0x0000000008001d64       0x48 ./Drivers/BSP/Components/lsm6dso.o
                0x0000000008001d64                LSM6DSO_ACC_GetAxesRaw
 .text.LSM6DSO_ACC_GetAxes
                0x0000000008001dac       0xae ./Drivers/BSP/Components/lsm6dso.o
                0x0000000008001dac                LSM6DSO_ACC_GetAxes
 .text.LSM6DSO_GYRO_Enable
                0x0000000008001e5a       0x48 ./Drivers/BSP/Components/lsm6dso.o
                0x0000000008001e5a                LSM6DSO_GYRO_Enable
 .text.LSM6DSO_GYRO_Disable
                0x0000000008001ea2       0x5e ./Drivers/BSP/Components/lsm6dso.o
                0x0000000008001ea2                LSM6DSO_GYRO_Disable
 .text.LSM6DSO_GYRO_GetSensitivity
                0x0000000008001f00       0xa4 ./Drivers/BSP/Components/lsm6dso.o
                0x0000000008001f00                LSM6DSO_GYRO_GetSensitivity
 .text.LSM6DSO_GYRO_GetOutputDataRate
                0x0000000008001fa4       0xf8 ./Drivers/BSP/Components/lsm6dso.o
                0x0000000008001fa4                LSM6DSO_GYRO_GetOutputDataRate
 .text.LSM6DSO_GYRO_SetOutputDataRate
                0x000000000800209c       0x22 ./Drivers/BSP/Components/lsm6dso.o
                0x000000000800209c                LSM6DSO_GYRO_SetOutputDataRate
 *fill*         0x00000000080020be        0x2 
 .text.LSM6DSO_GYRO_SetOutputDataRate_With_Mode
                0x00000000080020c0      0x12c ./Drivers/BSP/Components/lsm6dso.o
                0x00000000080020c0                LSM6DSO_GYRO_SetOutputDataRate_With_Mode
 .text.LSM6DSO_GYRO_GetFullScale
                0x00000000080021ec       0x94 ./Drivers/BSP/Components/lsm6dso.o
                0x00000000080021ec                LSM6DSO_GYRO_GetFullScale
 .text.LSM6DSO_GYRO_SetFullScale
                0x0000000008002280       0x5e ./Drivers/BSP/Components/lsm6dso.o
                0x0000000008002280                LSM6DSO_GYRO_SetFullScale
 .text.LSM6DSO_GYRO_GetAxesRaw
                0x00000000080022de       0x48 ./Drivers/BSP/Components/lsm6dso.o
                0x00000000080022de                LSM6DSO_GYRO_GetAxesRaw
 .text.LSM6DSO_GYRO_GetAxes
                0x0000000008002326       0xa8 ./Drivers/BSP/Components/lsm6dso.o
                0x0000000008002326                LSM6DSO_GYRO_GetAxes
 .text.LSM6DSO_Write_Reg
                0x00000000080023ce       0x36 ./Drivers/BSP/Components/lsm6dso.o
                0x00000000080023ce                LSM6DSO_Write_Reg
 .text.LSM6DSO_ACC_Enable_Pedometer
                0x0000000008002404       0xf4 ./Drivers/BSP/Components/lsm6dso.o
                0x0000000008002404                LSM6DSO_ACC_Enable_Pedometer
 .text.LSM6DSO_ACC_Get_Step_Count
                0x00000000080024f8       0x2c ./Drivers/BSP/Components/lsm6dso.o
                0x00000000080024f8                LSM6DSO_ACC_Get_Step_Count
 .text.LSM6DSO_ACC_Step_Counter_Reset
                0x0000000008002524       0x28 ./Drivers/BSP/Components/lsm6dso.o
                0x0000000008002524                LSM6DSO_ACC_Step_Counter_Reset
 .text.LSM6DSO_ACC_Get_Event_Status
                0x000000000800254c      0x294 ./Drivers/BSP/Components/lsm6dso.o
                0x000000000800254c                LSM6DSO_ACC_Get_Event_Status
 .text.LSM6DSO_ACC_SetOutputDataRate_When_Enabled
                0x00000000080027e0      0x130 ./Drivers/BSP/Components/lsm6dso.o
 .text.LSM6DSO_ACC_SetOutputDataRate_When_Disabled
                0x0000000008002910      0x120 ./Drivers/BSP/Components/lsm6dso.o
 .text.LSM6DSO_GYRO_SetOutputDataRate_When_Enabled
                0x0000000008002a30      0x118 ./Drivers/BSP/Components/lsm6dso.o
 .text.LSM6DSO_GYRO_SetOutputDataRate_When_Disabled
                0x0000000008002b48      0x104 ./Drivers/BSP/Components/lsm6dso.o
 .text.LSM6DSO_Delay
                0x0000000008002c4c       0x34 ./Drivers/BSP/Components/lsm6dso.o
 .text.ReadRegWrap
                0x0000000008002c80       0x36 ./Drivers/BSP/Components/lsm6dso.o
 .text.WriteRegWrap
                0x0000000008002cb6       0x36 ./Drivers/BSP/Components/lsm6dso.o
 .text.lsm6dso_read_reg
                0x0000000008002cec       0x30 ./Drivers/BSP/Components/lsm6dso_reg.o
                0x0000000008002cec                lsm6dso_read_reg
 .text.lsm6dso_write_reg
                0x0000000008002d1c       0x30 ./Drivers/BSP/Components/lsm6dso_reg.o
                0x0000000008002d1c                lsm6dso_write_reg
 .text.lsm6dso_xl_full_scale_set
                0x0000000008002d4c       0x4c ./Drivers/BSP/Components/lsm6dso_reg.o
                0x0000000008002d4c                lsm6dso_xl_full_scale_set
 .text.lsm6dso_xl_full_scale_get
                0x0000000008002d98       0x70 ./Drivers/BSP/Components/lsm6dso_reg.o
                0x0000000008002d98                lsm6dso_xl_full_scale_get
 .text.lsm6dso_xl_data_rate_set
                0x0000000008002e08      0x1f8 ./Drivers/BSP/Components/lsm6dso_reg.o
                0x0000000008002e08                lsm6dso_xl_data_rate_set
 .text.lsm6dso_xl_data_rate_get
                0x0000000008003000       0xd0 ./Drivers/BSP/Components/lsm6dso_reg.o
                0x0000000008003000                lsm6dso_xl_data_rate_get
 .text.lsm6dso_gy_full_scale_set
                0x00000000080030d0       0x4c ./Drivers/BSP/Components/lsm6dso_reg.o
                0x00000000080030d0                lsm6dso_gy_full_scale_set
 .text.lsm6dso_gy_full_scale_get
                0x000000000800311c       0x84 ./Drivers/BSP/Components/lsm6dso_reg.o
                0x000000000800311c                lsm6dso_gy_full_scale_get
 .text.lsm6dso_gy_data_rate_set
                0x00000000080031a0      0x1f8 ./Drivers/BSP/Components/lsm6dso_reg.o
                0x00000000080031a0                lsm6dso_gy_data_rate_set
 .text.lsm6dso_gy_data_rate_get
                0x0000000008003398       0xc4 ./Drivers/BSP/Components/lsm6dso_reg.o
                0x0000000008003398                lsm6dso_gy_data_rate_get
 .text.lsm6dso_block_data_update_set
                0x000000000800345c       0x4c ./Drivers/BSP/Components/lsm6dso_reg.o
                0x000000000800345c                lsm6dso_block_data_update_set
 .text.lsm6dso_angular_rate_raw_get
                0x00000000080034a8       0x96 ./Drivers/BSP/Components/lsm6dso_reg.o
                0x00000000080034a8                lsm6dso_angular_rate_raw_get
 .text.lsm6dso_acceleration_raw_get
                0x000000000800353e       0x96 ./Drivers/BSP/Components/lsm6dso_reg.o
                0x000000000800353e                lsm6dso_acceleration_raw_get
 .text.lsm6dso_number_of_steps_get
                0x00000000080035d4       0x60 ./Drivers/BSP/Components/lsm6dso_reg.o
                0x00000000080035d4                lsm6dso_number_of_steps_get
 .text.lsm6dso_steps_reset
                0x0000000008003634       0x60 ./Drivers/BSP/Components/lsm6dso_reg.o
                0x0000000008003634                lsm6dso_steps_reset
 .text.lsm6dso_mem_bank_set
                0x0000000008003694       0x4c ./Drivers/BSP/Components/lsm6dso_reg.o
                0x0000000008003694                lsm6dso_mem_bank_set
 .text.lsm6dso_ln_pg_write_byte
                0x00000000080036e0      0x116 ./Drivers/BSP/Components/lsm6dso_reg.o
                0x00000000080036e0                lsm6dso_ln_pg_write_byte
 .text.lsm6dso_ln_pg_read_byte
                0x00000000080037f6      0x116 ./Drivers/BSP/Components/lsm6dso_reg.o
                0x00000000080037f6                lsm6dso_ln_pg_read_byte
 .text.lsm6dso_device_id_get
                0x000000000800390c       0x22 ./Drivers/BSP/Components/lsm6dso_reg.o
                0x000000000800390c                lsm6dso_device_id_get
 .text.lsm6dso_auto_increment_set
                0x000000000800392e       0x4c ./Drivers/BSP/Components/lsm6dso_reg.o
                0x000000000800392e                lsm6dso_auto_increment_set
 .text.lsm6dso_i3c_disable_set
                0x000000000800397a       0x8c ./Drivers/BSP/Components/lsm6dso_reg.o
                0x000000000800397a                lsm6dso_i3c_disable_set
 .text.lsm6dso_fifo_mode_set
                0x0000000008003a06       0x4c ./Drivers/BSP/Components/lsm6dso_reg.o
                0x0000000008003a06                lsm6dso_fifo_mode_set
 .text.lsm6dso_pedo_sens_set
                0x0000000008003a52       0x64 ./Drivers/BSP/Components/lsm6dso_reg.o
                0x0000000008003a52                lsm6dso_pedo_sens_set
 .text.lsm6dso_tilt_flag_data_ready_get
                0x0000000008003ab6       0x52 ./Drivers/BSP/Components/lsm6dso_reg.o
                0x0000000008003ab6                lsm6dso_tilt_flag_data_ready_get
 .text.lsm6dso_fsm_enable_get
                0x0000000008003b08       0x42 ./Drivers/BSP/Components/lsm6dso_reg.o
                0x0000000008003b08                lsm6dso_fsm_enable_get
 *fill*         0x0000000008003b4a        0x2 
 .text.lsm6dso_fsm_data_rate_get
                0x0000000008003b4c       0x90 ./Drivers/BSP/Components/lsm6dso_reg.o
                0x0000000008003b4c                lsm6dso_fsm_data_rate_get
 .text.lsm6dso_pin_int1_route_set
                0x0000000008003bdc      0x726 ./Drivers/BSP/Components/lsm6dso_reg.o
                0x0000000008003bdc                lsm6dso_pin_int1_route_set
 .text.lsm6dso_pin_int1_route_get
                0x0000000008004302      0x3c2 ./Drivers/BSP/Components/lsm6dso_reg.o
                0x0000000008004302                lsm6dso_pin_int1_route_get
 .text.lsm6dso_pin_int2_route_get
                0x00000000080046c4      0x3d8 ./Drivers/BSP/Components/lsm6dso_reg.o
                0x00000000080046c4                lsm6dso_pin_int2_route_get
 .text.lsm6dso_embedded_sens_set
                0x0000000008004a9c       0xf2 ./Drivers/BSP/Components/lsm6dso_reg.o
                0x0000000008004a9c                lsm6dso_embedded_sens_set
 .text.lsm6dso_embedded_sens_get
                0x0000000008004b8e       0xc6 ./Drivers/BSP/Components/lsm6dso_reg.o
                0x0000000008004b8e                lsm6dso_embedded_sens_get
 .text.lsm6dso_embedded_sens_off
                0x0000000008004c54       0xb4 ./Drivers/BSP/Components/lsm6dso_reg.o
                0x0000000008004c54                lsm6dso_embedded_sens_off
 .text.BSP_LED_Init
                0x0000000008004d08       0x24 ./Drivers/BSP/custom/custom.o
                0x0000000008004d08                BSP_LED_Init
 .text.BSP_LED_On
                0x0000000008004d2c       0x2c ./Drivers/BSP/custom/custom.o
                0x0000000008004d2c                BSP_LED_On
 .text.BSP_LED_Off
                0x0000000008004d58       0x2c ./Drivers/BSP/custom/custom.o
                0x0000000008004d58                BSP_LED_Off
 .text.LED_USER_GPIO_Init
                0x0000000008004d84       0x80 ./Drivers/BSP/custom/custom.o
 .text.BSP_PB_Init
                0x0000000008004e04       0xa8 ./Drivers/BSP/custom/custom.o
                0x0000000008004e04                BSP_PB_Init
 .text.BSP_PB_GetState
                0x0000000008004eac       0x38 ./Drivers/BSP/custom/custom.o
                0x0000000008004eac                BSP_PB_GetState
 .text.BUTTON_USER_EXTI_Callback
                0x0000000008004ee4        0xe ./Drivers/BSP/custom/custom.o
 *fill*         0x0000000008004ef2        0x2 
 .text.BUTTON_USER_GPIO_Init
                0x0000000008004ef4       0x74 ./Drivers/BSP/custom/custom.o
 .text.BSP_COM_Init
                0x0000000008004f68       0x7c ./Drivers/BSP/custom/custom.o
                0x0000000008004f68                BSP_COM_Init
 .text.MX_USART1_UART_Init
                0x0000000008004fe4       0xa4 ./Drivers/BSP/custom/custom.o
                0x0000000008004fe4                MX_USART1_UART_Init
 .text.__io_putchar
                0x0000000008005088       0x38 ./Drivers/BSP/custom/custom.o
                0x0000000008005088                __io_putchar
 .text.USART1_MspInit
                0x00000000080050c0       0xbc ./Drivers/BSP/custom/custom.o
 .text.SystemInit
                0x000000000800517c       0x24 ./Drivers/CMSIS/system_stm32l4xx.o
                0x000000000800517c                SystemInit
 .text.HAL_Init
                0x00000000080051a0       0x30 ./Drivers/STM32L4xx_HAL_Driver/stm32l4xx_hal.o
                0x00000000080051a0                HAL_Init
 .text.HAL_InitTick
                0x00000000080051d0       0x78 ./Drivers/STM32L4xx_HAL_Driver/stm32l4xx_hal.o
                0x00000000080051d0                HAL_InitTick
 .text.HAL_IncTick
                0x0000000008005248       0x28 ./Drivers/STM32L4xx_HAL_Driver/stm32l4xx_hal.o
                0x0000000008005248                HAL_IncTick
 .text.HAL_GetTick
                0x0000000008005270       0x18 ./Drivers/STM32L4xx_HAL_Driver/stm32l4xx_hal.o
                0x0000000008005270                HAL_GetTick
 .text.HAL_Delay
                0x0000000008005288       0x48 ./Drivers/STM32L4xx_HAL_Driver/stm32l4xx_hal.o
                0x0000000008005288                HAL_Delay
 .text.__NVIC_SetPriorityGrouping
                0x00000000080052d0       0x48 ./Drivers/STM32L4xx_HAL_Driver/stm32l4xx_hal_cortex.o
 .text.__NVIC_GetPriorityGrouping
                0x0000000008005318       0x1c ./Drivers/STM32L4xx_HAL_Driver/stm32l4xx_hal_cortex.o
 .text.__NVIC_EnableIRQ
                0x0000000008005334       0x3c ./Drivers/STM32L4xx_HAL_Driver/stm32l4xx_hal_cortex.o
 .text.__NVIC_SetPriority
                0x0000000008005370       0x54 ./Drivers/STM32L4xx_HAL_Driver/stm32l4xx_hal_cortex.o
 .text.NVIC_EncodePriority
                0x00000000080053c4       0x66 ./Drivers/STM32L4xx_HAL_Driver/stm32l4xx_hal_cortex.o
 *fill*         0x000000000800542a        0x2 
 .text.SysTick_Config
                0x000000000800542c       0x44 ./Drivers/STM32L4xx_HAL_Driver/stm32l4xx_hal_cortex.o
 .text.HAL_NVIC_SetPriorityGrouping
                0x0000000008005470       0x16 ./Drivers/STM32L4xx_HAL_Driver/stm32l4xx_hal_cortex.o
                0x0000000008005470                HAL_NVIC_SetPriorityGrouping
 .text.HAL_NVIC_SetPriority
                0x0000000008005486       0x38 ./Drivers/STM32L4xx_HAL_Driver/stm32l4xx_hal_cortex.o
                0x0000000008005486                HAL_NVIC_SetPriority
 .text.HAL_NVIC_EnableIRQ
                0x00000000080054be       0x1c ./Drivers/STM32L4xx_HAL_Driver/stm32l4xx_hal_cortex.o
                0x00000000080054be                HAL_NVIC_EnableIRQ
 .text.HAL_SYSTICK_Config
                0x00000000080054da       0x18 ./Drivers/STM32L4xx_HAL_Driver/stm32l4xx_hal_cortex.o
                0x00000000080054da                HAL_SYSTICK_Config
 *fill*         0x00000000080054f2        0x2 
 .text.HAL_CRC_Init
                0x00000000080054f4       0xc8 ./Drivers/STM32L4xx_HAL_Driver/stm32l4xx_hal_crc.o
                0x00000000080054f4                HAL_CRC_Init
 .text.HAL_CRCEx_Polynomial_Set
                0x00000000080055bc      0x10c ./Drivers/STM32L4xx_HAL_Driver/stm32l4xx_hal_crc_ex.o
                0x00000000080055bc                HAL_CRCEx_Polynomial_Set
 .text.HAL_EXTI_RegisterCallback
                0x00000000080056c8       0x34 ./Drivers/STM32L4xx_HAL_Driver/stm32l4xx_hal_exti.o
                0x00000000080056c8                HAL_EXTI_RegisterCallback
 .text.HAL_EXTI_GetHandle
                0x00000000080056fc       0x28 ./Drivers/STM32L4xx_HAL_Driver/stm32l4xx_hal_exti.o
                0x00000000080056fc                HAL_EXTI_GetHandle
 .text.HAL_GPIO_Init
                0x0000000008005724      0x324 ./Drivers/STM32L4xx_HAL_Driver/stm32l4xx_hal_gpio.o
                0x0000000008005724                HAL_GPIO_Init
 .text.HAL_GPIO_DeInit
                0x0000000008005a48      0x1e4 ./Drivers/STM32L4xx_HAL_Driver/stm32l4xx_hal_gpio.o
                0x0000000008005a48                HAL_GPIO_DeInit
 .text.HAL_GPIO_ReadPin
                0x0000000008005c2c       0x30 ./Drivers/STM32L4xx_HAL_Driver/stm32l4xx_hal_gpio.o
                0x0000000008005c2c                HAL_GPIO_ReadPin
 .text.HAL_GPIO_WritePin
                0x0000000008005c5c       0x30 ./Drivers/STM32L4xx_HAL_Driver/stm32l4xx_hal_gpio.o
                0x0000000008005c5c                HAL_GPIO_WritePin
 .text.HAL_I2C_Init
                0x0000000008005c8c      0x11e ./Drivers/STM32L4xx_HAL_Driver/stm32l4xx_hal_i2c.o
                0x0000000008005c8c                HAL_I2C_Init
 .text.HAL_I2C_DeInit
                0x0000000008005daa       0x5e ./Drivers/STM32L4xx_HAL_Driver/stm32l4xx_hal_i2c.o
                0x0000000008005daa                HAL_I2C_DeInit
 .text.HAL_I2C_MspInit
                0x0000000008005e08       0x14 ./Drivers/STM32L4xx_HAL_Driver/stm32l4xx_hal_i2c.o
                0x0000000008005e08                HAL_I2C_MspInit
 .text.HAL_I2C_MspDeInit
                0x0000000008005e1c       0x14 ./Drivers/STM32L4xx_HAL_Driver/stm32l4xx_hal_i2c.o
                0x0000000008005e1c                HAL_I2C_MspDeInit
 .text.HAL_I2C_Mem_Write
                0x0000000008005e30      0x228 ./Drivers/STM32L4xx_HAL_Driver/stm32l4xx_hal_i2c.o
                0x0000000008005e30                HAL_I2C_Mem_Write
 .text.HAL_I2C_Mem_Read
                0x0000000008006058      0x234 ./Drivers/STM32L4xx_HAL_Driver/stm32l4xx_hal_i2c.o
                0x0000000008006058                HAL_I2C_Mem_Read
 .text.HAL_I2C_GetState
                0x000000000800628c       0x1c ./Drivers/STM32L4xx_HAL_Driver/stm32l4xx_hal_i2c.o
                0x000000000800628c                HAL_I2C_GetState
 .text.HAL_I2C_GetError
                0x00000000080062a8       0x18 ./Drivers/STM32L4xx_HAL_Driver/stm32l4xx_hal_i2c.o
                0x00000000080062a8                HAL_I2C_GetError
 .text.I2C_RequestMemoryWrite
                0x00000000080062c0       0xa8 ./Drivers/STM32L4xx_HAL_Driver/stm32l4xx_hal_i2c.o
 .text.I2C_RequestMemoryRead
                0x0000000008006368       0xa8 ./Drivers/STM32L4xx_HAL_Driver/stm32l4xx_hal_i2c.o
 .text.I2C_Flush_TXDR
                0x0000000008006410       0x48 ./Drivers/STM32L4xx_HAL_Driver/stm32l4xx_hal_i2c.o
 .text.I2C_WaitOnFlagUntilTimeout
                0x0000000008006458       0x80 ./Drivers/STM32L4xx_HAL_Driver/stm32l4xx_hal_i2c.o
 .text.I2C_WaitOnTXISFlagUntilTimeout
                0x00000000080064d8       0x80 ./Drivers/STM32L4xx_HAL_Driver/stm32l4xx_hal_i2c.o
 .text.I2C_WaitOnSTOPFlagUntilTimeout
                0x0000000008006558       0x78 ./Drivers/STM32L4xx_HAL_Driver/stm32l4xx_hal_i2c.o
 .text.I2C_IsErrorOccurred
                0x00000000080065d0      0x1d8 ./Drivers/STM32L4xx_HAL_Driver/stm32l4xx_hal_i2c.o
 .text.I2C_TransferConfig
                0x00000000080067a8       0x64 ./Drivers/STM32L4xx_HAL_Driver/stm32l4xx_hal_i2c.o
 .text.HAL_I2CEx_ConfigAnalogFilter
                0x000000000800680c       0x96 ./Drivers/STM32L4xx_HAL_Driver/stm32l4xx_hal_i2c_ex.o
                0x000000000800680c                HAL_I2CEx_ConfigAnalogFilter
 .text.HAL_I2CEx_ConfigDigitalFilter
                0x00000000080068a2       0x98 ./Drivers/STM32L4xx_HAL_Driver/stm32l4xx_hal_i2c_ex.o
                0x00000000080068a2                HAL_I2CEx_ConfigDigitalFilter
 *fill*         0x000000000800693a        0x2 
 .text.HAL_PWREx_GetVoltageRange
                0x000000000800693c       0x40 ./Drivers/STM32L4xx_HAL_Driver/stm32l4xx_hal_pwr_ex.o
                0x000000000800693c                HAL_PWREx_GetVoltageRange
 .text.HAL_PWREx_ControlVoltageScaling
                0x000000000800697c      0x148 ./Drivers/STM32L4xx_HAL_Driver/stm32l4xx_hal_pwr_ex.o
                0x000000000800697c                HAL_PWREx_ControlVoltageScaling
 .text.HAL_RCC_OscConfig
                0x0000000008006ac4      0x834 ./Drivers/STM32L4xx_HAL_Driver/stm32l4xx_hal_rcc.o
                0x0000000008006ac4                HAL_RCC_OscConfig
 .text.HAL_RCC_ClockConfig
                0x00000000080072f8      0x274 ./Drivers/STM32L4xx_HAL_Driver/stm32l4xx_hal_rcc.o
                0x00000000080072f8                HAL_RCC_ClockConfig
 .text.HAL_RCC_GetSysClockFreq
                0x000000000800756c      0x118 ./Drivers/STM32L4xx_HAL_Driver/stm32l4xx_hal_rcc.o
                0x000000000800756c                HAL_RCC_GetSysClockFreq
 .text.HAL_RCC_GetHCLKFreq
                0x0000000008007684       0x18 ./Drivers/STM32L4xx_HAL_Driver/stm32l4xx_hal_rcc.o
                0x0000000008007684                HAL_RCC_GetHCLKFreq
 .text.HAL_RCC_GetPCLK1Freq
                0x000000000800769c       0x2c ./Drivers/STM32L4xx_HAL_Driver/stm32l4xx_hal_rcc.o
                0x000000000800769c                HAL_RCC_GetPCLK1Freq
 .text.HAL_RCC_GetPCLK2Freq
                0x00000000080076c8       0x2c ./Drivers/STM32L4xx_HAL_Driver/stm32l4xx_hal_rcc.o
                0x00000000080076c8                HAL_RCC_GetPCLK2Freq
 .text.RCC_SetFlashLatencyFromMSIRange
                0x00000000080076f4       0xb4 ./Drivers/STM32L4xx_HAL_Driver/stm32l4xx_hal_rcc.o
 .text.RCC_GetSysClockFreqFromPLLSource
                0x00000000080077a8       0xcc ./Drivers/STM32L4xx_HAL_Driver/stm32l4xx_hal_rcc.o
 .text.HAL_RCCEx_PeriphCLKConfig
                0x0000000008007874      0x720 ./Drivers/STM32L4xx_HAL_Driver/stm32l4xx_hal_rcc_ex.o
                0x0000000008007874                HAL_RCCEx_PeriphCLKConfig
 .text.RCCEx_PLLSAI1_Config
                0x0000000008007f94      0x1e8 ./Drivers/STM32L4xx_HAL_Driver/stm32l4xx_hal_rcc_ex.o
 .text.RCCEx_PLLSAI2_Config
                0x000000000800817c      0x1e8 ./Drivers/STM32L4xx_HAL_Driver/stm32l4xx_hal_rcc_ex.o
 .text.HAL_RTC_Init
                0x0000000008008364       0xf6 ./Drivers/STM32L4xx_HAL_Driver/stm32l4xx_hal_rtc.o
                0x0000000008008364                HAL_RTC_Init
 .text.HAL_RTC_WaitForSynchro
                0x000000000800845a       0x4c ./Drivers/STM32L4xx_HAL_Driver/stm32l4xx_hal_rtc.o
                0x000000000800845a                HAL_RTC_WaitForSynchro
 .text.RTC_EnterInitMode
                0x00000000080084a6       0x66 ./Drivers/STM32L4xx_HAL_Driver/stm32l4xx_hal_rtc.o
                0x00000000080084a6                RTC_EnterInitMode
 .text.RTC_ExitInitMode
                0x000000000800850c       0x7c ./Drivers/STM32L4xx_HAL_Driver/stm32l4xx_hal_rtc.o
                0x000000000800850c                RTC_ExitInitMode
 .text.HAL_TIM_Base_Init
                0x0000000008008588       0xae ./Drivers/STM32L4xx_HAL_Driver/stm32l4xx_hal_tim.o
                0x0000000008008588                HAL_TIM_Base_Init
 .text.HAL_TIM_ConfigClockSource
                0x0000000008008636      0x192 ./Drivers/STM32L4xx_HAL_Driver/stm32l4xx_hal_tim.o
                0x0000000008008636                HAL_TIM_ConfigClockSource
 .text.TIM_Base_SetConfig
                0x00000000080087c8      0x134 ./Drivers/STM32L4xx_HAL_Driver/stm32l4xx_hal_tim.o
                0x00000000080087c8                TIM_Base_SetConfig
 .text.TIM_TI1_ConfigInputStage
                0x00000000080088fc       0x5e ./Drivers/STM32L4xx_HAL_Driver/stm32l4xx_hal_tim.o
 .text.TIM_TI2_ConfigInputStage
                0x000000000800895a       0x60 ./Drivers/STM32L4xx_HAL_Driver/stm32l4xx_hal_tim.o
 .text.TIM_ITRx_SetConfig
                0x00000000080089ba       0x36 ./Drivers/STM32L4xx_HAL_Driver/stm32l4xx_hal_tim.o
 .text.TIM_ETR_SetConfig
                0x00000000080089f0       0x40 ./Drivers/STM32L4xx_HAL_Driver/stm32l4xx_hal_tim.o
                0x00000000080089f0                TIM_ETR_SetConfig
 .text.HAL_TIMEx_MasterConfigSynchronization
                0x0000000008008a30      0x110 ./Drivers/STM32L4xx_HAL_Driver/stm32l4xx_hal_tim_ex.o
                0x0000000008008a30                HAL_TIMEx_MasterConfigSynchronization
 .text.HAL_UART_Init
                0x0000000008008b40       0xa0 ./Drivers/STM32L4xx_HAL_Driver/stm32l4xx_hal_uart.o
                0x0000000008008b40                HAL_UART_Init
 .text.HAL_UART_MspInit
                0x0000000008008be0       0x14 ./Drivers/STM32L4xx_HAL_Driver/stm32l4xx_hal_uart.o
                0x0000000008008be0                HAL_UART_MspInit
 .text.HAL_UART_Transmit
                0x0000000008008bf4      0x12e ./Drivers/STM32L4xx_HAL_Driver/stm32l4xx_hal_uart.o
                0x0000000008008bf4                HAL_UART_Transmit
 *fill*         0x0000000008008d22        0x2 
 .text.UART_SetConfig
                0x0000000008008d24      0x5f8 ./Drivers/STM32L4xx_HAL_Driver/stm32l4xx_hal_uart.o
                0x0000000008008d24                UART_SetConfig
 .text.UART_AdvFeatureConfig
                0x000000000800931c      0x144 ./Drivers/STM32L4xx_HAL_Driver/stm32l4xx_hal_uart.o
                0x000000000800931c                UART_AdvFeatureConfig
 .text.UART_CheckIdleState
                0x0000000008009460       0x96 ./Drivers/STM32L4xx_HAL_Driver/stm32l4xx_hal_uart.o
                0x0000000008009460                UART_CheckIdleState
 .text.UART_WaitOnFlagUntilTimeout
                0x00000000080094f6      0x190 ./Drivers/STM32L4xx_HAL_Driver/stm32l4xx_hal_uart.o
                0x00000000080094f6                UART_WaitOnFlagUntilTimeout
 .text.HAL_UARTEx_DisableFifoMode
                0x0000000008009686       0x72 ./Drivers/STM32L4xx_HAL_Driver/stm32l4xx_hal_uart_ex.o
                0x0000000008009686                HAL_UARTEx_DisableFifoMode
 .text.HAL_UARTEx_SetTxFifoThreshold
                0x00000000080096f8       0x7c ./Drivers/STM32L4xx_HAL_Driver/stm32l4xx_hal_uart_ex.o
                0x00000000080096f8                HAL_UARTEx_SetTxFifoThreshold
 .text.HAL_UARTEx_SetRxFifoThreshold
                0x0000000008009774       0x7c ./Drivers/STM32L4xx_HAL_Driver/stm32l4xx_hal_uart_ex.o
                0x0000000008009774                HAL_UARTEx_SetRxFifoThreshold
 .text.UARTEx_SetNbDataToProcess
                0x00000000080097f0       0x9c ./Drivers/STM32L4xx_HAL_Driver/stm32l4xx_hal_uart_ex.o
 .text.__errno  0x000000000800988c        0xc d:/program files (x86)/st/stm32cubeide_1.9.0/stm32cubeide/plugins/com.st.stm32cube.ide.mcu.externaltools.gnu-tools-for-stm32.10.3-2021.10.win32_1.0.0.202111181127/tools/bin/../lib/gcc/arm-none-eabi/10.3.1/../../../../arm-none-eabi/lib/thumb/v7e-m+fp/hard\libc_nano.a(lib_a-errno.o)
                0x000000000800988c                __errno
 .text.__libc_init_array
                0x0000000008009898       0x48 d:/program files (x86)/st/stm32cubeide_1.9.0/stm32cubeide/plugins/com.st.stm32cube.ide.mcu.externaltools.gnu-tools-for-stm32.10.3-2021.10.win32_1.0.0.202111181127/tools/bin/../lib/gcc/arm-none-eabi/10.3.1/../../../../arm-none-eabi/lib/thumb/v7e-m+fp/hard\libc_nano.a(lib_a-init.o)
                0x0000000008009898                __libc_init_array
 .text.memset   0x00000000080098e0       0x10 d:/program files (x86)/st/stm32cubeide_1.9.0/stm32cubeide/plugins/com.st.stm32cube.ide.mcu.externaltools.gnu-tools-for-stm32.10.3-2021.10.win32_1.0.0.202111181127/tools/bin/../lib/gcc/arm-none-eabi/10.3.1/../../../../arm-none-eabi/lib/thumb/v7e-m+fp/hard\libc_nano.a(lib_a-memset.o)
                0x00000000080098e0                memset
 .text.printf   0x00000000080098f0       0x30 d:/program files (x86)/st/stm32cubeide_1.9.0/stm32cubeide/plugins/com.st.stm32cube.ide.mcu.externaltools.gnu-tools-for-stm32.10.3-2021.10.win32_1.0.0.202111181127/tools/bin/../lib/gcc/arm-none-eabi/10.3.1/../../../../arm-none-eabi/lib/thumb/v7e-m+fp/hard\libc_nano.a(lib_a-printf.o)
                0x00000000080098f0                iprintf
                0x00000000080098f0                printf
 .text.snprintf
                0x0000000008009920       0x68 d:/program files (x86)/st/stm32cubeide_1.9.0/stm32cubeide/plugins/com.st.stm32cube.ide.mcu.externaltools.gnu-tools-for-stm32.10.3-2021.10.win32_1.0.0.202111181127/tools/bin/../lib/gcc/arm-none-eabi/10.3.1/../../../../arm-none-eabi/lib/thumb/v7e-m+fp/hard\libc_nano.a(lib_a-snprintf.o)
                0x0000000008009920                sniprintf
                0x0000000008009920                snprintf
 .text.std      0x0000000008009988       0x48 d:/program files (x86)/st/stm32cubeide_1.9.0/stm32cubeide/plugins/com.st.stm32cube.ide.mcu.externaltools.gnu-tools-for-stm32.10.3-2021.10.win32_1.0.0.202111181127/tools/bin/../lib/gcc/arm-none-eabi/10.3.1/../../../../arm-none-eabi/lib/thumb/v7e-m+fp/hard\libc_nano.a(lib_a-findfp.o)
 .text._cleanup_r
                0x00000000080099d0        0xc d:/program files (x86)/st/stm32cubeide_1.9.0/stm32cubeide/plugins/com.st.stm32cube.ide.mcu.externaltools.gnu-tools-for-stm32.10.3-2021.10.win32_1.0.0.202111181127/tools/bin/../lib/gcc/arm-none-eabi/10.3.1/../../../../arm-none-eabi/lib/thumb/v7e-m+fp/hard\libc_nano.a(lib_a-findfp.o)
                0x00000000080099d0                _cleanup_r
 .text.__sfmoreglue
                0x00000000080099dc       0x2c d:/program files (x86)/st/stm32cubeide_1.9.0/stm32cubeide/plugins/com.st.stm32cube.ide.mcu.externaltools.gnu-tools-for-stm32.10.3-2021.10.win32_1.0.0.202111181127/tools/bin/../lib/gcc/arm-none-eabi/10.3.1/../../../../arm-none-eabi/lib/thumb/v7e-m+fp/hard\libc_nano.a(lib_a-findfp.o)
                0x00000000080099dc                __sfmoreglue
 .text.__sfp_lock_acquire
                0x0000000008009a08        0xc d:/program files (x86)/st/stm32cubeide_1.9.0/stm32cubeide/plugins/com.st.stm32cube.ide.mcu.externaltools.gnu-tools-for-stm32.10.3-2021.10.win32_1.0.0.202111181127/tools/bin/../lib/gcc/arm-none-eabi/10.3.1/../../../../arm-none-eabi/lib/thumb/v7e-m+fp/hard\libc_nano.a(lib_a-findfp.o)
                0x0000000008009a08                __sfp_lock_acquire
 .text.__sfp_lock_release
                0x0000000008009a14        0xc d:/program files (x86)/st/stm32cubeide_1.9.0/stm32cubeide/plugins/com.st.stm32cube.ide.mcu.externaltools.gnu-tools-for-stm32.10.3-2021.10.win32_1.0.0.202111181127/tools/bin/../lib/gcc/arm-none-eabi/10.3.1/../../../../arm-none-eabi/lib/thumb/v7e-m+fp/hard\libc_nano.a(lib_a-findfp.o)
                0x0000000008009a14                __sfp_lock_release
 .text.__sinit_lock_acquire
                0x0000000008009a20        0xc d:/program files (x86)/st/stm32cubeide_1.9.0/stm32cubeide/plugins/com.st.stm32cube.ide.mcu.externaltools.gnu-tools-for-stm32.10.3-2021.10.win32_1.0.0.202111181127/tools/bin/../lib/gcc/arm-none-eabi/10.3.1/../../../../arm-none-eabi/lib/thumb/v7e-m+fp/hard\libc_nano.a(lib_a-findfp.o)
                0x0000000008009a20                __sinit_lock_acquire
 .text.__sinit_lock_release
                0x0000000008009a2c        0xc d:/program files (x86)/st/stm32cubeide_1.9.0/stm32cubeide/plugins/com.st.stm32cube.ide.mcu.externaltools.gnu-tools-for-stm32.10.3-2021.10.win32_1.0.0.202111181127/tools/bin/../lib/gcc/arm-none-eabi/10.3.1/../../../../arm-none-eabi/lib/thumb/v7e-m+fp/hard\libc_nano.a(lib_a-findfp.o)
                0x0000000008009a2c                __sinit_lock_release
 .text.__sinit  0x0000000008009a38       0x70 d:/program files (x86)/st/stm32cubeide_1.9.0/stm32cubeide/plugins/com.st.stm32cube.ide.mcu.externaltools.gnu-tools-for-stm32.10.3-2021.10.win32_1.0.0.202111181127/tools/bin/../lib/gcc/arm-none-eabi/10.3.1/../../../../arm-none-eabi/lib/thumb/v7e-m+fp/hard\libc_nano.a(lib_a-findfp.o)
                0x0000000008009a38                __sinit
 .text.__sfp    0x0000000008009aa8       0x8c d:/program files (x86)/st/stm32cubeide_1.9.0/stm32cubeide/plugins/com.st.stm32cube.ide.mcu.externaltools.gnu-tools-for-stm32.10.3-2021.10.win32_1.0.0.202111181127/tools/bin/../lib/gcc/arm-none-eabi/10.3.1/../../../../arm-none-eabi/lib/thumb/v7e-m+fp/hard\libc_nano.a(lib_a-findfp.o)
                0x0000000008009aa8                __sfp
 .text._fwalk_reent
                0x0000000008009b34       0x3e d:/program files (x86)/st/stm32cubeide_1.9.0/stm32cubeide/plugins/com.st.stm32cube.ide.mcu.externaltools.gnu-tools-for-stm32.10.3-2021.10.win32_1.0.0.202111181127/tools/bin/../lib/gcc/arm-none-eabi/10.3.1/../../../../arm-none-eabi/lib/thumb/v7e-m+fp/hard\libc_nano.a(lib_a-fwalk.o)
                0x0000000008009b34                _fwalk_reent
 .text.__retarget_lock_init_recursive
                0x0000000008009b72        0x2 d:/program files (x86)/st/stm32cubeide_1.9.0/stm32cubeide/plugins/com.st.stm32cube.ide.mcu.externaltools.gnu-tools-for-stm32.10.3-2021.10.win32_1.0.0.202111181127/tools/bin/../lib/gcc/arm-none-eabi/10.3.1/../../../../arm-none-eabi/lib/thumb/v7e-m+fp/hard\libc_nano.a(lib_a-lock.o)
                0x0000000008009b72                __retarget_lock_init_recursive
 .text.__retarget_lock_acquire_recursive
                0x0000000008009b74        0x2 d:/program files (x86)/st/stm32cubeide_1.9.0/stm32cubeide/plugins/com.st.stm32cube.ide.mcu.externaltools.gnu-tools-for-stm32.10.3-2021.10.win32_1.0.0.202111181127/tools/bin/../lib/gcc/arm-none-eabi/10.3.1/../../../../arm-none-eabi/lib/thumb/v7e-m+fp/hard\libc_nano.a(lib_a-lock.o)
                0x0000000008009b74                __retarget_lock_acquire_recursive
 .text.__retarget_lock_release_recursive
                0x0000000008009b76        0x2 d:/program files (x86)/st/stm32cubeide_1.9.0/stm32cubeide/plugins/com.st.stm32cube.ide.mcu.externaltools.gnu-tools-for-stm32.10.3-2021.10.win32_1.0.0.202111181127/tools/bin/../lib/gcc/arm-none-eabi/10.3.1/../../../../arm-none-eabi/lib/thumb/v7e-m+fp/hard\libc_nano.a(lib_a-lock.o)
                0x0000000008009b76                __retarget_lock_release_recursive
 .text.sbrk_aligned
                0x0000000008009b78       0x40 d:/program files (x86)/st/stm32cubeide_1.9.0/stm32cubeide/plugins/com.st.stm32cube.ide.mcu.externaltools.gnu-tools-for-stm32.10.3-2021.10.win32_1.0.0.202111181127/tools/bin/../lib/gcc/arm-none-eabi/10.3.1/../../../../arm-none-eabi/lib/thumb/v7e-m+fp/hard\libc_nano.a(lib_a-nano-mallocr.o)
 .text._malloc_r
                0x0000000008009bb8       0xe8 d:/program files (x86)/st/stm32cubeide_1.9.0/stm32cubeide/plugins/com.st.stm32cube.ide.mcu.externaltools.gnu-tools-for-stm32.10.3-2021.10.win32_1.0.0.202111181127/tools/bin/../lib/gcc/arm-none-eabi/10.3.1/../../../../arm-none-eabi/lib/thumb/v7e-m+fp/hard\libc_nano.a(lib_a-nano-mallocr.o)
                0x0000000008009bb8                _malloc_r
 .text.__ssputs_r
                0x0000000008009ca0       0xb6 d:/program files (x86)/st/stm32cubeide_1.9.0/stm32cubeide/plugins/com.st.stm32cube.ide.mcu.externaltools.gnu-tools-for-stm32.10.3-2021.10.win32_1.0.0.202111181127/tools/bin/../lib/gcc/arm-none-eabi/10.3.1/../../../../arm-none-eabi/lib/thumb/v7e-m+fp/hard\libc_nano.a(lib_a-nano-svfprintf.o)
                0x0000000008009ca0                __ssputs_r
 *fill*         0x0000000008009d56        0x2 
 .text._svfprintf_r
                0x0000000008009d58      0x200 d:/program files (x86)/st/stm32cubeide_1.9.0/stm32cubeide/plugins/com.st.stm32cube.ide.mcu.externaltools.gnu-tools-for-stm32.10.3-2021.10.win32_1.0.0.202111181127/tools/bin/../lib/gcc/arm-none-eabi/10.3.1/../../../../arm-none-eabi/lib/thumb/v7e-m+fp/hard\libc_nano.a(lib_a-nano-svfprintf.o)
                0x0000000008009d58                _svfiprintf_r
                0x0000000008009d58                _svfprintf_r
 .text.__sfputc_r
                0x0000000008009f58       0x2e d:/program files (x86)/st/stm32cubeide_1.9.0/stm32cubeide/plugins/com.st.stm32cube.ide.mcu.externaltools.gnu-tools-for-stm32.10.3-2021.10.win32_1.0.0.202111181127/tools/bin/../lib/gcc/arm-none-eabi/10.3.1/../../../../arm-none-eabi/lib/thumb/v7e-m+fp/hard\libc_nano.a(lib_a-nano-vfprintf.o)
 .text.__sfputs_r
                0x0000000008009f86       0x24 d:/program files (x86)/st/stm32cubeide_1.9.0/stm32cubeide/plugins/com.st.stm32cube.ide.mcu.externaltools.gnu-tools-for-stm32.10.3-2021.10.win32_1.0.0.202111181127/tools/bin/../lib/gcc/arm-none-eabi/10.3.1/../../../../arm-none-eabi/lib/thumb/v7e-m+fp/hard\libc_nano.a(lib_a-nano-vfprintf.o)
                0x0000000008009f86                __sfputs_r
 *fill*         0x0000000008009faa        0x2 
 .text._vfprintf_r
                0x0000000008009fac      0x260 d:/program files (x86)/st/stm32cubeide_1.9.0/stm32cubeide/plugins/com.st.stm32cube.ide.mcu.externaltools.gnu-tools-for-stm32.10.3-2021.10.win32_1.0.0.202111181127/tools/bin/../lib/gcc/arm-none-eabi/10.3.1/../../../../arm-none-eabi/lib/thumb/v7e-m+fp/hard\libc_nano.a(lib_a-nano-vfprintf.o)
                0x0000000008009fac                _vfprintf_r
                0x0000000008009fac                _vfiprintf_r
 .text._printf_common
                0x000000000800a20c       0xda d:/program files (x86)/st/stm32cubeide_1.9.0/stm32cubeide/plugins/com.st.stm32cube.ide.mcu.externaltools.gnu-tools-for-stm32.10.3-2021.10.win32_1.0.0.202111181127/tools/bin/../lib/gcc/arm-none-eabi/10.3.1/../../../../arm-none-eabi/lib/thumb/v7e-m+fp/hard\libc_nano.a(lib_a-nano-vfprintf_i.o)
                0x000000000800a20c                _printf_common
 *fill*         0x000000000800a2e6        0x2 
 .text._printf_i
                0x000000000800a2e8      0x24c d:/program files (x86)/st/stm32cubeide_1.9.0/stm32cubeide/plugins/com.st.stm32cube.ide.mcu.externaltools.gnu-tools-for-stm32.10.3-2021.10.win32_1.0.0.202111181127/tools/bin/../lib/gcc/arm-none-eabi/10.3.1/../../../../arm-none-eabi/lib/thumb/v7e-m+fp/hard\libc_nano.a(lib_a-nano-vfprintf_i.o)
                0x000000000800a2e8                _printf_i
 .text._sbrk_r  0x000000000800a534       0x20 d:/program files (x86)/st/stm32cubeide_1.9.0/stm32cubeide/plugins/com.st.stm32cube.ide.mcu.externaltools.gnu-tools-for-stm32.10.3-2021.10.win32_1.0.0.202111181127/tools/bin/../lib/gcc/arm-none-eabi/10.3.1/../../../../arm-none-eabi/lib/thumb/v7e-m+fp/hard\libc_nano.a(lib_a-sbrkr.o)
                0x000000000800a534                _sbrk_r
 .text.__sread  0x000000000800a554       0x22 d:/program files (x86)/st/stm32cubeide_1.9.0/stm32cubeide/plugins/com.st.stm32cube.ide.mcu.externaltools.gnu-tools-for-stm32.10.3-2021.10.win32_1.0.0.202111181127/tools/bin/../lib/gcc/arm-none-eabi/10.3.1/../../../../arm-none-eabi/lib/thumb/v7e-m+fp/hard\libc_nano.a(lib_a-stdio.o)
                0x000000000800a554                __sread
 .text.__swrite
                0x000000000800a576       0x38 d:/program files (x86)/st/stm32cubeide_1.9.0/stm32cubeide/plugins/com.st.stm32cube.ide.mcu.externaltools.gnu-tools-for-stm32.10.3-2021.10.win32_1.0.0.202111181127/tools/bin/../lib/gcc/arm-none-eabi/10.3.1/../../../../arm-none-eabi/lib/thumb/v7e-m+fp/hard\libc_nano.a(lib_a-stdio.o)
                0x000000000800a576                __swrite
 .text.__sseek  0x000000000800a5ae       0x24 d:/program files (x86)/st/stm32cubeide_1.9.0/stm32cubeide/plugins/com.st.stm32cube.ide.mcu.externaltools.gnu-tools-for-stm32.10.3-2021.10.win32_1.0.0.202111181127/tools/bin/../lib/gcc/arm-none-eabi/10.3.1/../../../../arm-none-eabi/lib/thumb/v7e-m+fp/hard\libc_nano.a(lib_a-stdio.o)
                0x000000000800a5ae                __sseek
 .text.__sclose
                0x000000000800a5d2        0x8 d:/program files (x86)/st/stm32cubeide_1.9.0/stm32cubeide/plugins/com.st.stm32cube.ide.mcu.externaltools.gnu-tools-for-stm32.10.3-2021.10.win32_1.0.0.202111181127/tools/bin/../lib/gcc/arm-none-eabi/10.3.1/../../../../arm-none-eabi/lib/thumb/v7e-m+fp/hard\libc_nano.a(lib_a-stdio.o)
                0x000000000800a5d2                __sclose
 *fill*         0x000000000800a5da        0x2 
 .text.__swbuf_r
                0x000000000800a5dc       0xa4 d:/program files (x86)/st/stm32cubeide_1.9.0/stm32cubeide/plugins/com.st.stm32cube.ide.mcu.externaltools.gnu-tools-for-stm32.10.3-2021.10.win32_1.0.0.202111181127/tools/bin/../lib/gcc/arm-none-eabi/10.3.1/../../../../arm-none-eabi/lib/thumb/v7e-m+fp/hard\libc_nano.a(lib_a-wbuf.o)
                0x000000000800a5dc                __swbuf_r
 .text._write_r
                0x000000000800a680       0x24 d:/program files (x86)/st/stm32cubeide_1.9.0/stm32cubeide/plugins/com.st.stm32cube.ide.mcu.externaltools.gnu-tools-for-stm32.10.3-2021.10.win32_1.0.0.202111181127/tools/bin/../lib/gcc/arm-none-eabi/10.3.1/../../../../arm-none-eabi/lib/thumb/v7e-m+fp/hard\libc_nano.a(lib_a-writer.o)
                0x000000000800a680                _write_r
 .text.__swsetup_r
                0x000000000800a6a4       0xdc d:/program files (x86)/st/stm32cubeide_1.9.0/stm32cubeide/plugins/com.st.stm32cube.ide.mcu.externaltools.gnu-tools-for-stm32.10.3-2021.10.win32_1.0.0.202111181127/tools/bin/../lib/gcc/arm-none-eabi/10.3.1/../../../../arm-none-eabi/lib/thumb/v7e-m+fp/hard\libc_nano.a(lib_a-wsetup.o)
                0x000000000800a6a4                __swsetup_r
 .text._close_r
                0x000000000800a780       0x20 d:/program files (x86)/st/stm32cubeide_1.9.0/stm32cubeide/plugins/com.st.stm32cube.ide.mcu.externaltools.gnu-tools-for-stm32.10.3-2021.10.win32_1.0.0.202111181127/tools/bin/../lib/gcc/arm-none-eabi/10.3.1/../../../../arm-none-eabi/lib/thumb/v7e-m+fp/hard\libc_nano.a(lib_a-closer.o)
                0x000000000800a780                _close_r
 .text.__sflush_r
                0x000000000800a7a0      0x10c d:/program files (x86)/st/stm32cubeide_1.9.0/stm32cubeide/plugins/com.st.stm32cube.ide.mcu.externaltools.gnu-tools-for-stm32.10.3-2021.10.win32_1.0.0.202111181127/tools/bin/../lib/gcc/arm-none-eabi/10.3.1/../../../../arm-none-eabi/lib/thumb/v7e-m+fp/hard\libc_nano.a(lib_a-fflush.o)
                0x000000000800a7a0                __sflush_r
 .text._fflush_r
                0x000000000800a8ac       0x78 d:/program files (x86)/st/stm32cubeide_1.9.0/stm32cubeide/plugins/com.st.stm32cube.ide.mcu.externaltools.gnu-tools-for-stm32.10.3-2021.10.win32_1.0.0.202111181127/tools/bin/../lib/gcc/arm-none-eabi/10.3.1/../../../../arm-none-eabi/lib/thumb/v7e-m+fp/hard\libc_nano.a(lib_a-fflush.o)
                0x000000000800a8ac                _fflush_r
 .text._lseek_r
                0x000000000800a924       0x24 d:/program files (x86)/st/stm32cubeide_1.9.0/stm32cubeide/plugins/com.st.stm32cube.ide.mcu.externaltools.gnu-tools-for-stm32.10.3-2021.10.win32_1.0.0.202111181127/tools/bin/../lib/gcc/arm-none-eabi/10.3.1/../../../../arm-none-eabi/lib/thumb/v7e-m+fp/hard\libc_nano.a(lib_a-lseekr.o)
                0x000000000800a924                _lseek_r
 .text.__swhatbuf_r
                0x000000000800a948       0x4a d:/program files (x86)/st/stm32cubeide_1.9.0/stm32cubeide/plugins/com.st.stm32cube.ide.mcu.externaltools.gnu-tools-for-stm32.10.3-2021.10.win32_1.0.0.202111181127/tools/bin/../lib/gcc/arm-none-eabi/10.3.1/../../../../arm-none-eabi/lib/thumb/v7e-m+fp/hard\libc_nano.a(lib_a-makebuf.o)
                0x000000000800a948                __swhatbuf_r
 *fill*         0x000000000800a992        0x2 
 .text.__smakebuf_r
                0x000000000800a994       0x80 d:/program files (x86)/st/stm32cubeide_1.9.0/stm32cubeide/plugins/com.st.stm32cube.ide.mcu.externaltools.gnu-tools-for-stm32.10.3-2021.10.win32_1.0.0.202111181127/tools/bin/../lib/gcc/arm-none-eabi/10.3.1/../../../../arm-none-eabi/lib/thumb/v7e-m+fp/hard\libc_nano.a(lib_a-makebuf.o)
                0x000000000800a994                __smakebuf_r
 .text.memcpy   0x000000000800aa14       0x1c d:/program files (x86)/st/stm32cubeide_1.9.0/stm32cubeide/plugins/com.st.stm32cube.ide.mcu.externaltools.gnu-tools-for-stm32.10.3-2021.10.win32_1.0.0.202111181127/tools/bin/../lib/gcc/arm-none-eabi/10.3.1/../../../../arm-none-eabi/lib/thumb/v7e-m+fp/hard\libc_nano.a(lib_a-memcpy-stub.o)
                0x000000000800aa14                memcpy
 .text.memmove  0x000000000800aa30       0x34 d:/program files (x86)/st/stm32cubeide_1.9.0/stm32cubeide/plugins/com.st.stm32cube.ide.mcu.externaltools.gnu-tools-for-stm32.10.3-2021.10.win32_1.0.0.202111181127/tools/bin/../lib/gcc/arm-none-eabi/10.3.1/../../../../arm-none-eabi/lib/thumb/v7e-m+fp/hard\libc_nano.a(lib_a-memmove.o)
                0x000000000800aa30                memmove
 .text.__malloc_lock
                0x000000000800aa64        0xc d:/program files (x86)/st/stm32cubeide_1.9.0/stm32cubeide/plugins/com.st.stm32cube.ide.mcu.externaltools.gnu-tools-for-stm32.10.3-2021.10.win32_1.0.0.202111181127/tools/bin/../lib/gcc/arm-none-eabi/10.3.1/../../../../arm-none-eabi/lib/thumb/v7e-m+fp/hard\libc_nano.a(lib_a-mlock.o)
                0x000000000800aa64                __malloc_lock
 .text.__malloc_unlock
                0x000000000800aa70        0xc d:/program files (x86)/st/stm32cubeide_1.9.0/stm32cubeide/plugins/com.st.stm32cube.ide.mcu.externaltools.gnu-tools-for-stm32.10.3-2021.10.win32_1.0.0.202111181127/tools/bin/../lib/gcc/arm-none-eabi/10.3.1/../../../../arm-none-eabi/lib/thumb/v7e-m+fp/hard\libc_nano.a(lib_a-mlock.o)
                0x000000000800aa70                __malloc_unlock
 .text._free_r  0x000000000800aa7c       0x98 d:/program files (x86)/st/stm32cubeide_1.9.0/stm32cubeide/plugins/com.st.stm32cube.ide.mcu.externaltools.gnu-tools-for-stm32.10.3-2021.10.win32_1.0.0.202111181127/tools/bin/../lib/gcc/arm-none-eabi/10.3.1/../../../../arm-none-eabi/lib/thumb/v7e-m+fp/hard\libc_nano.a(lib_a-nano-freer.o)
                0x000000000800aa7c                _free_r
 .text._realloc_r
                0x000000000800ab14       0x5e d:/program files (x86)/st/stm32cubeide_1.9.0/stm32cubeide/plugins/com.st.stm32cube.ide.mcu.externaltools.gnu-tools-for-stm32.10.3-2021.10.win32_1.0.0.202111181127/tools/bin/../lib/gcc/arm-none-eabi/10.3.1/../../../../arm-none-eabi/lib/thumb/v7e-m+fp/hard\libc_nano.a(lib_a-nano-reallocr.o)
                0x000000000800ab14                _realloc_r
 *fill*         0x000000000800ab72        0x2 
 .text._read_r  0x000000000800ab74       0x24 d:/program files (x86)/st/stm32cubeide_1.9.0/stm32cubeide/plugins/com.st.stm32cube.ide.mcu.externaltools.gnu-tools-for-stm32.10.3-2021.10.win32_1.0.0.202111181127/tools/bin/../lib/gcc/arm-none-eabi/10.3.1/../../../../arm-none-eabi/lib/thumb/v7e-m+fp/hard\libc_nano.a(lib_a-readr.o)
                0x000000000800ab74                _read_r
 .text._fstat_r
                0x000000000800ab98       0x24 d:/program files (x86)/st/stm32cubeide_1.9.0/stm32cubeide/plugins/com.st.stm32cube.ide.mcu.externaltools.gnu-tools-for-stm32.10.3-2021.10.win32_1.0.0.202111181127/tools/bin/../lib/gcc/arm-none-eabi/10.3.1/../../../../arm-none-eabi/lib/thumb/v7e-m+fp/hard\libc_nano.a(lib_a-fstatr.o)
                0x000000000800ab98                _fstat_r
 .text._isatty_r
                0x000000000800abbc       0x20 d:/program files (x86)/st/stm32cubeide_1.9.0/stm32cubeide/plugins/com.st.stm32cube.ide.mcu.externaltools.gnu-tools-for-stm32.10.3-2021.10.win32_1.0.0.202111181127/tools/bin/../lib/gcc/arm-none-eabi/10.3.1/../../../../arm-none-eabi/lib/thumb/v7e-m+fp/hard\libc_nano.a(lib_a-isattyr.o)
                0x000000000800abbc                _isatty_r
 .text._malloc_usable_size_r
                0x000000000800abdc       0x10 d:/program files (x86)/st/stm32cubeide_1.9.0/stm32cubeide/plugins/com.st.stm32cube.ide.mcu.externaltools.gnu-tools-for-stm32.10.3-2021.10.win32_1.0.0.202111181127/tools/bin/../lib/gcc/arm-none-eabi/10.3.1/../../../../arm-none-eabi/lib/thumb/v7e-m+fp/hard\libc_nano.a(lib_a-nano-msizer.o)
                0x000000000800abdc                _malloc_usable_size_r
 *(.glue_7)
 .glue_7        0x000000000800abec        0x0 linker stubs
 *(.glue_7t)
 .glue_7t       0x000000000800abec        0x0 linker stubs
 *(.eh_frame)
 .eh_frame      0x000000000800abec        0x0 d:/program files (x86)/st/stm32cubeide_1.9.0/stm32cubeide/plugins/com.st.stm32cube.ide.mcu.externaltools.gnu-tools-for-stm32.10.3-2021.10.win32_1.0.0.202111181127/tools/bin/../lib/gcc/arm-none-eabi/10.3.1/thumb/v7e-m+fp/hard/crtbegin.o
 *(.init)
 .init          0x000000000800abec        0x4 d:/program files (x86)/st/stm32cubeide_1.9.0/stm32cubeide/plugins/com.st.stm32cube.ide.mcu.externaltools.gnu-tools-for-stm32.10.3-2021.10.win32_1.0.0.202111181127/tools/bin/../lib/gcc/arm-none-eabi/10.3.1/thumb/v7e-m+fp/hard/crti.o
                0x000000000800abec                _init
 .init          0x000000000800abf0        0x8 d:/program files (x86)/st/stm32cubeide_1.9.0/stm32cubeide/plugins/com.st.stm32cube.ide.mcu.externaltools.gnu-tools-for-stm32.10.3-2021.10.win32_1.0.0.202111181127/tools/bin/../lib/gcc/arm-none-eabi/10.3.1/thumb/v7e-m+fp/hard/crtn.o
 *(.fini)
 .fini          0x000000000800abf8        0x4 d:/program files (x86)/st/stm32cubeide_1.9.0/stm32cubeide/plugins/com.st.stm32cube.ide.mcu.externaltools.gnu-tools-for-stm32.10.3-2021.10.win32_1.0.0.202111181127/tools/bin/../lib/gcc/arm-none-eabi/10.3.1/thumb/v7e-m+fp/hard/crti.o
                0x000000000800abf8                _fini
 .fini          0x000000000800abfc        0x8 d:/program files (x86)/st/stm32cubeide_1.9.0/stm32cubeide/plugins/com.st.stm32cube.ide.mcu.externaltools.gnu-tools-for-stm32.10.3-2021.10.win32_1.0.0.202111181127/tools/bin/../lib/gcc/arm-none-eabi/10.3.1/thumb/v7e-m+fp/hard/crtn.o
                0x000000000800ac04                . = ALIGN (0x4)
                0x000000000800ac04                _etext = .

.vfp11_veneer   0x000000000800ac04        0x0
 .vfp11_veneer  0x000000000800ac04        0x0 linker stubs

.v4_bx          0x000000000800ac04        0x0
 .v4_bx         0x000000000800ac04        0x0 linker stubs

.iplt           0x000000000800ac04        0x0
 .iplt          0x000000000800ac04        0x0 d:/program files (x86)/st/stm32cubeide_1.9.0/stm32cubeide/plugins/com.st.stm32cube.ide.mcu.externaltools.gnu-tools-for-stm32.10.3-2021.10.win32_1.0.0.202111181127/tools/bin/../lib/gcc/arm-none-eabi/10.3.1/thumb/v7e-m+fp/hard/crtbegin.o

.rodata         0x000000000800ac04      0x170
                0x000000000800ac04                . = ALIGN (0x4)
 *(.rodata)
 .rodata        0x000000000800ac04       0x53 ./Application/User/MEMS/App/app_mems.o
 *(.rodata*)
 *fill*         0x000000000800ac57        0x1 
 .rodata.LedGpioInit.4
                0x000000000800ac58        0x4 ./Drivers/BSP/custom/custom.o
 .rodata.ButtonGpioInit.3
                0x000000000800ac5c        0x4 ./Drivers/BSP/custom/custom.o
 .rodata.BUTTON_EXTI_LINE.2
                0x000000000800ac60        0x4 ./Drivers/BSP/custom/custom.o
 .rodata.ButtonCallback.1
                0x000000000800ac64        0x4 ./Drivers/BSP/custom/custom.o
 .rodata.BSP_BUTTON_PRIO.0
                0x000000000800ac68        0x4 ./Drivers/BSP/custom/custom.o
 .rodata.AHBPrescTable
                0x000000000800ac6c       0x10 ./Drivers/CMSIS/system_stm32l4xx.o
                0x000000000800ac6c                AHBPrescTable
 .rodata.APBPrescTable
                0x000000000800ac7c        0x8 ./Drivers/CMSIS/system_stm32l4xx.o
                0x000000000800ac7c                APBPrescTable
 .rodata.MSIRangeTable
                0x000000000800ac84       0x30 ./Drivers/CMSIS/system_stm32l4xx.o
                0x000000000800ac84                MSIRangeTable
 .rodata.UARTPrescTable
                0x000000000800acb4       0x18 ./Drivers/STM32L4xx_HAL_Driver/stm32l4xx_hal_uart.o
                0x000000000800acb4                UARTPrescTable
 .rodata.numerator.1
                0x000000000800accc        0x8 ./Drivers/STM32L4xx_HAL_Driver/stm32l4xx_hal_uart_ex.o
 .rodata.denominator.0
                0x000000000800acd4        0x8 ./Drivers/STM32L4xx_HAL_Driver/stm32l4xx_hal_uart_ex.o
 .rodata._global_impure_ptr
                0x000000000800acdc        0x4 d:/program files (x86)/st/stm32cubeide_1.9.0/stm32cubeide/plugins/com.st.stm32cube.ide.mcu.externaltools.gnu-tools-for-stm32.10.3-2021.10.win32_1.0.0.202111181127/tools/bin/../lib/gcc/arm-none-eabi/10.3.1/../../../../arm-none-eabi/lib/thumb/v7e-m+fp/hard\libc_nano.a(lib_a-impure.o)
                0x000000000800acdc                _global_impure_ptr
 .rodata.__sf_fake_stderr
                0x000000000800ace0       0x20 d:/program files (x86)/st/stm32cubeide_1.9.0/stm32cubeide/plugins/com.st.stm32cube.ide.mcu.externaltools.gnu-tools-for-stm32.10.3-2021.10.win32_1.0.0.202111181127/tools/bin/../lib/gcc/arm-none-eabi/10.3.1/../../../../arm-none-eabi/lib/thumb/v7e-m+fp/hard\libc_nano.a(lib_a-findfp.o)
                0x000000000800ace0                __sf_fake_stderr
 .rodata.__sf_fake_stdin
                0x000000000800ad00       0x20 d:/program files (x86)/st/stm32cubeide_1.9.0/stm32cubeide/plugins/com.st.stm32cube.ide.mcu.externaltools.gnu-tools-for-stm32.10.3-2021.10.win32_1.0.0.202111181127/tools/bin/../lib/gcc/arm-none-eabi/10.3.1/../../../../arm-none-eabi/lib/thumb/v7e-m+fp/hard\libc_nano.a(lib_a-findfp.o)
                0x000000000800ad00                __sf_fake_stdin
 .rodata.__sf_fake_stdout
                0x000000000800ad20       0x20 d:/program files (x86)/st/stm32cubeide_1.9.0/stm32cubeide/plugins/com.st.stm32cube.ide.mcu.externaltools.gnu-tools-for-stm32.10.3-2021.10.win32_1.0.0.202111181127/tools/bin/../lib/gcc/arm-none-eabi/10.3.1/../../../../arm-none-eabi/lib/thumb/v7e-m+fp/hard\libc_nano.a(lib_a-findfp.o)
                0x000000000800ad20                __sf_fake_stdout
 .rodata._svfprintf_r.str1.1
                0x000000000800ad40       0x11 d:/program files (x86)/st/stm32cubeide_1.9.0/stm32cubeide/plugins/com.st.stm32cube.ide.mcu.externaltools.gnu-tools-for-stm32.10.3-2021.10.win32_1.0.0.202111181127/tools/bin/../lib/gcc/arm-none-eabi/10.3.1/../../../../arm-none-eabi/lib/thumb/v7e-m+fp/hard\libc_nano.a(lib_a-nano-svfprintf.o)
 .rodata._vfprintf_r.str1.1
                0x000000000800ad51       0x11 d:/program files (x86)/st/stm32cubeide_1.9.0/stm32cubeide/plugins/com.st.stm32cube.ide.mcu.externaltools.gnu-tools-for-stm32.10.3-2021.10.win32_1.0.0.202111181127/tools/bin/../lib/gcc/arm-none-eabi/10.3.1/../../../../arm-none-eabi/lib/thumb/v7e-m+fp/hard\libc_nano.a(lib_a-nano-vfprintf.o)
 .rodata._printf_i.str1.1
                0x000000000800ad51       0x22 d:/program files (x86)/st/stm32cubeide_1.9.0/stm32cubeide/plugins/com.st.stm32cube.ide.mcu.externaltools.gnu-tools-for-stm32.10.3-2021.10.win32_1.0.0.202111181127/tools/bin/../lib/gcc/arm-none-eabi/10.3.1/../../../../arm-none-eabi/lib/thumb/v7e-m+fp/hard\libc_nano.a(lib_a-nano-vfprintf_i.o)
                0x000000000800ad74                . = ALIGN (0x4)
 *fill*         0x000000000800ad73        0x1 

.ARM.extab      0x000000000800ad74        0x0
                0x000000000800ad74                . = ALIGN (0x4)
 *(.ARM.extab* .gnu.linkonce.armextab.*)
                0x000000000800ad74                . = ALIGN (0x4)

.ARM            0x000000000800ad74        0x8
                0x000000000800ad74                . = ALIGN (0x4)
                0x000000000800ad74                __exidx_start = .
 *(.ARM.exidx*)
 .ARM.exidx     0x000000000800ad74        0x8 d:/program files (x86)/st/stm32cubeide_1.9.0/stm32cubeide/plugins/com.st.stm32cube.ide.mcu.externaltools.gnu-tools-for-stm32.10.3-2021.10.win32_1.0.0.202111181127/tools/bin/../lib/gcc/arm-none-eabi/10.3.1/thumb/v7e-m+fp/hard\libgcc.a(_udivmoddi4.o)
                0x000000000800ad7c                __exidx_end = .
                0x000000000800ad7c                . = ALIGN (0x4)

.rel.dyn        0x000000000800ad7c        0x0
 .rel.iplt      0x000000000800ad7c        0x0 d:/program files (x86)/st/stm32cubeide_1.9.0/stm32cubeide/plugins/com.st.stm32cube.ide.mcu.externaltools.gnu-tools-for-stm32.10.3-2021.10.win32_1.0.0.202111181127/tools/bin/../lib/gcc/arm-none-eabi/10.3.1/thumb/v7e-m+fp/hard/crtbegin.o

.preinit_array  0x000000000800ad7c        0x0
                0x000000000800ad7c                . = ALIGN (0x4)
                0x000000000800ad7c                PROVIDE (__preinit_array_start = .)
 *(.preinit_array*)
                0x000000000800ad7c                PROVIDE (__preinit_array_end = .)
                0x000000000800ad7c                . = ALIGN (0x4)

.init_array     0x000000000800ad7c        0x4
                0x000000000800ad7c                . = ALIGN (0x4)
                0x000000000800ad7c                PROVIDE (__init_array_start = .)
 *(SORT_BY_NAME(.init_array.*))
 *(.init_array*)
 .init_array    0x000000000800ad7c        0x4 d:/program files (x86)/st/stm32cubeide_1.9.0/stm32cubeide/plugins/com.st.stm32cube.ide.mcu.externaltools.gnu-tools-for-stm32.10.3-2021.10.win32_1.0.0.202111181127/tools/bin/../lib/gcc/arm-none-eabi/10.3.1/thumb/v7e-m+fp/hard/crtbegin.o
                0x000000000800ad80                PROVIDE (__init_array_end = .)
                0x000000000800ad80                . = ALIGN (0x4)

.fini_array     0x000000000800ad80        0x4
                0x000000000800ad80                . = ALIGN (0x4)
                [!provide]                        PROVIDE (__fini_array_start = .)
 *(SORT_BY_NAME(.fini_array.*))
 *(.fini_array*)
 .fini_array    0x000000000800ad80        0x4 d:/program files (x86)/st/stm32cubeide_1.9.0/stm32cubeide/plugins/com.st.stm32cube.ide.mcu.externaltools.gnu-tools-for-stm32.10.3-2021.10.win32_1.0.0.202111181127/tools/bin/../lib/gcc/arm-none-eabi/10.3.1/thumb/v7e-m+fp/hard/crtbegin.o
                [!provide]                        PROVIDE (__fini_array_end = .)
                0x000000000800ad84                . = ALIGN (0x4)
                0x000000000800ad84                _sidata = LOADADDR (.data)

.data           0x0000000020000000       0xf8 load address 0x000000000800ad84
                0x0000000020000000                . = ALIGN (0x4)
                0x0000000020000000                _sdata = .
 *(.data)
 *(.data*)
 .data.hexti10  0x0000000020000000        0x8 ./Application/User/MEMS/Target/app_mems_int_pin_a_interface.o
                0x0000000020000000                hexti10
 .data.FunctionIndex
                0x0000000020000008       0x14 ./Application/User/MEMS/Target/custom_motion_sensors.o
 .data.LSM6DSO_COMMON_Driver
                0x000000002000001c       0x10 ./Drivers/BSP/Components/lsm6dso.o
                0x000000002000001c                LSM6DSO_COMMON_Driver
 .data.LSM6DSO_ACC_Driver
                0x000000002000002c       0x24 ./Drivers/BSP/Components/lsm6dso.o
                0x000000002000002c                LSM6DSO_ACC_Driver
 .data.LSM6DSO_GYRO_Driver
                0x0000000020000050       0x24 ./Drivers/BSP/Components/lsm6dso.o
                0x0000000020000050                LSM6DSO_GYRO_Driver
 .data.LED_PORT
                0x0000000020000074        0x4 ./Drivers/BSP/custom/custom.o
 .data.BUTTON_PORT
                0x0000000020000078        0x4 ./Drivers/BSP/custom/custom.o
 .data.hpb_exti
                0x000000002000007c        0x8 ./Drivers/BSP/custom/custom.o
                0x000000002000007c                hpb_exti
 .data.COM_USART
                0x0000000020000084        0x4 ./Drivers/BSP/custom/custom.o
                0x0000000020000084                COM_USART
 .data.SystemCoreClock
                0x0000000020000088        0x4 ./Drivers/CMSIS/system_stm32l4xx.o
                0x0000000020000088                SystemCoreClock
 .data.uwTickPrio
                0x000000002000008c        0x4 ./Drivers/STM32L4xx_HAL_Driver/stm32l4xx_hal.o
                0x000000002000008c                uwTickPrio
 .data.uwTickFreq
                0x0000000020000090        0x1 ./Drivers/STM32L4xx_HAL_Driver/stm32l4xx_hal.o
                0x0000000020000090                uwTickFreq
 *fill*         0x0000000020000091        0x3 
 .data._impure_ptr
                0x0000000020000094        0x4 d:/program files (x86)/st/stm32cubeide_1.9.0/stm32cubeide/plugins/com.st.stm32cube.ide.mcu.externaltools.gnu-tools-for-stm32.10.3-2021.10.win32_1.0.0.202111181127/tools/bin/../lib/gcc/arm-none-eabi/10.3.1/../../../../arm-none-eabi/lib/thumb/v7e-m+fp/hard\libc_nano.a(lib_a-impure.o)
                0x0000000020000094                _impure_ptr
 .data.impure_data
                0x0000000020000098       0x60 d:/program files (x86)/st/stm32cubeide_1.9.0/stm32cubeide/plugins/com.st.stm32cube.ide.mcu.externaltools.gnu-tools-for-stm32.10.3-2021.10.win32_1.0.0.202111181127/tools/bin/../lib/gcc/arm-none-eabi/10.3.1/../../../../arm-none-eabi/lib/thumb/v7e-m+fp/hard\libc_nano.a(lib_a-impure.o)
 *(.RamFunc)
 *(.RamFunc*)
                0x00000000200000f8                . = ALIGN (0x4)
                0x00000000200000f8                _edata = .

.igot.plt       0x00000000200000f8        0x0 load address 0x000000000800ae7c
 .igot.plt      0x00000000200000f8        0x0 d:/program files (x86)/st/stm32cubeide_1.9.0/stm32cubeide/plugins/com.st.stm32cube.ide.mcu.externaltools.gnu-tools-for-stm32.10.3-2021.10.win32_1.0.0.202111181127/tools/bin/../lib/gcc/arm-none-eabi/10.3.1/thumb/v7e-m+fp/hard/crtbegin.o
                0x00000000200000f8                . = ALIGN (0x4)

.bss            0x00000000200000f8      0x314 load address 0x000000000800ae7c
                0x00000000200000f8                _sbss = .
                0x00000000200000f8                __bss_start__ = _sbss
 *(.bss)
 .bss           0x00000000200000f8       0x1c d:/program files (x86)/st/stm32cubeide_1.9.0/stm32cubeide/plugins/com.st.stm32cube.ide.mcu.externaltools.gnu-tools-for-stm32.10.3-2021.10.win32_1.0.0.202111181127/tools/bin/../lib/gcc/arm-none-eabi/10.3.1/thumb/v7e-m+fp/hard/crtbegin.o
 *(.bss*)
 .bss.hi2c1     0x0000000020000114       0x54 ./Application/User/Core/custom_bus.o
                0x0000000020000114                hi2c1
 .bss.I2C1InitCounter
                0x0000000020000168        0x4 ./Application/User/Core/custom_bus.o
 .bss.hcrc      0x000000002000016c       0x24 ./Application/User/Core/main.o
                0x000000002000016c                hcrc
 .bss.hrtc      0x0000000020000190       0x24 ./Application/User/Core/main.o
                0x0000000020000190                hrtc
 .bss.htim4     0x00000000200001b4       0x4c ./Application/User/Core/main.o
                0x00000000200001b4                htim4
 .bss.__sbrk_heap_end
                0x0000000020000200        0x4 ./Application/User/Core/sysmem.o
 .bss.MemsEventDetected
                0x0000000020000204        0x1 ./Application/User/MEMS/App/app_mems.o
                0x0000000020000204                MemsEventDetected
 .bss.PushButtonDetected
                0x0000000020000205        0x1 ./Application/User/MEMS/App/app_mems.o
 .bss.StepCountResetRequest
                0x0000000020000206        0x1 ./Application/User/MEMS/App/app_mems.o
 *fill*         0x0000000020000207        0x1 
 .bss.dataOut   0x0000000020000208      0x100 ./Application/User/MEMS/App/app_mems.o
 .bss.StepCount
                0x0000000020000308        0x2 ./Application/User/MEMS/App/app_mems.o
 *fill*         0x000000002000030a        0x2 
 .bss.previous_tick
                0x000000002000030c        0x4 ./Application/User/MEMS/App/app_mems.o
 .bss.PushButtonState
                0x0000000020000310        0x4 ./Application/User/MEMS/App/app_mems.o
 .bss.MotionCompObj
                0x0000000020000314        0x4 ./Application/User/MEMS/Target/custom_motion_sensors.o
                0x0000000020000314                MotionCompObj
 .bss.MotionFuncDrv
                0x0000000020000318        0xc ./Application/User/MEMS/Target/custom_motion_sensors.o
 .bss.MotionDrv
                0x0000000020000324        0x4 ./Application/User/MEMS/Target/custom_motion_sensors.o
 .bss.MotionCtx
                0x0000000020000328        0x4 ./Application/User/MEMS/Target/custom_motion_sensors.o
 .bss.lsm6dso_obj_0.0
                0x000000002000032c       0x38 ./Application/User/MEMS/Target/custom_motion_sensors.o
 .bss.hcom_uart
                0x0000000020000364       0x90 ./Drivers/BSP/custom/custom.o
                0x0000000020000364                hcom_uart
 .bss.COM_ActiveLogPort
                0x00000000200003f4        0x1 ./Drivers/BSP/custom/custom.o
 *fill*         0x00000000200003f5        0x3 
 .bss.uwTick    0x00000000200003f8        0x4 ./Drivers/STM32L4xx_HAL_Driver/stm32l4xx_hal.o
                0x00000000200003f8                uwTick
 .bss.__lock___malloc_recursive_mutex
                0x00000000200003fc        0x1 d:/program files (x86)/st/stm32cubeide_1.9.0/stm32cubeide/plugins/com.st.stm32cube.ide.mcu.externaltools.gnu-tools-for-stm32.10.3-2021.10.win32_1.0.0.202111181127/tools/bin/../lib/gcc/arm-none-eabi/10.3.1/../../../../arm-none-eabi/lib/thumb/v7e-m+fp/hard\libc_nano.a(lib_a-lock.o)
                0x00000000200003fc                __lock___malloc_recursive_mutex
 .bss.__lock___sfp_recursive_mutex
                0x00000000200003fd        0x1 d:/program files (x86)/st/stm32cubeide_1.9.0/stm32cubeide/plugins/com.st.stm32cube.ide.mcu.externaltools.gnu-tools-for-stm32.10.3-2021.10.win32_1.0.0.202111181127/tools/bin/../lib/gcc/arm-none-eabi/10.3.1/../../../../arm-none-eabi/lib/thumb/v7e-m+fp/hard\libc_nano.a(lib_a-lock.o)
                0x00000000200003fd                __lock___sfp_recursive_mutex
 .bss.__lock___sinit_recursive_mutex
                0x00000000200003fe        0x1 d:/program files (x86)/st/stm32cubeide_1.9.0/stm32cubeide/plugins/com.st.stm32cube.ide.mcu.externaltools.gnu-tools-for-stm32.10.3-2021.10.win32_1.0.0.202111181127/tools/bin/../lib/gcc/arm-none-eabi/10.3.1/../../../../arm-none-eabi/lib/thumb/v7e-m+fp/hard\libc_nano.a(lib_a-lock.o)
                0x00000000200003fe                __lock___sinit_recursive_mutex
 *fill*         0x00000000200003ff        0x1 
 .bss.__malloc_free_list
                0x0000000020000400        0x4 d:/program files (x86)/st/stm32cubeide_1.9.0/stm32cubeide/plugins/com.st.stm32cube.ide.mcu.externaltools.gnu-tools-for-stm32.10.3-2021.10.win32_1.0.0.202111181127/tools/bin/../lib/gcc/arm-none-eabi/10.3.1/../../../../arm-none-eabi/lib/thumb/v7e-m+fp/hard\libc_nano.a(lib_a-nano-mallocr.o)
                0x0000000020000400                __malloc_free_list
 .bss.__malloc_sbrk_start
                0x0000000020000404        0x4 d:/program files (x86)/st/stm32cubeide_1.9.0/stm32cubeide/plugins/com.st.stm32cube.ide.mcu.externaltools.gnu-tools-for-stm32.10.3-2021.10.win32_1.0.0.202111181127/tools/bin/../lib/gcc/arm-none-eabi/10.3.1/../../../../arm-none-eabi/lib/thumb/v7e-m+fp/hard\libc_nano.a(lib_a-nano-mallocr.o)
                0x0000000020000404                __malloc_sbrk_start
 .bss.errno     0x0000000020000408        0x4 d:/program files (x86)/st/stm32cubeide_1.9.0/stm32cubeide/plugins/com.st.stm32cube.ide.mcu.externaltools.gnu-tools-for-stm32.10.3-2021.10.win32_1.0.0.202111181127/tools/bin/../lib/gcc/arm-none-eabi/10.3.1/../../../../arm-none-eabi/lib/thumb/v7e-m+fp/hard\libc_nano.a(lib_a-reent.o)
                0x0000000020000408                errno
 *(COMMON)
                0x000000002000040c                . = ALIGN (0x4)
                0x000000002000040c                _ebss = .
                0x000000002000040c                __bss_end__ = _ebss

._user_heap_stack
                0x000000002000040c      0x604 load address 0x000000000800ae7c
                0x0000000020000410                . = ALIGN (0x8)
 *fill*         0x000000002000040c        0x4 
                [!provide]                        PROVIDE (end = .)
                0x0000000020000410                PROVIDE (_end = .)
                0x0000000020000610                . = (. + _Min_Heap_Size)
 *fill*         0x0000000020000410      0x200 
                0x0000000020000a10                . = (. + _Min_Stack_Size)
 *fill*         0x0000000020000610      0x400 
                0x0000000020000a10                . = ALIGN (0x8)

/DISCARD/
 libc.a(*)
 libm.a(*)
 libgcc.a(*)

.ARM.attributes
                0x0000000000000000       0x30
 *(.ARM.attributes)
 .ARM.attributes
                0x0000000000000000       0x1e d:/program files (x86)/st/stm32cubeide_1.9.0/stm32cubeide/plugins/com.st.stm32cube.ide.mcu.externaltools.gnu-tools-for-stm32.10.3-2021.10.win32_1.0.0.202111181127/tools/bin/../lib/gcc/arm-none-eabi/10.3.1/thumb/v7e-m+fp/hard/crti.o
 .ARM.attributes
                0x000000000000001e       0x34 d:/program files (x86)/st/stm32cubeide_1.9.0/stm32cubeide/plugins/com.st.stm32cube.ide.mcu.externaltools.gnu-tools-for-stm32.10.3-2021.10.win32_1.0.0.202111181127/tools/bin/../lib/gcc/arm-none-eabi/10.3.1/thumb/v7e-m+fp/hard/crtbegin.o
 .ARM.attributes
                0x0000000000000052       0x34 ./Application/User/Core/custom_bus.o
 .ARM.attributes
                0x0000000000000086       0x34 ./Application/User/Core/main.o
 .ARM.attributes
                0x00000000000000ba       0x34 ./Application/User/Core/stm32l4xx_hal_msp.o
 .ARM.attributes
                0x00000000000000ee       0x34 ./Application/User/Core/stm32l4xx_it.o
 .ARM.attributes
                0x0000000000000122       0x34 ./Application/User/Core/syscalls.o
 .ARM.attributes
                0x0000000000000156       0x34 ./Application/User/Core/sysmem.o
 .ARM.attributes