D:/Projects/STM32/Examples/PedometerCustom/Core/Src/main.c:71:5:main	8	static
D:/Projects/STM32/Examples/PedometerCustom/Core/Src/main.c:118:6:SystemClock_Config	96	static
D:/Projects/STM32/Examples/PedometerCustom/Core/Src/main.c:164:13:MX_CRC_Init	8	static
D:/Projects/STM32/Examples/PedometerCustom/Core/Src/main.c:195:13:MX_RTC_Init	8	static
D:/Projects/STM32/Examples/PedometerCustom/Core/Src/main.c:231:6:MX_TIM1_Init	40	static
D:/Projects/STM32/Examples/PedometerCustom/Core/Src/main.c:278:13:MX_GPIO_Init	40	static
D:/Projects/STM32/Examples/PedometerCustom/Core/Src/main.c:312:6:Error_Handler	4	static,ignoring_inline_asm
