Archive member included to satisfy reference by file (symbol)

../../Middlewares/ST/STM32_MotionPM_Library/Lib\MotionPM_CM4F_wc32_ot_hard.a(motion_pm.o)
                              ./Application/User/MEMS/Target/motion_pm_manager.o (MotionPM_Initialize)
d:/program files (x86)/st/stm32cubeide_1.9.0/stm32cubeide/plugins/com.st.stm32cube.ide.mcu.externaltools.gnu-tools-for-stm32.10.3-2021.10.win32_1.0.0.202111181127/tools/bin/../lib/gcc/arm-none-eabi/10.3.1/../../../../arm-none-eabi/lib/thumb/v7e-m+fp/hard\libc_nano.a(lib_a-errno.o)
                              ./Application/User/Core/syscalls.o (__errno)
d:/program files (x86)/st/stm32cubeide_1.9.0/stm32cubeide/plugins/com.st.stm32cube.ide.mcu.externaltools.gnu-tools-for-stm32.10.3-2021.10.win32_1.0.0.202111181127/tools/bin/../lib/gcc/arm-none-eabi/10.3.1/../../../../arm-none-eabi/lib/thumb/v7e-m+fp/hard\libc_nano.a(lib_a-exit.o)
                              d:/program files (x86)/st/stm32cubeide_1.9.0/stm32cubeide/plugins/com.st.stm32cube.ide.mcu.externaltools.gnu-tools-for-stm32.10.3-2021.10.win32_1.0.0.202111181127/tools/bin/../lib/gcc/arm-none-eabi/10.3.1/../../../../arm-none-eabi/lib/thumb/v7e-m+fp/hard/crt0.o (exit)
d:/program files (x86)/st/stm32cubeide_1.9.0/stm32cubeide/plugins/com.st.stm32cube.ide.mcu.externaltools.gnu-tools-for-stm32.10.3-2021.10.win32_1.0.0.202111181127/tools/bin/../lib/gcc/arm-none-eabi/10.3.1/../../../../arm-none-eabi/lib/thumb/v7e-m+fp/hard\libc_nano.a(lib_a-impure.o)
                              d:/program files (x86)/st/stm32cubeide_1.9.0/stm32cubeide/plugins/com.st.stm32cube.ide.mcu.externaltools.gnu-tools-for-stm32.10.3-2021.10.win32_1.0.0.202111181127/tools/bin/../lib/gcc/arm-none-eabi/10.3.1/../../../../arm-none-eabi/lib/thumb/v7e-m+fp/hard\libc_nano.a(lib_a-exit.o) (_global_impure_ptr)
d:/program files (x86)/st/stm32cubeide_1.9.0/stm32cubeide/plugins/com.st.stm32cube.ide.mcu.externaltools.gnu-tools-for-stm32.10.3-2021.10.win32_1.0.0.202111181127/tools/bin/../lib/gcc/arm-none-eabi/10.3.1/../../../../arm-none-eabi/lib/thumb/v7e-m+fp/hard\libc_nano.a(lib_a-init.o)
                              d:/program files (x86)/st/stm32cubeide_1.9.0/stm32cubeide/plugins/com.st.stm32cube.ide.mcu.externaltools.gnu-tools-for-stm32.10.3-2021.10.win32_1.0.0.202111181127/tools/bin/../lib/gcc/arm-none-eabi/10.3.1/../../../../arm-none-eabi/lib/thumb/v7e-m+fp/hard/crt0.o (__libc_init_array)
d:/program files (x86)/st/stm32cubeide_1.9.0/stm32cubeide/plugins/com.st.stm32cube.ide.mcu.externaltools.gnu-tools-for-stm32.10.3-2021.10.win32_1.0.0.202111181127/tools/bin/../lib/gcc/arm-none-eabi/10.3.1/../../../../arm-none-eabi/lib/thumb/v7e-m+fp/hard\libc_nano.a(lib_a-memcpy-stub.o)
                              ../../Middlewares/ST/STM32_MotionPM_Library/Lib\MotionPM_CM4F_wc32_ot_hard.a(motion_pm.o) (memcpy)
d:/program files (x86)/st/stm32cubeide_1.9.0/stm32cubeide/plugins/com.st.stm32cube.ide.mcu.externaltools.gnu-tools-for-stm32.10.3-2021.10.win32_1.0.0.202111181127/tools/bin/../lib/gcc/arm-none-eabi/10.3.1/../../../../arm-none-eabi/lib/thumb/v7e-m+fp/hard\libc_nano.a(lib_a-memmove.o)
                              ../../Middlewares/ST/STM32_MotionPM_Library/Lib\MotionPM_CM4F_wc32_ot_hard.a(motion_pm.o) (memmove)
d:/program files (x86)/st/stm32cubeide_1.9.0/stm32cubeide/plugins/com.st.stm32cube.ide.mcu.externaltools.gnu-tools-for-stm32.10.3-2021.10.win32_1.0.0.202111181127/tools/bin/../lib/gcc/arm-none-eabi/10.3.1/../../../../arm-none-eabi/lib/thumb/v7e-m+fp/hard\libc_nano.a(lib_a-memset.o)
                              d:/program files (x86)/st/stm32cubeide_1.9.0/stm32cubeide/plugins/com.st.stm32cube.ide.mcu.externaltools.gnu-tools-for-stm32.10.3-2021.10.win32_1.0.0.202111181127/tools/bin/../lib/gcc/arm-none-eabi/10.3.1/../../../../arm-none-eabi/lib/thumb/v7e-m+fp/hard/crt0.o (memset)
d:/program files (x86)/st/stm32cubeide_1.9.0/stm32cubeide/plugins/com.st.stm32cube.ide.mcu.externaltools.gnu-tools-for-stm32.10.3-2021.10.win32_1.0.0.202111181127/tools/bin/../lib/gcc/arm-none-eabi/10.3.1/../../../../arm-none-eabi/lib/thumb/v7e-m+fp/hard\libc_nano.a(lib_a-snprintf.o)
                              ./Application/User/MEMS/Target/demo_serial.o (snprintf)
d:/program files (x86)/st/stm32cubeide_1.9.0/stm32cubeide/plugins/com.st.stm32cube.ide.mcu.externaltools.gnu-tools-for-stm32.10.3-2021.10.win32_1.0.0.202111181127/tools/bin/../lib/gcc/arm-none-eabi/10.3.1/../../../../arm-none-eabi/lib/thumb/v7e-m+fp/hard\libc_nano.a(lib_a-nano-svfprintf.o)
                              d:/program files (x86)/st/stm32cubeide_1.9.0/stm32cubeide/plugins/com.st.stm32cube.ide.mcu.externaltools.gnu-tools-for-stm32.10.3-2021.10.win32_1.0.0.202111181127/tools/bin/../lib/gcc/arm-none-eabi/10.3.1/../../../../arm-none-eabi/lib/thumb/v7e-m+fp/hard\libc_nano.a(lib_a-snprintf.o) (_svfprintf_r)
[...]
Memory Configuration

Name             Origin             Length             Attributes
RAM              0x0000000020000000 0x00000000000a0000 xrw
RAM2             0x0000000010000000 0x0000000000010000 xrw
RAM3             0x0000000020040000 0x0000000000060000 xrw
FLASH            0x0000000008000000 0x0000000000200000 xr
*default*        0x0000000000000000 0xffffffffffffffff

Linker script and memory map

LOAD d:/program files (x86)/st/stm32cubeide_1.9.0/stm32cubeide/plugins/com.st.stm32cube.ide.mcu.externaltools.gnu-tools-for-stm32.10.3-2021.10.win32_1.0.0.202111181127/tools/bin/../lib/gcc/arm-none-eabi/10.3.1/thumb/v7e-m+fp/hard/crti.o
LOAD d:/program files (x86)/st/stm32cubeide_1.9.0/stm32cubeide/plugins/com.st.stm32cube.ide.mcu.externaltools.gnu-tools-for-stm32.10.3-2021.10.win32_1.0.0.202111181127/tools/bin/../lib/gcc/arm-none-eabi/10.3.1/thumb/v7e-m+fp/hard/crtbegin.o
LOAD d:/program files (x86)/st/stm32cubeide_1.9.0/stm32cubeide/plugins/com.st.stm32cube.ide.mcu.externaltools.gnu-tools-for-stm32.10.3-2021.10.win32_1.0.0.202111181127/tools/bin/../lib/gcc/arm-none-eabi/10.3.1/../../../../arm-none-eabi/lib/thumb/v7e-m+fp/hard/crt0.o
LOAD ./Application/User/Core/custom_bus.o
LOAD ./Application/User/Core/main.o
LOAD ./Application/User/Core/stm32l4xx_hal_msp.o
LOAD ./Application/User/Core/stm32l4xx_it.o
LOAD ./Application/User/Core/syscalls.o
LOAD ./Application/User/Core/sysmem.o
LOAD ./Application/User/MEMS/App/app_mems.o
LOAD ./Application/User/MEMS/Target/com.o
LOAD ./Application/User/MEMS/Target/custom_mems_control.o
LOAD ./Application/User/MEMS/Target/custom_mems_control_ex.o
LOAD ./Application/User/MEMS/Target/custom_motion_sensors.o
LOAD ./Application/User/MEMS/Target/custom_motion_sensors_ex.o
LOAD ./Application/User/MEMS/Target/demo_serial.o
LOAD ./Application/User/MEMS/Target/motion_pm_manager.o
LOAD ./Application/User/MEMS/Target/serial_protocol.o
LOAD ./Application/User/Startup/startup_stm32l4r9zijx.o
LOAD ./Drivers/BSP/Components/asm330lhh.o
LOAD ./Drivers/BSP/Components/asm330lhh_reg.o
LOAD ./Drivers/BSP/custom/custom.o
LOAD ./Drivers/CMSIS/system_stm32l4xx.o
LOAD ./Drivers/STM32L4xx_HAL_Driver/stm32l4xx_hal.o
LOAD ./Drivers/STM32L4xx_HAL_Driver/stm32l4xx_hal_cortex.o
LOAD ./Drivers/STM32L4xx_HAL_Driver/stm32l4xx_hal_crc.o
LOAD ./Drivers/STM32L4xx_HAL_Driver/stm32l4xx_hal_crc_ex.o
LOAD ./Drivers/STM32L4xx_HAL_Driver/stm32l4xx_hal_dma.o
LOAD ./Drivers/STM32L4xx_HAL_Driver/stm32l4xx_hal_dma_ex.o
LOAD ./Drivers/STM32L4xx_HAL_Driver/stm32l4xx_hal_exti.o
LOAD ./Drivers/STM32L4xx_HAL_Driver/stm32l4xx_hal_flash.o
LOAD ./Drivers/STM32L4xx_HAL_Driver/stm32l4xx_hal_flash_ex.o
LOAD ./Drivers/STM32L4xx_HAL_Driver/stm32l4xx_hal_flash_ramfunc.o
LOAD ./Drivers/STM32L4xx_HAL_Driver/stm32l4xx_hal_gpio.o
LOAD ./Drivers/STM32L4xx_HAL_Driver/stm32l4xx_hal_i2c.o
LOAD ./Drivers/STM32L4xx_HAL_Driver/stm32l4xx_hal_i2c_ex.o
LOAD ./Drivers/STM32L4xx_HAL_Driver/stm32l4xx_hal_pwr.o
LOAD ./Drivers/STM32L4xx_HAL_Driver/stm32l4xx_hal_pwr_ex.o
LOAD ./Drivers/STM32L4xx_HAL_Driver/stm32l4xx_hal_rcc.o
LOAD ./Drivers/STM32L4xx_HAL_Driver/stm32l4xx_hal_rcc_ex.o
LOAD ./Drivers/STM32L4xx_HAL_Driver/stm32l4xx_hal_rtc.o
LOAD ./Drivers/STM32L4xx_HAL_Driver/stm32l4xx_hal_rtc_ex.o
LOAD ./Drivers/STM32L4xx_HAL_Driver/stm32l4xx_hal_spi.o
LOAD ./Drivers/STM32L4xx_HAL_Driver/stm32l4xx_hal_spi_ex.o
LOAD ./Drivers/STM32L4xx_HAL_Driver/stm32l4xx_hal_tim.o
LOAD ./Drivers/STM32L4xx_HAL_Driver/stm32l4xx_hal_tim_ex.o
LOAD ./Drivers/STM32L4xx_HAL_Driver/stm32l4xx_hal_uart.o
LOAD ./Drivers/STM32L4xx_HAL_Driver/stm32l4xx_hal_uart_ex.o
LOAD ../../Middlewares/ST/STM32_MotionPM_Library/Lib\MotionPM_CM4F_wc32_ot_hard.a
START GROUP
LOAD d:/program files (x86)/st/stm32cubeide_1.9.0/stm32cubeide/plugins/com.st.stm32cube.ide.mcu.externaltools.gnu-tools-for-stm32.10.3-2021.10.win32_1.0.0.202111181127/tools/bin/../lib/gcc/arm-none-eabi/10.3.1/../../../../arm-none-eabi/lib/thumb/v7e-m+fp/hard\libc_nano.a
LOAD d:/program files (x86)/st/stm32cubeide_1.9.0/stm32cubeide/plugins/com.st.stm32cube.ide.mcu.externaltools.gnu-tools-for-stm32.10.3-2021.10.win32_1.0.0.202111181127/tools/bin/../lib/gcc/arm-none-eabi/10.3.1/../../../../arm-none-eabi/lib/thumb/v7e-m+fp/hard\libm.a
END GROUP
START GROUP
LOAD d:/program files (x86)/st/stm32cubeide_1.9.0/stm32cubeide/plugins/com.st.stm32cube.ide.mcu.externaltools.gnu-tools-for-stm32.10.3-2021.10.win32_1.0.0.202111181127/tools/bin/../lib/gcc/arm-none-eabi/10.3.1/thumb/v7e-m+fp/hard\libgcc.a
LOAD d:/program files (x86)/st/stm32cubeide_1.9.0/stm32cubeide/plugins/com.st.stm32cube.ide.mcu.externaltools.gnu-tools-for-stm32.10.3-2021.10.win32_1.0.0.202111181127/tools/bin/../lib/gcc/arm-none-eabi/10.3.1/../../../../arm-none-eabi/lib/thumb/v7e-m+fp/hard\libc_nano.a
END GROUP
START GROUP
LOAD d:/program files (x86)/st/stm32cubeide_1.9.0/stm32cubeide/plugins/com.st.stm32cube.ide.mcu.externaltools.gnu-tools-for-stm32.10.3-2021.10.win32_1.0.0.202111181127/tools/bin/../lib/gcc/arm-none-eabi/10.3.1/thumb/v7e-m+fp/hard\libgcc.a
LOAD d:/program files (x86)/st/stm32cubeide_1.9.0/stm32cubeide/plugins/com.st.stm32cube.ide.mcu.externaltools.gnu-tools-for-stm32.10.3-2021.10.win32_1.0.0.202111181127/tools/bin/../lib/gcc/arm-none-eabi/10.3.1/../../../../arm-none-eabi/lib/thumb/v7e-m+fp/hard\libc_nano.a
LOAD d:/program files (x86)/st/stm32cubeide_1.9.0/stm32cubeide/plugins/com.st.stm32cube.ide.mcu.externaltools.gnu-tools-for-stm32.10.3-2021.10.win32_1.0.0.202111181127/tools/bin/../lib/gcc/arm-none-eabi/10.3.1/../../../../arm-none-eabi/lib/thumb/v7e-m+fp/hard\libnosys.a
END GROUP
START GROUP
LOAD d:/program files (x86)/st/stm32cubeide_1.9.0/stm32cubeide/plugins/com.st.stm32cube.ide.mcu.externaltools.gnu-tools-for-stm32.10.3-2021.10.win32_1.0.0.202111181127/tools/bin/../lib/gcc/arm-none-eabi/10.3.1/thumb/v7e-m+fp/hard\libgcc.a
LOAD d:/program files (x86)/st/stm32cubeide_1.9.0/stm32cubeide/plugins/com.st.stm32cube.ide.mcu.externaltools.gnu-tools-for-stm32.10.3-2021.10.win32_1.0.0.202111181127/tools/bin/../lib/gcc/arm-none-eabi/10.3.1/../../../../arm-none-eabi/lib/thumb/v7e-m+fp/hard\libc_nano.a
LOAD d:/program files (x86)/st/stm32cubeide_1.9.0/stm32cubeide/plugins/com.st.stm32cube.ide.mcu.externaltools.gnu-tools-for-stm32.10.3-2021.10.win32_1.0.0.202111181127/tools/bin/../lib/gcc/arm-none-eabi/10.3.1/../../../../arm-none-eabi/lib/thumb/v7e-m+fp/hard\libnosys.a
END GROUP
LOAD d:/program files (x86)/st/stm32cubeide_1.9.0/stm32cubeide/plugins/com.st.stm32cube.ide.mcu.externaltools.gnu-tools-for-stm32.10.3-2021.10.win32_1.0.0.202111181127/tools/bin/../lib/gcc/arm-none-eabi/10.3.1/thumb/v7e-m+fp/hard/crtend.o
LOAD d:/program files (x86)/st/stm32cubeide_1.9.0/stm32cubeide/plugins/com.st.stm32cube.ide.mcu.externaltools.gnu-tools-for-stm32.10.3-2021.10.win32_1.0.0.202111181127/tools/bin/../lib/gcc/arm-none-eabi/10.3.1/thumb/v7e-m+fp/hard/crtn.o
                0x00000000200a0000                _estack = (ORIGIN (RAM) + LENGTH (RAM))
                0x0000000000000200                _Min_Heap_Size = 0x200
                0x0000000000000400                _Min_Stack_Size = 0x400

.isr_vector     0x0000000008000000      0x1bc
                0x0000000008000000                . = ALIGN (0x4)
 *(.isr_vector)
 .isr_vector    0x0000000008000000      0x1bc ./Application/User/Startup/startup_stm32l4r9zijx.o
                0x0000000008000000                g_pfnVectors
                0x00000000080001bc                . = ALIGN (0x4)

.text           0x00000000080001c0     0xc9f8
                0x00000000080001c0                . = ALIGN (0x4)
 *(.text)
 .text          0x00000000080001c0       0x40 d:/program files (x86)/st/stm32cubeide_1.9.0/stm32cubeide/plugins/com.st.stm32cube.ide.mcu.externaltools.gnu-tools-for-stm32.10.3-2021.10.win32_1.0.0.202111181127/tools/bin/../lib/gcc/arm-none-eabi/10.3.1/thumb/v7e-m+fp/hard/crtbegin.o
 .text          0x0000000008000200       0xa0 d:/program files (x86)/st/stm32cubeide_1.9.0/stm32cubeide/plugins/com.st.stm32cube.ide.mcu.externaltools.gnu-tools-for-stm32.10.3-2021.10.win32_1.0.0.202111181127/tools/bin/../lib/gcc/arm-none-eabi/10.3.1/../../../../arm-none-eabi/lib/thumb/v7e-m+fp/hard\libc_nano.a(lib_a-memchr.o)
                0x0000000008000200                memchr
 .text          0x00000000080002a0      0x254 d:/program files (x86)/st/stm32cubeide_1.9.0/stm32cubeide/plugins/com.st.stm32cube.ide.mcu.externaltools.gnu-tools-for-stm32.10.3-2021.10.win32_1.0.0.202111181127/tools/bin/../lib/gcc/arm-none-eabi/10.3.1/thumb/v7e-m+fp/hard\libgcc.a(_arm_muldf3.o)
                0x00000000080002a0                __muldf3
                0x00000000080002a0                __aeabi_dmul
 .text          0x00000000080004f4      0x378 d:/program files (x86)/st/stm32cubeide_1.9.0/stm32cubeide/plugins/com.st.stm32cube.ide.mcu.externaltools.gnu-tools-for-stm32.10.3-2021.10.win32_1.0.0.202111181127/tools/bin/../lib/gcc/arm-none-eabi/10.3.1/thumb/v7e-m+fp/hard\libgcc.a(_arm_addsubdf3.o)
                0x00000000080004f4                __aeabi_drsub
                0x00000000080004fc                __aeabi_dsub
                0x00000000080004fc                __subdf3
                0x0000000008000500                __aeabi_dadd
                0x0000000008000500                __adddf3
                0x0000000008000778                __floatunsidf
                0x0000000008000778                __aeabi_ui2d
                0x0000000008000798                __floatsidf
                0x0000000008000798                __aeabi_i2d
                0x00000000080007bc                __aeabi_f2d
                0x00000000080007bc                __extendsfdf2
                0x0000000008000800                __floatundidf
                0x0000000008000800                __aeabi_ul2d
                0x0000000008000810                __floatdidf
                0x0000000008000810                __aeabi_l2d
 .text          0x000000000800086c      0x110 d:/program files (x86)/st/stm32cubeide_1.9.0/stm32cubeide/plugins/com.st.stm32cube.ide.mcu.externaltools.gnu-tools-for-stm32.10.3-2021.10.win32_1.0.0.202111181127/tools/bin/../lib/gcc/arm-none-eabi/10.3.1/thumb/v7e-m+fp/hard\libgcc.a(_arm_cmpdf2.o)
                0x000000000800086c                __gtdf2
                0x000000000800086c                __gedf2
                0x0000000008000874                __ltdf2
                0x0000000008000874                __ledf2
                0x000000000800087c                __nedf2
                0x000000000800087c                __eqdf2
                0x000000000800087c                __cmpdf2
                0x00000000080008f8                __aeabi_cdrcmple
                0x0000000008000908                __aeabi_cdcmpeq
                0x0000000008000908                __aeabi_cdcmple
                0x0000000008000918                __aeabi_dcmpeq
                0x000000000800092c                __aeabi_dcmplt
                0x0000000008000940                __aeabi_dcmple
                0x0000000008000954                __aeabi_dcmpge
                0x0000000008000968                __aeabi_dcmpgt
 .text          0x000000000800097c       0x50 d:/program files (x86)/st/stm32cubeide_1.9.0/stm32cubeide/plugins/com.st.stm32cube.ide.mcu.externaltools.gnu-tools-for-stm32.10.3-2021.10.win32_1.0.0.202111181127/tools/bin/../lib/gcc/arm-none-eabi/10.3.1/thumb/v7e-m+fp/hard\libgcc.a(_arm_fixdfsi.o)
                0x000000000800097c                __aeabi_d2iz
                0x000000000800097c                __fixdfsi
 .text          0x00000000080009cc       0x30 d:/program files (x86)/st/stm32cubeide_1.9.0/stm32cubeide/plugins/com.st.stm32cube.ide.mcu.externaltools.gnu-tools-for-stm32.10.3-2021.10.win32_1.0.0.202111181127/tools/bin/../lib/gcc/arm-none-eabi/10.3.1/thumb/v7e-m+fp/hard\libgcc.a(_aeabi_uldivmod.o)
                0x00000000080009cc                __aeabi_uldivmod
 .text          0x00000000080009fc      0x2d0 d:/program files (x86)/st/stm32cubeide_1.9.0/stm32cubeide/plugins/com.st.stm32cube.ide.mcu.externaltools.gnu-tools-for-stm32.10.3-2021.10.win32_1.0.0.202111181127/tools/bin/../lib/gcc/arm-none-eabi/10.3.1/thumb/v7e-m+fp/hard\libgcc.a(_udivmoddi4.o)
                0x00000000080009fc                __udivmoddi4
 .text          0x0000000008000ccc        0x4 d:/program files (x86)/st/stm32cubeide_1.9.0/stm32cubeide/plugins/com.st.stm32cube.ide.mcu.externaltools.gnu-tools-for-stm32.10.3-2021.10.win32_1.0.0.202111181127/tools/bin/../lib/gcc/arm-none-eabi/10.3.1/thumb/v7e-m+fp/hard\libgcc.a(_dvmd_tls.o)
                0x0000000008000ccc                __aeabi_idiv0
                0x0000000008000ccc                __aeabi_ldiv0
 *(.text*)
 .text.BSP_SPI1_Init
                0x0000000008000cd0       0x60 ./Application/User/Core/custom_bus.o
                0x0000000008000cd0                BSP_SPI1_Init
 .text.BSP_SPI1_DeInit
                0x0000000008000d30       0x50 ./Application/User/Core/custom_bus.o
                0x0000000008000d30                BSP_SPI1_DeInit
 .text.BSP_SPI1_Send
                0x0000000008000d80       0x38 ./Application/User/Core/custom_bus.o
                0x0000000008000d80                BSP_SPI1_Send
 .text.BSP_SPI1_Recv
                0x0000000008000db8       0x38 ./Application/User/Core/custom_bus.o
                0x0000000008000db8                BSP_SPI1_Recv
 .text.BSP_GetTick
                0x0000000008000df0        0xe ./Application/User/Core/custom_bus.o
                0x0000000008000df0                BSP_GetTick
 *fill*         0x0000000008000dfe        0x2 
 .text.MX_SPI1_Init
                0x0000000008000e00       0x84 ./Application/User/Core/custom_bus.o
                0x0000000008000e00                MX_SPI1_Init
 .text.SPI1_MspInit
                0x0000000008000e84       0xa8 ./Application/User/Core/custom_bus.o
 .text.SPI1_MspDeInit
                0x0000000008000f2c       0x3c ./Application/User/Core/custom_bus.o
 .text.main     0x0000000008000f68       0x22 ./Application/User/Core/main.o
                0x0000000008000f68                main
 .text.SystemClock_Config
                0x0000000008000f8a       0x90 ./Application/User/Core/main.o
                0x0000000008000f8a                SystemClock_Config
 *fill*         0x000000000800101a        0x2 
 .text.MX_CRC_Init
                0x000000000800101c       0x44 ./Application/User/Core/main.o
 .text.MX_RTC_Init
                0x0000000008001060       0x50 ./Application/User/Core/main.o
 .text.MX_TIM1_Init
                0x00000000080010b0       0xa8 ./Application/User/Core/main.o
                0x00000000080010b0                MX_TIM1_Init
 .text.MX_GPIO_Init
                0x0000000008001158       0x9c ./Application/User/Core/main.o
 .text.Error_Handler
                0x00000000080011f4        0xa ./Application/User/Core/main.o
                0x00000000080011f4                Error_Handler
 *fill*         0x00000000080011fe        0x2 
 .text.HAL_MspInit
                0x0000000008001200       0x48 ./Application/User/Core/stm32l4xx_hal_msp.o
                0x0000000008001200                HAL_MspInit
 .text.HAL_CRC_MspInit
                0x0000000008001248       0x40 ./Application/User/Core/stm32l4xx_hal_msp.o
                0x0000000008001248                HAL_CRC_MspInit
 .text.HAL_RTC_MspInit
                0x0000000008001288       0x64 ./Application/User/Core/stm32l4xx_hal_msp.o
                0x0000000008001288                HAL_RTC_MspInit
 .text.HAL_TIM_Base_MspInit
                0x00000000080012ec       0x40 ./Application/User/Core/stm32l4xx_hal_msp.o
                0x00000000080012ec                HAL_TIM_Base_MspInit
 .text.NMI_Handler
                0x000000000800132c        0x6 ./Application/User/Core/stm32l4xx_it.o
                0x000000000800132c                NMI_Handler
 .text.HardFault_Handler
                0x0000000008001332        0x6 ./Application/User/Core/stm32l4xx_it.o
                0x0000000008001332                HardFault_Handler
 .text.MemManage_Handler
                0x0000000008001338        0x6 ./Application/User/Core/stm32l4xx_it.o
                0x0000000008001338                MemManage_Handler
 .text.BusFault_Handler
                0x000000000800133e        0x6 ./Application/User/Core/stm32l4xx_it.o
                0x000000000800133e                BusFault_Handler
 .text.UsageFault_Handler
                0x0000000008001344        0x6 ./Application/User/Core/stm32l4xx_it.o
                0x0000000008001344                UsageFault_Handler
 .text.SVC_Handler
                0x000000000800134a        0xe ./Application/User/Core/stm32l4xx_it.o
                0x000000000800134a                SVC_Handler
 .text.DebugMon_Handler
                0x0000000008001358        0xe ./Application/User/Core/stm32l4xx_it.o
                0x0000000008001358                DebugMon_Handler
 .text.PendSV_Handler
                0x0000000008001366        0xe ./Application/User/Core/stm32l4xx_it.o
                0x0000000008001366                PendSV_Handler
 .text.SysTick_Handler
                0x0000000008001374        0xc ./Application/User/Core/stm32l4xx_it.o
                0x0000000008001374                SysTick_Handler
 .text._sbrk    0x0000000008001380       0x6c ./Application/User/Core/sysmem.o
                0x0000000008001380                _sbrk
 .text.MX_MEMS_Init
                0x00000000080013ec        0xc ./Application/User/MEMS/App/app_mems.o
                0x00000000080013ec                MX_MEMS_Init
 .text.MX_MEMS_Process
                0x00000000080013f8        0xc ./Application/User/MEMS/App/app_mems.o
                0x00000000080013f8                MX_MEMS_Process
 .text.MX_Pedometer_Init
                0x0000000008001404       0x5c ./Application/User/MEMS/App/app_mems.o
 .text.MX_Pedometer_Process
                0x0000000008001460       0xd4 ./Application/User/MEMS/App/app_mems.o
 .text.Init_Sensors
                0x0000000008001534       0x34 ./Application/User/MEMS/App/app_mems.o
 .text.RTC_Handler
                0x0000000008001568       0xe8 ./Application/User/MEMS/App/app_mems.o
 .text.PM_Data_Handler
                0x0000000008001650       0xe0 ./Application/User/MEMS/App/app_mems.o
 .text.Accelero_Sensor_Handler
                0x0000000008001730       0xb4 ./Application/User/MEMS/App/app_mems.o
 .text.Gyro_Sensor_Handler
                0x00000000080017e4       0xb4 ./Application/User/MEMS/App/app_mems.o
 .text.Magneto_Sensor_Handler
                0x0000000008001898       0xb4 ./Application/User/MEMS/App/app_mems.o
 .text.Pressure_Sensor_Handler
                0x000000000800194c       0x60 ./Application/User/MEMS/App/app_mems.o
 .text.Temperature_Sensor_Handler
                0x00000000080019ac       0x60 ./Application/User/MEMS/App/app_mems.o
 .text.Humidity_Sensor_Handler
                0x0000000008001a0c       0x60 ./Application/User/MEMS/App/app_mems.o
 .text.TIM_Config
                0x0000000008001a6c       0x68 ./Application/User/MEMS/App/app_mems.o
 .text.MEMS_INT1_Force_Low
                0x0000000008001ad4       0x44 ./Application/User/MEMS/App/app_mems.o
 .text.MEMS_INT1_Init
                0x0000000008001b18       0x38 ./Application/User/MEMS/App/app_mems.o
 .text.DWT_Init
                0x0000000008001b50       0x30 ./Application/User/MEMS/App/app_mems.o
 .text.DWT_Start
                0x0000000008001b80       0x24 ./Application/User/MEMS/App/app_mems.o
 .text.DWT_Stop
                0x0000000008001ba4       0x50 ./Application/User/MEMS/App/app_mems.o
 .text.UART_ReceivedMSG
                0x0000000008001bf4      0x16c ./Application/User/MEMS/Target/com.o
                0x0000000008001bf4                UART_ReceivedMSG
 .text.UART_SendMsg
                0x0000000008001d60       0x38 ./Application/User/MEMS/Target/com.o
                0x0000000008001d60                UART_SendMsg
 .text.UART_StartReceiveMsg
                0x0000000008001d98       0x34 ./Application/User/MEMS/Target/com.o
                0x0000000008001d98                UART_StartReceiveMsg
 .text.Get_DMA_Flag_Status
                0x0000000008001dcc      0x1e4 ./Application/User/MEMS/Target/com.o
 .text.Get_DMA_Counter
                0x0000000008001fb0       0x1a ./Application/User/MEMS/Target/com.o
 .text.BSP_SENSOR_ACC_Init
                0x0000000008001fca       0x10 ./Application/User/MEMS/Target/custom_mems_control.o
                0x0000000008001fca                BSP_SENSOR_ACC_Init
 .text.BSP_SENSOR_GYR_Init
                0x0000000008001fda       0x10 ./Application/User/MEMS/Target/custom_mems_control.o
                0x0000000008001fda                BSP_SENSOR_GYR_Init
 .text.BSP_SENSOR_MAG_Init
                0x0000000008001fea        0xe ./Application/User/MEMS/Target/custom_mems_control.o
                0x0000000008001fea                BSP_SENSOR_MAG_Init
 .text.BSP_SENSOR_PRESS_Init
                0x0000000008001ff8        0xe ./Application/User/MEMS/Target/custom_mems_control.o
                0x0000000008001ff8                BSP_SENSOR_PRESS_Init
 .text.BSP_SENSOR_TEMP_Init
                0x0000000008002006        0xe ./Application/User/MEMS/Target/custom_mems_control.o
                0x0000000008002006                BSP_SENSOR_TEMP_Init
 .text.BSP_SENSOR_HUM_Init
                0x0000000008002014        0xe ./Application/User/MEMS/Target/custom_mems_control.o
                0x0000000008002014                BSP_SENSOR_HUM_Init
 .text.BSP_SENSOR_ACC_Enable
                0x0000000008002022       0x10 ./Application/User/MEMS/Target/custom_mems_control.o
                0x0000000008002022                BSP_SENSOR_ACC_Enable
 .text.BSP_SENSOR_GYR_Enable
                0x0000000008002032       0x10 ./Application/User/MEMS/Target/custom_mems_control.o
                0x0000000008002032                BSP_SENSOR_GYR_Enable
 .text.BSP_SENSOR_MAG_Enable
                0x0000000008002042        0xe ./Application/User/MEMS/Target/custom_mems_control.o
                0x0000000008002042                BSP_SENSOR_MAG_Enable
 .text.BSP_SENSOR_PRESS_Enable
                0x0000000008002050        0xe ./Application/User/MEMS/Target/custom_mems_control.o
                0x0000000008002050                BSP_SENSOR_PRESS_Enable
 .text.BSP_SENSOR_TEMP_Enable
                0x000000000800205e        0xe ./Application/User/MEMS/Target/custom_mems_control.o
                0x000000000800205e                BSP_SENSOR_TEMP_Enable
 .text.BSP_SENSOR_HUM_Enable
                0x000000000800206c        0xe ./Application/User/MEMS/Target/custom_mems_control.o
                0x000000000800206c                BSP_SENSOR_HUM_Enable
 .text.BSP_SENSOR_ACC_Disable
                0x000000000800207a       0x10 ./Application/User/MEMS/Target/custom_mems_control.o
                0x000000000800207a                BSP_SENSOR_ACC_Disable
 .text.BSP_SENSOR_GYR_Disable
                0x000000000800208a       0x10 ./Application/User/MEMS/Target/custom_mems_control.o
                0x000000000800208a                BSP_SENSOR_GYR_Disable
 .text.BSP_SENSOR_MAG_Disable
                0x000000000800209a        0xe ./Application/User/MEMS/Target/custom_mems_control.o
                0x000000000800209a                BSP_SENSOR_MAG_Disable
 .text.BSP_SENSOR_PRESS_Disable
                0x00000000080020a8        0xe ./Application/User/MEMS/Target/custom_mems_control.o
                0x00000000080020a8                BSP_SENSOR_PRESS_Disable
 .text.BSP_SENSOR_TEMP_Disable
                0x00000000080020b6        0xe ./Application/User/MEMS/Target/custom_mems_control.o
                0x00000000080020b6                BSP_SENSOR_TEMP_Disable
 .text.BSP_SENSOR_HUM_Disable
                0x00000000080020c4        0xe ./Application/User/MEMS/Target/custom_mems_control.o
                0x00000000080020c4                BSP_SENSOR_HUM_Disable
 .text.BSP_SENSOR_ACC_GetAxes
                0x00000000080020d2       0x1a ./Application/User/MEMS/Target/custom_mems_control.o
                0x00000000080020d2                BSP_SENSOR_ACC_GetAxes
 .text.BSP_SENSOR_GYR_GetAxes
                0x00000000080020ec       0x1a ./Application/User/MEMS/Target/custom_mems_control.o
                0x00000000080020ec                BSP_SENSOR_GYR_GetAxes
 .text.BSP_SENSOR_MAG_GetAxes
                0x0000000008002106       0x26 ./Application/User/MEMS/Target/custom_mems_control.o
                0x0000000008002106                BSP_SENSOR_MAG_GetAxes
 .text.BSP_SENSOR_PRESS_GetValue
                0x000000000800212c       0x14 ./Application/User/MEMS/Target/custom_mems_control.o
                0x000000000800212c                BSP_SENSOR_PRESS_GetValue
 .text.BSP_SENSOR_TEMP_GetValue
                0x0000000008002140       0x14 ./Application/User/MEMS/Target/custom_mems_control.o
                0x0000000008002140                BSP_SENSOR_TEMP_GetValue
 .text.BSP_SENSOR_HUM_GetValue
                0x0000000008002154       0x14 ./Application/User/MEMS/Target/custom_mems_control.o
                0x0000000008002154                BSP_SENSOR_HUM_GetValue
 .text.BSP_SENSOR_ACC_SetOutputDataRate
                0x0000000008002168       0x1e ./Application/User/MEMS/Target/custom_mems_control.o
                0x0000000008002168                BSP_SENSOR_ACC_SetOutputDataRate
 .text.BSP_SENSOR_ACC_SetFullScale
                0x0000000008002186       0x1a ./Application/User/MEMS/Target/custom_mems_control.o
                0x0000000008002186                BSP_SENSOR_ACC_SetFullScale
 .text.CUSTOM_MOTION_SENSOR_Init
                0x00000000080021a0      0x110 ./Application/User/MEMS/Target/custom_motion_sensors.o
                0x00000000080021a0                CUSTOM_MOTION_SENSOR_Init
 .text.CUSTOM_MOTION_SENSOR_Enable
                0x00000000080022b0       0x84 ./Application/User/MEMS/Target/custom_motion_sensors.o
                0x00000000080022b0                CUSTOM_MOTION_SENSOR_Enable
 .text.CUSTOM_MOTION_SENSOR_Disable
                0x0000000008002334       0x84 ./Application/User/MEMS/Target/custom_motion_sensors.o
                0x0000000008002334                CUSTOM_MOTION_SENSOR_Disable
 .text.CUSTOM_MOTION_SENSOR_GetAxes
                0x00000000080023b8       0x88 ./Application/User/MEMS/Target/custom_motion_sensors.o
                0x00000000080023b8                CUSTOM_MOTION_SENSOR_GetAxes
 .text.CUSTOM_MOTION_SENSOR_SetOutputDataRate
                0x0000000008002440       0x8c ./Application/User/MEMS/Target/custom_motion_sensors.o
                0x0000000008002440                CUSTOM_MOTION_SENSOR_SetOutputDataRate
 .text.CUSTOM_MOTION_SENSOR_SetFullScale
                0x00000000080024cc       0x88 ./Application/User/MEMS/Target/custom_motion_sensors.o
                0x00000000080024cc                CUSTOM_MOTION_SENSOR_SetFullScale
 .text.ASM330LHH_0_Probe
                0x0000000008002554      0x178 ./Application/User/MEMS/Target/custom_motion_sensors.o
 .text.CUSTOM_ASM330LHH_0_Init
                0x00000000080026cc       0x24 ./Application/User/MEMS/Target/custom_motion_sensors.o
 .text.CUSTOM_ASM330LHH_0_DeInit
                0x00000000080026f0       0x24 ./Application/User/MEMS/Target/custom_motion_sensors.o
 .text.CUSTOM_ASM330LHH_0_WriteReg
                0x0000000008002714       0x74 ./Application/User/MEMS/Target/custom_motion_sensors.o
 .text.CUSTOM_ASM330LHH_0_ReadReg
                0x0000000008002788       0x80 ./Application/User/MEMS/Target/custom_motion_sensors.o
 .text.BUILD_REPLY_HEADER
                0x0000000008002808       0x2e ./Application/User/MEMS/Target/demo_serial.o
                0x0000000008002808                BUILD_REPLY_HEADER
 *fill*         0x0000000008002836        0x2 
 .text.INIT_STREAMING_HEADER
                0x0000000008002838       0x34 ./Application/User/MEMS/Target/demo_serial.o
                0x0000000008002838                INIT_STREAMING_HEADER
 .text.HandleMSG
                0x000000000800286c      0x6cc ./Application/User/MEMS/Target/demo_serial.o
                0x000000000800286c                HandleMSG
 .text.RTC_DateRegulate
                0x0000000008002f38       0x54 ./Application/User/MEMS/Target/demo_serial.o
                0x0000000008002f38                RTC_DateRegulate
 .text.RTC_TimeRegulate
                0x0000000008002f8c       0x54 ./Application/User/MEMS/Target/demo_serial.o
                0x0000000008002f8c                RTC_TimeRegulate
 .text.Get_PresentationString
                0x0000000008002fe0       0x80 ./Application/User/MEMS/Target/demo_serial.o
                0x0000000008002fe0                Get_PresentationString
 .text.MotionPM_manager_init
                0x0000000008003060        0xc ./Application/User/MEMS/Target/motion_pm_manager.o
                0x0000000008003060                MotionPM_manager_init
 .text.MotionPM_manager_run
                0x000000000800306c       0x1a ./Application/User/MEMS/Target/motion_pm_manager.o
                0x000000000800306c                MotionPM_manager_run
 .text.MotionPM_manager_get_version
                0x0000000008003086       0x20 ./Application/User/MEMS/Target/motion_pm_manager.o
                0x0000000008003086                MotionPM_manager_get_version
 .text.ByteStuffCopyByte
                0x00000000080030a6       0x56 ./Application/User/MEMS/Target/serial_protocol.o
                0x00000000080030a6                ByteStuffCopyByte
 .text.ByteStuffCopy
                0x00000000080030fc       0x5c ./Application/User/MEMS/Target/serial_protocol.o
                0x00000000080030fc                ByteStuffCopy
 .text.ReverseByteStuffCopyByte2
                0x0000000008003158       0x4e ./Application/User/MEMS/Target/serial_protocol.o
                0x0000000008003158                ReverseByteStuffCopyByte2
 .text.CHK_ComputeAndAdd
                0x00000000080031a6       0x54 ./Application/User/MEMS/Target/serial_protocol.o
                0x00000000080031a6                CHK_ComputeAndAdd
 .text.CHK_CheckAndRemove
                0x00000000080031fa       0x54 ./Application/User/MEMS/Target/serial_protocol.o
                0x00000000080031fa                CHK_CheckAndRemove
 .text.Deserialize
                0x000000000800324e       0x4c ./Application/User/MEMS/Target/serial_protocol.o
                0x000000000800324e                Deserialize
 .text.Serialize_s32
                0x000000000800329a       0x48 ./Application/User/MEMS/Target/serial_protocol.o
                0x000000000800329a                Serialize_s32
 *fill*         0x00000000080032e2        0x2 
 .text.Reset_Handler
                0x00000000080032e4       0x50 ./Application/User/Startup/startup_stm32l4r9zijx.o
                0x00000000080032e4                Reset_Handler
 .text.Default_Handler
                0x0000000008003334        0x2 ./Application/User/Startup/startup_stm32l4r9zijx.o
                0x0000000008003334                RTC_Alarm_IRQHandler
                0x0000000008003334                EXTI2_IRQHandler
                0x0000000008003334                TIM8_TRG_COM_IRQHandler
                0x0000000008003334                TIM8_CC_IRQHandler
                0x0000000008003334                TIM1_CC_IRQHandler
                0x0000000008003334                TSC_IRQHandler
                0x0000000008003334                TAMP_STAMP_IRQHandler
                0x0000000008003334                EXTI3_IRQHandler
                0x0000000008003334                LPTIM2_IRQHandler
                0x0000000008003334                DFSDM1_FLT1_IRQHandler
                0x0000000008003334                GFXMMU_IRQHandler
                0x0000000008003334                I2C3_ER_IRQHandler
                0x0000000008003334                DFSDM1_FLT2_IRQHandler
                0x0000000008003334                EXTI0_IRQHandler
                0x0000000008003334                I2C2_EV_IRQHandler
                0x0000000008003334                CAN1_RX0_IRQHandler
                0x0000000008003334                FPU_IRQHandler
                0x0000000008003334                TIM1_UP_TIM16_IRQHandler
                0x0000000008003334                LTDC_ER_IRQHandler
                0x0000000008003334                SPI1_IRQHandler
                0x0000000008003334                OCTOSPI1_IRQHandler
                0x0000000008003334                TIM6_DAC_IRQHandler
                0x0000000008003334                DCMI_IRQHandler
                0x0000000008003334                TIM8_UP_IRQHandler
                0x0000000008003334                OCTOSPI2_IRQHandler
                0x0000000008003334                DMA2_Channel2_IRQHandler
                0x0000000008003334                DMA1_Channel4_IRQHandler
                0x0000000008003334                SAI2_IRQHandler
                0x0000000008003334                ADC1_IRQHandler
                0x0000000008003334                DFSDM1_FLT3_IRQHandler
                0x0000000008003334                USART3_IRQHandler
                0x0000000008003334                DMA1_Channel7_IRQHandler
                0x0000000008003334                CAN1_RX1_IRQHandler
                0x0000000008003334                UART5_IRQHandler
                0x0000000008003334                TIM4_IRQHandler
                0x0000000008003334                DMA2_Channel1_IRQHandler
                0x0000000008003334                I2C1_EV_IRQHandler
                0x0000000008003334                DMAMUX1_OVR_IRQHandler
                0x0000000008003334                DMA1_Channel6_IRQHandler
                0x0000000008003334                UART4_IRQHandler
                0x0000000008003334                DMA2_Channel4_IRQHandler
                0x0000000008003334                TIM3_IRQHandler
                0x0000000008003334                RCC_IRQHandler
                0x0000000008003334                DMA1_Channel1_IRQHandler
                0x0000000008003334                Default_Handler
                0x0000000008003334                DMA2_Channel7_IRQHandler
                0x0000000008003334                EXTI15_10_IRQHandler
                0x0000000008003334                TIM7_IRQHandler
                0x0000000008003334                SDMMC1_IRQHandler
                0x0000000008003334                TIM5_IRQHandler
                0x0000000008003334                I2C3_EV_IRQHandler
                0x0000000008003334                EXTI9_5_IRQHandler
                0x0000000008003334                RTC_WKUP_IRQHandler
                0x0000000008003334                LTDC_IRQHandler
                0x0000000008003334                PVD_PVM_IRQHandler
                0x0000000008003334                SPI2_IRQHandler
                0x0000000008003334                CAN1_TX_IRQHandler
                0x0000000008003334                DMA2_Channel5_IRQHandler
                0x0000000008003334                CRS_IRQHandler
                0x0000000008003334                DMA1_Channel5_IRQHandler
                0x0000000008003334                EXTI4_IRQHandler
                0x0000000008003334                RNG_IRQHandler
                0x0000000008003334                TIM1_TRG_COM_TIM17_IRQHandler
                0x0000000008003334                DMA1_Channel3_IRQHandler
                0x0000000008003334                COMP_IRQHandler
                0x0000000008003334                DSI_IRQHandler
                0x0000000008003334                WWDG_IRQHandler
                0x0000000008003334                I2C4_EV_IRQHandler
                0x0000000008003334                LPUART1_IRQHandler
                0x0000000008003334                DMA2_Channel6_IRQHandler
                0x0000000008003334                TIM2_IRQHandler
                0x0000000008003334                DMA2D_IRQHandler
                0x0000000008003334                EXTI1_IRQHandler
                0x0000000008003334                USART2_IRQHandler
                0x0000000008003334                DFSDM1_FLT0_IRQHandler
                0x0000000008003334                I2C2_ER_IRQHandler
                0x0000000008003334                DMA1_Channel2_IRQHandler
                0x0000000008003334                TIM8_BRK_IRQHandler
                0x0000000008003334                CAN1_SCE_IRQHandler
                0x0000000008003334                FLASH_IRQHandler
                0x0000000008003334                USART1_IRQHandler
                0x0000000008003334                OTG_FS_IRQHandler
                0x0000000008003334                SPI3_IRQHandler
                0x0000000008003334                I2C1_ER_IRQHandler
                0x0000000008003334                FMC_IRQHandler
                0x0000000008003334                LPTIM1_IRQHandler
                0x0000000008003334                I2C4_ER_IRQHandler
                0x0000000008003334                SAI1_IRQHandler
                0x0000000008003334                DMA2_Channel3_IRQHandler
                0x0000000008003334                TIM1_BRK_TIM15_IRQHandler
 *fill*         0x0000000008003336        0x2 
 .text.ASM330LHH_RegisterBusIO
                0x0000000008003338       0xd4 ./Drivers/BSP/Components/asm330lhh.o
                0x0000000008003338                ASM330LHH_RegisterBusIO
 .text.ASM330LHH_Init
                0x000000000800340c       0xea ./Drivers/BSP/Components/asm330lhh.o
                0x000000000800340c                ASM330LHH_Init
 .text.ASM330LHH_DeInit
                0x00000000080034f6       0x4e ./Drivers/BSP/Components/asm330lhh.o
                0x00000000080034f6                ASM330LHH_DeInit
 .text.ASM330LHH_ReadID
                0x0000000008003544       0x2c ./Drivers/BSP/Components/asm330lhh.o
                0x0000000008003544                ASM330LHH_ReadID
 .text.ASM330LHH_GetCapabilities
                0x0000000008003570       0x5c ./Drivers/BSP/Components/asm330lhh.o
                0x0000000008003570                ASM330LHH_GetCapabilities
 .text.ASM330LHH_ACC_Enable
                0x00000000080035cc       0x48 ./Drivers/BSP/Components/asm330lhh.o
                0x00000000080035cc                ASM330LHH_ACC_Enable
 .text.ASM330LHH_ACC_Disable
                0x0000000008003614       0x5e ./Drivers/BSP/Components/asm330lhh.o
                0x0000000008003614                ASM330LHH_ACC_Disable
 *fill*         0x0000000008003672        0x2 
 .text.ASM330LHH_ACC_GetSensitivity
                0x0000000008003674       0x8c ./Drivers/BSP/Components/asm330lhh.o
                0x0000000008003674                ASM330LHH_ACC_GetSensitivity
 .text.ASM330LHH_ACC_GetOutputDataRate
                0x0000000008003700       0xf8 ./Drivers/BSP/Components/asm330lhh.o
                0x0000000008003700                ASM330LHH_ACC_GetOutputDataRate
 .text.ASM330LHH_ACC_SetOutputDataRate
                0x00000000080037f8       0x38 ./Drivers/BSP/Components/asm330lhh.o
                0x00000000080037f8                ASM330LHH_ACC_SetOutputDataRate
 .text.ASM330LHH_ACC_GetFullScale
                0x0000000008003830       0x7c ./Drivers/BSP/Components/asm330lhh.o
                0x0000000008003830                ASM330LHH_ACC_GetFullScale
 .text.ASM330LHH_ACC_SetFullScale
                0x00000000080038ac       0x50 ./Drivers/BSP/Components/asm330lhh.o
                0x00000000080038ac                ASM330LHH_ACC_SetFullScale
 .text.ASM330LHH_ACC_GetAxesRaw
                0x00000000080038fc       0x48 ./Drivers/BSP/Components/asm330lhh.o
                0x00000000080038fc                ASM330LHH_ACC_GetAxesRaw
 .text.ASM330LHH_ACC_GetAxes
                0x0000000008003944       0xae ./Drivers/BSP/Components/asm330lhh.o
                0x0000000008003944                ASM330LHH_ACC_GetAxes
 .text.ASM330LHH_GYRO_Enable
                0x00000000080039f2       0x48 ./Drivers/BSP/Components/asm330lhh.o
                0x00000000080039f2                ASM330LHH_GYRO_Enable
 .text.ASM330LHH_GYRO_Disable
                0x0000000008003a3a       0x5e ./Drivers/BSP/Components/asm330lhh.o
                0x0000000008003a3a                ASM330LHH_GYRO_Disable
 .text.ASM330LHH_GYRO_GetSensitivity
                0x0000000008003a98       0xbc ./Drivers/BSP/Components/asm330lhh.o
                0x0000000008003a98                ASM330LHH_GYRO_GetSensitivity
 .text.ASM330LHH_GYRO_GetOutputDataRate
                0x0000000008003b54       0xf8 ./Drivers/BSP/Components/asm330lhh.o
                0x0000000008003b54                ASM330LHH_GYRO_GetOutputDataRate
 .text.ASM330LHH_GYRO_SetOutputDataRate
                0x0000000008003c4c       0x38 ./Drivers/BSP/Components/asm330lhh.o
                0x0000000008003c4c                ASM330LHH_GYRO_SetOutputDataRate
 .text.ASM330LHH_GYRO_GetFullScale
                0x0000000008003c84       0xb8 ./Drivers/BSP/Components/asm330lhh.o
                0x0000000008003c84                ASM330LHH_GYRO_GetFullScale
 .text.ASM330LHH_GYRO_SetFullScale
                0x0000000008003d3c       0x6a ./Drivers/BSP/Components/asm330lhh.o
                0x0000000008003d3c                ASM330LHH_GYRO_SetFullScale
 .text.ASM330LHH_GYRO_GetAxesRaw
                0x0000000008003da6       0x48 ./Drivers/BSP/Components/asm330lhh.o
                0x0000000008003da6                ASM330LHH_GYRO_GetAxesRaw
 .text.ASM330LHH_GYRO_GetAxes
                0x0000000008003dee       0xa8 ./Drivers/BSP/Components/asm330lhh.o
                0x0000000008003dee                ASM330LHH_GYRO_GetAxes
 .text.ASM330LHH_Write_Reg
                0x0000000008003e96       0x36 ./Drivers/BSP/Components/asm330lhh.o
                0x0000000008003e96                ASM330LHH_Write_Reg
 .text.ASM330LHH_ACC_SetOutputDataRate_When_Enabled
                0x0000000008003ecc      0x118 ./Drivers/BSP/Components/asm330lhh.o
 .text.ASM330LHH_ACC_SetOutputDataRate_When_Disabled
                0x0000000008003fe4      0x104 ./Drivers/BSP/Components/asm330lhh.o
 .text.ASM330LHH_GYRO_SetOutputDataRate_When_Enabled
                0x00000000080040e8      0x118 ./Drivers/BSP/Components/asm330lhh.o
 .text.ASM330LHH_GYRO_SetOutputDataRate_When_Disabled
                0x0000000008004200      0x104 ./Drivers/BSP/Components/asm330lhh.o
 .text.ReadRegWrap
                0x0000000008004304       0x36 ./Drivers/BSP/Components/asm330lhh.o
 .text.WriteRegWrap
                0x000000000800433a       0x36 ./Drivers/BSP/Components/asm330lhh.o
 .text.asm330lhh_read_reg
                0x0000000008004370       0x30 ./Drivers/BSP/Components/asm330lhh_reg.o
                0x0000000008004370                asm330lhh_read_reg
 .text.asm330lhh_write_reg
                0x00000000080043a0       0x30 ./Drivers/BSP/Components/asm330lhh_reg.o
                0x00000000080043a0                asm330lhh_write_reg
 .text.asm330lhh_xl_full_scale_set
                0x00000000080043d0       0x4c ./Drivers/BSP/Components/asm330lhh_reg.o
                0x00000000080043d0                asm330lhh_xl_full_scale_set
 .text.asm330lhh_xl_full_scale_get
                0x000000000800441c       0x70 ./Drivers/BSP/Components/asm330lhh_reg.o
                0x000000000800441c                asm330lhh_xl_full_scale_get
 .text.asm330lhh_xl_data_rate_set
                0x000000000800448c       0x4c ./Drivers/BSP/Components/asm330lhh_reg.o
                0x000000000800448c                asm330lhh_xl_data_rate_set
 .text.asm330lhh_xl_data_rate_get
                0x00000000080044d8       0xc4 ./Drivers/BSP/Components/asm330lhh_reg.o
                0x00000000080044d8                asm330lhh_xl_data_rate_get
 .text.asm330lhh_gy_full_scale_set
                0x000000000800459c       0x4c ./Drivers/BSP/Components/asm330lhh_reg.o
                0x000000000800459c                asm330lhh_gy_full_scale_set
 .text.asm330lhh_gy_full_scale_get
                0x00000000080045e8       0xa4 ./Drivers/BSP/Components/asm330lhh_reg.o
                0x00000000080045e8                asm330lhh_gy_full_scale_get
 .text.asm330lhh_gy_data_rate_set
                0x000000000800468c       0x4c ./Drivers/BSP/Components/asm330lhh_reg.o
                0x000000000800468c                asm330lhh_gy_data_rate_set
 .text.asm330lhh_gy_data_rate_get
                0x00000000080046d8       0xc4 ./Drivers/BSP/Components/asm330lhh_reg.o
                0x00000000080046d8                asm330lhh_gy_data_rate_get
 .text.asm330lhh_block_data_update_set
                0x000000000800479c       0x4c ./Drivers/BSP/Components/asm330lhh_reg.o
                0x000000000800479c                asm330lhh_block_data_update_set
 .text.asm330lhh_angular_rate_raw_get
                0x00000000080047e8       0x96 ./Drivers/BSP/Components/asm330lhh_reg.o
                0x00000000080047e8                asm330lhh_angular_rate_raw_get
 .text.asm330lhh_acceleration_raw_get
                0x000000000800487e       0x96 ./Drivers/BSP/Components/asm330lhh_reg.o
                0x000000000800487e                asm330lhh_acceleration_raw_get
 .text.asm330lhh_device_conf_set
                0x0000000008004914       0x4c ./Drivers/BSP/Components/asm330lhh_reg.o
                0x0000000008004914                asm330lhh_device_conf_set
 .text.asm330lhh_device_id_get
                0x0000000008004960       0x22 ./Drivers/BSP/Components/asm330lhh_reg.o
                0x0000000008004960                asm330lhh_device_id_get
 .text.asm330lhh_auto_increment_set
                0x0000000008004982       0x4c ./Drivers/BSP/Components/asm330lhh_reg.o
                0x0000000008004982                asm330lhh_auto_increment_set
 .text.asm330lhh_fifo_mode_set
                0x00000000080049ce       0x4c ./Drivers/BSP/Components/asm330lhh_reg.o
                0x00000000080049ce                asm330lhh_fifo_mode_set
 *fill*         0x0000000008004a1a        0x2 
 .text.BSP_LED_Init
                0x0000000008004a1c       0x24 ./Drivers/BSP/custom/custom.o
                0x0000000008004a1c                BSP_LED_Init
 .text.BSP_LED_On
                0x0000000008004a40       0x2c ./Drivers/BSP/custom/custom.o
                0x0000000008004a40                BSP_LED_On
 .text.BSP_LED_Off
                0x0000000008004a6c       0x2c ./Drivers/BSP/custom/custom.o
                0x0000000008004a6c                BSP_LED_Off
 .text.LED_USER_GPIO_Init
                0x0000000008004a98       0x80 ./Drivers/BSP/custom/custom.o
 .text.BSP_COM_Init
                0x0000000008004b18       0x7c ./Drivers/BSP/custom/custom.o
                0x0000000008004b18                BSP_COM_Init
 .text.MX_USART1_UART_Init
                0x0000000008004b94       0xa4 ./Drivers/BSP/custom/custom.o
                0x0000000008004b94                MX_USART1_UART_Init
 .text.USART1_MspInit
                0x0000000008004c38       0xbc ./Drivers/BSP/custom/custom.o
 .text.SystemInit
                0x0000000008004cf4       0x24 ./Drivers/CMSIS/system_stm32l4xx.o
                0x0000000008004cf4                SystemInit
 .text.HAL_Init
                0x0000000008004d18       0x30 ./Drivers/STM32L4xx_HAL_Driver/stm32l4xx_hal.o
                0x0000000008004d18                HAL_Init
 .text.HAL_InitTick
                0x0000000008004d48       0x78 ./Drivers/STM32L4xx_HAL_Driver/stm32l4xx_hal.o
                0x0000000008004d48                HAL_InitTick
 .text.HAL_IncTick
                0x0000000008004dc0       0x28 ./Drivers/STM32L4xx_HAL_Driver/stm32l4xx_hal.o
                0x0000000008004dc0                HAL_IncTick
 .text.HAL_GetTick
                0x0000000008004de8       0x18 ./Drivers/STM32L4xx_HAL_Driver/stm32l4xx_hal.o
                0x0000000008004de8                HAL_GetTick
 .text.HAL_Delay
                0x0000000008004e00       0x48 ./Drivers/STM32L4xx_HAL_Driver/stm32l4xx_hal.o
                0x0000000008004e00                HAL_Delay
 .text.__NVIC_SetPriorityGrouping
                0x0000000008004e48       0x48 ./Drivers/STM32L4xx_HAL_Driver/stm32l4xx_hal_cortex.o
 .text.__NVIC_GetPriorityGrouping
                0x0000000008004e90       0x1c ./Drivers/STM32L4xx_HAL_Driver/stm32l4xx_hal_cortex.o
 .text.__NVIC_SetPriority
                0x0000000008004eac       0x54 ./Drivers/STM32L4xx_HAL_Driver/stm32l4xx_hal_cortex.o
 .text.NVIC_EncodePriority
                0x0000000008004f00       0x66 ./Drivers/STM32L4xx_HAL_Driver/stm32l4xx_hal_cortex.o
 *fill*         0x0000000008004f66        0x2 
 .text.SysTick_Config
                0x0000000008004f68       0x44 ./Drivers/STM32L4xx_HAL_Driver/stm32l4xx_hal_cortex.o
 .text.HAL_NVIC_SetPriorityGrouping
                0x0000000008004fac       0x16 ./Drivers/STM32L4xx_HAL_Driver/stm32l4xx_hal_cortex.o
                0x0000000008004fac                HAL_NVIC_SetPriorityGrouping
 .text.HAL_NVIC_SetPriority
                0x0000000008004fc2       0x38 ./Drivers/STM32L4xx_HAL_Driver/stm32l4xx_hal_cortex.o
                0x0000000008004fc2                HAL_NVIC_SetPriority
 .text.HAL_SYSTICK_Config
                0x0000000008004ffa       0x18 ./Drivers/STM32L4xx_HAL_Driver/stm32l4xx_hal_cortex.o
                0x0000000008004ffa                HAL_SYSTICK_Config
 *fill*         0x0000000008005012        0x2 
 .text.HAL_CRC_Init
                0x0000000008005014       0xc8 ./Drivers/STM32L4xx_HAL_Driver/stm32l4xx_hal_crc.o
                0x0000000008005014                HAL_CRC_Init
 .text.HAL_CRCEx_Polynomial_Set
                0x00000000080050dc      0x10c ./Drivers/STM32L4xx_HAL_Driver/stm32l4xx_hal_crc_ex.o
                0x00000000080050dc                HAL_CRCEx_Polynomial_Set
 .text.HAL_DMA_Start_IT
                0x00000000080051e8       0xf6 ./Drivers/STM32L4xx_HAL_Driver/stm32l4xx_hal_dma.o
                0x00000000080051e8                HAL_DMA_Start_IT
 .text.DMA_SetConfig
                0x00000000080052de       0x7c ./Drivers/STM32L4xx_HAL_Driver/stm32l4xx_hal_dma.o
 *fill*         0x000000000800535a        0x2 
 .text.HAL_GPIO_Init
                0x000000000800535c      0x324 ./Drivers/STM32L4xx_HAL_Driver/stm32l4xx_hal_gpio.o
                0x000000000800535c                HAL_GPIO_Init
 .text.HAL_GPIO_DeInit
                0x0000000008005680      0x1e4 ./Drivers/STM32L4xx_HAL_Driver/stm32l4xx_hal_gpio.o
                0x0000000008005680                HAL_GPIO_DeInit
 .text.HAL_GPIO_WritePin
                0x0000000008005864       0x30 ./Drivers/STM32L4xx_HAL_Driver/stm32l4xx_hal_gpio.o
                0x0000000008005864                HAL_GPIO_WritePin
 .text.HAL_PWREx_GetVoltageRange
                0x0000000008005894       0x40 ./Drivers/STM32L4xx_HAL_Driver/stm32l4xx_hal_pwr_ex.o
                0x0000000008005894                HAL_PWREx_GetVoltageRange
 .text.HAL_PWREx_ControlVoltageScaling
                0x00000000080058d4      0x148 ./Drivers/STM32L4xx_HAL_Driver/stm32l4xx_hal_pwr_ex.o
                0x00000000080058d4                HAL_PWREx_ControlVoltageScaling
 .text.HAL_RCC_OscConfig
                0x0000000008005a1c      0x834 ./Drivers/STM32L4xx_HAL_Driver/stm32l4xx_hal_rcc.o
                0x0000000008005a1c                HAL_RCC_OscConfig
 .text.HAL_RCC_ClockConfig
                0x0000000008006250      0x274 ./Drivers/STM32L4xx_HAL_Driver/stm32l4xx_hal_rcc.o
                0x0000000008006250                HAL_RCC_ClockConfig
 .text.HAL_RCC_GetSysClockFreq
                0x00000000080064c4      0x118 ./Drivers/STM32L4xx_HAL_Driver/stm32l4xx_hal_rcc.o
                0x00000000080064c4                HAL_RCC_GetSysClockFreq
 .text.HAL_RCC_GetHCLKFreq
                0x00000000080065dc       0x18 ./Drivers/STM32L4xx_HAL_Driver/stm32l4xx_hal_rcc.o
                0x00000000080065dc                HAL_RCC_GetHCLKFreq
 .text.HAL_RCC_GetPCLK1Freq
                0x00000000080065f4       0x2c ./Drivers/STM32L4xx_HAL_Driver/stm32l4xx_hal_rcc.o
                0x00000000080065f4                HAL_RCC_GetPCLK1Freq
 .text.HAL_RCC_GetPCLK2Freq
                0x0000000008006620       0x2c ./Drivers/STM32L4xx_HAL_Driver/stm32l4xx_hal_rcc.o
                0x0000000008006620                HAL_RCC_GetPCLK2Freq
 .text.RCC_SetFlashLatencyFromMSIRange
                0x000000000800664c       0xb4 ./Drivers/STM32L4xx_HAL_Driver/stm32l4xx_hal_rcc.o
 .text.RCC_GetSysClockFreqFromPLLSource
                0x0000000008006700       0xcc ./Drivers/STM32L4xx_HAL_Driver/stm32l4xx_hal_rcc.o
 .text.HAL_RCCEx_PeriphCLKConfig
                0x00000000080067cc      0x720 ./Drivers/STM32L4xx_HAL_Driver/stm32l4xx_hal_rcc_ex.o
                0x00000000080067cc                HAL_RCCEx_PeriphCLKConfig
 .text.RCCEx_PLLSAI1_Config
                0x0000000008006eec      0x1e8 ./Drivers/STM32L4xx_HAL_Driver/stm32l4xx_hal_rcc_ex.o
 .text.RCCEx_PLLSAI2_Config
                0x00000000080070d4      0x1e8 ./Drivers/STM32L4xx_HAL_Driver/stm32l4xx_hal_rcc_ex.o
 .text.HAL_RTC_Init
                0x00000000080072bc       0xf6 ./Drivers/STM32L4xx_HAL_Driver/stm32l4xx_hal_rtc.o
                0x00000000080072bc                HAL_RTC_Init
 .text.HAL_RTC_SetTime
                0x00000000080073b2      0x13a ./Drivers/STM32L4xx_HAL_Driver/stm32l4xx_hal_rtc.o
                0x00000000080073b2                HAL_RTC_SetTime
 .text.HAL_RTC_GetTime
                0x00000000080074ec       0xb8 ./Drivers/STM32L4xx_HAL_Driver/stm32l4xx_hal_rtc.o
                0x00000000080074ec                HAL_RTC_GetTime
 .text.HAL_RTC_SetDate
                0x00000000080075a4      0x10e ./Drivers/STM32L4xx_HAL_Driver/stm32l4xx_hal_rtc.o
                0x00000000080075a4                HAL_RTC_SetDate
 .text.HAL_RTC_GetDate
                0x00000000080076b2       0x9a ./Drivers/STM32L4xx_HAL_Driver/stm32l4xx_hal_rtc.o
                0x00000000080076b2                HAL_RTC_GetDate
 .text.HAL_RTC_WaitForSynchro
                0x000000000800774c       0x4c ./Drivers/STM32L4xx_HAL_Driver/stm32l4xx_hal_rtc.o
                0x000000000800774c                HAL_RTC_WaitForSynchro
 .text.RTC_EnterInitMode
                0x0000000008007798       0x66 ./Drivers/STM32L4xx_HAL_Driver/stm32l4xx_hal_rtc.o
                0x0000000008007798                RTC_EnterInitMode
 *fill*         0x00000000080077fe        0x2 
 .text.RTC_ExitInitMode
                0x0000000008007800       0x7c ./Drivers/STM32L4xx_HAL_Driver/stm32l4xx_hal_rtc.o
                0x0000000008007800                RTC_ExitInitMode
 .text.RTC_ByteToBcd2
                0x000000000800787c       0x40 ./Drivers/STM32L4xx_HAL_Driver/stm32l4xx_hal_rtc.o
                0x000000000800787c                RTC_ByteToBcd2
 .text.RTC_Bcd2ToByte
                0x00000000080078bc       0x34 ./Drivers/STM32L4xx_HAL_Driver/stm32l4xx_hal_rtc.o
                0x00000000080078bc                RTC_Bcd2ToByte
 .text.HAL_SPI_Init
                0x00000000080078f0      0x146 ./Drivers/STM32L4xx_HAL_Driver/stm32l4xx_hal_spi.o
                0x00000000080078f0                HAL_SPI_Init
 .text.HAL_SPI_DeInit
                0x0000000008007a36       0x50 ./Drivers/STM32L4xx_HAL_Driver/stm32l4xx_hal_spi.o
                0x0000000008007a36                HAL_SPI_DeInit
 .text.HAL_SPI_MspInit
                0x0000000008007a86       0x14 ./Drivers/STM32L4xx_HAL_Driver/stm32l4xx_hal_spi.o
                0x0000000008007a86                HAL_SPI_MspInit
 .text.HAL_SPI_MspDeInit
                0x0000000008007a9a       0x14 ./Drivers/STM32L4xx_HAL_Driver/stm32l4xx_hal_spi.o
                0x0000000008007a9a                HAL_SPI_MspDeInit
 .text.HAL_SPI_Transmit
                0x0000000008007aae      0x2dc ./Drivers/STM32L4xx_HAL_Driver/stm32l4xx_hal_spi.o
                0x0000000008007aae                HAL_SPI_Transmit
 .text.HAL_SPI_Receive
                0x0000000008007d8a      0x260 ./Drivers/STM32L4xx_HAL_Driver/stm32l4xx_hal_spi.o
                0x0000000008007d8a                HAL_SPI_Receive
 .text.HAL_SPI_TransmitReceive
                0x0000000008007fea      0x426 ./Drivers/STM32L4xx_HAL_Driver/stm32l4xx_hal_spi.o
                0x0000000008007fea                HAL_SPI_TransmitReceive
 .text.HAL_SPI_GetState
                0x0000000008008410       0x1c ./Drivers/STM32L4xx_HAL_Driver/stm32l4xx_hal_spi.o
                0x0000000008008410                HAL_SPI_GetState
 .text.SPI_WaitFlagStateUntilTimeout
                0x000000000800842c      0x110 ./Drivers/STM32L4xx_HAL_Driver/stm32l4xx_hal_spi.o
 .text.SPI_WaitFifoStateUntilTimeout
                0x000000000800853c      0x12c ./Drivers/STM32L4xx_HAL_Driver/stm32l4xx_hal_spi.o
 .text.SPI_EndRxTransaction
                0x0000000008008668       0xb0 ./Drivers/STM32L4xx_HAL_Driver/stm32l4xx_hal_spi.o
 .text.SPI_EndRxTxTransaction
                0x0000000008008718       0x8c ./Drivers/STM32L4xx_HAL_Driver/stm32l4xx_hal_spi.o
 .text.HAL_TIM_Base_Init
                0x00000000080087a4       0xae ./Drivers/STM32L4xx_HAL_Driver/stm32l4xx_hal_tim.o
                0x00000000080087a4                HAL_TIM_Base_Init
 *fill*         0x0000000008008852        0x2 
 .text.HAL_TIM_Base_Start_IT
                0x0000000008008854       0xe0 ./Drivers/STM32L4xx_HAL_Driver/stm32l4xx_hal_tim.o
                0x0000000008008854                HAL_TIM_Base_Start_IT
 .text.HAL_TIM_Base_Stop_IT
                0x0000000008008934       0x5e ./Drivers/STM32L4xx_HAL_Driver/stm32l4xx_hal_tim.o
                0x0000000008008934                HAL_TIM_Base_Stop_IT
 .text.HAL_TIM_ConfigClockSource
                0x0000000008008992      0x192 ./Drivers/STM32L4xx_HAL_Driver/stm32l4xx_hal_tim.o
                0x0000000008008992                HAL_TIM_ConfigClockSource
 .text.TIM_Base_SetConfig
                0x0000000008008b24      0x134 ./Drivers/STM32L4xx_HAL_Driver/stm32l4xx_hal_tim.o
                0x0000000008008b24                TIM_Base_SetConfig
 .text.TIM_TI1_ConfigInputStage
                0x0000000008008c58       0x5e ./Drivers/STM32L4xx_HAL_Driver/stm32l4xx_hal_tim.o
 .text.TIM_TI2_ConfigInputStage
                0x0000000008008cb6       0x60 ./Drivers/STM32L4xx_HAL_Driver/stm32l4xx_hal_tim.o
 .text.TIM_ITRx_SetConfig
                0x0000000008008d16       0x36 ./Drivers/STM32L4xx_HAL_Driver/stm32l4xx_hal_tim.o
 .text.TIM_ETR_SetConfig
                0x0000000008008d4c       0x40 ./Drivers/STM32L4xx_HAL_Driver/stm32l4xx_hal_tim.o
                0x0000000008008d4c                TIM_ETR_SetConfig
 .text.HAL_TIMEx_MasterConfigSynchronization
                0x0000000008008d8c      0x110 ./Drivers/STM32L4xx_HAL_Driver/stm32l4xx_hal_tim_ex.o
                0x0000000008008d8c                HAL_TIMEx_MasterConfigSynchronization
 .text.HAL_UART_Init
                0x0000000008008e9c       0xa0 ./Drivers/STM32L4xx_HAL_Driver/stm32l4xx_hal_uart.o
                0x0000000008008e9c                HAL_UART_Init
 .text.HAL_UART_MspInit
                0x0000000008008f3c       0x14 ./Drivers/STM32L4xx_HAL_Driver/stm32l4xx_hal_uart.o
                0x0000000008008f3c                HAL_UART_MspInit
 .text.HAL_UART_Transmit
                0x0000000008008f50      0x12e ./Drivers/STM32L4xx_HAL_Driver/stm32l4xx_hal_uart.o
                0x0000000008008f50                HAL_UART_Transmit
 *fill*         0x000000000800907e        0x2 
 .text.HAL_UART_Receive_DMA
                0x0000000008009080       0xac ./Drivers/STM32L4xx_HAL_Driver/stm32l4xx_hal_uart.o
                0x0000000008009080                HAL_UART_Receive_DMA
 .text.HAL_UART_RxCpltCallback
                0x000000000800912c       0x14 ./Drivers/STM32L4xx_HAL_Driver/stm32l4xx_hal_uart.o
                0x000000000800912c                HAL_UART_RxCpltCallback
 .text.HAL_UART_RxHalfCpltCallback
                0x0000000008009140       0x14 ./Drivers/STM32L4xx_HAL_Driver/stm32l4xx_hal_uart.o
                0x0000000008009140                HAL_UART_RxHalfCpltCallback
 .text.HAL_UART_ErrorCallback
                0x0000000008009154       0x14 ./Drivers/STM32L4xx_HAL_Driver/stm32l4xx_hal_uart.o
                0x0000000008009154                HAL_UART_ErrorCallback
 .text.HAL_UARTEx_RxEventCallback
                0x0000000008009168       0x18 ./Drivers/STM32L4xx_HAL_Driver/stm32l4xx_hal_uart.o
                0x0000000008009168                HAL_UARTEx_RxEventCallback
 .text.UART_SetConfig
                0x0000000008009180      0x5f8 ./Drivers/STM32L4xx_HAL_Driver/stm32l4xx_hal_uart.o
                0x0000000008009180                UART_SetConfig
 .text.UART_AdvFeatureConfig
                0x0000000008009778      0x144 ./Drivers/STM32L4xx_HAL_Driver/stm32l4xx_hal_uart.o
                0x0000000008009778                UART_AdvFeatureConfig
 .text.UART_CheckIdleState
                0x00000000080098bc       0x96 ./Drivers/STM32L4xx_HAL_Driver/stm32l4xx_hal_uart.o
                0x00000000080098bc                UART_CheckIdleState
 .text.UART_WaitOnFlagUntilTimeout
                0x0000000008009952      0x190 ./Drivers/STM32L4xx_HAL_Driver/stm32l4xx_hal_uart.o
                0x0000000008009952                UART_WaitOnFlagUntilTimeout
 *fill*         0x0000000008009ae2        0x2 
 .text.UART_Start_Receive_DMA
                0x0000000008009ae4      0x150 ./Drivers/STM32L4xx_HAL_Driver/stm32l4xx_hal_uart.o
                0x0000000008009ae4                UART_Start_Receive_DMA
 .text.UART_EndTxTransfer
                0x0000000008009c34       0x82 ./Drivers/STM32L4xx_HAL_Driver/stm32l4xx_hal_uart.o
 .text.UART_EndRxTransfer
                0x0000000008009cb6       0xcc ./Drivers/STM32L4xx_HAL_Driver/stm32l4xx_hal_uart.o
 .text.UART_DMAReceiveCplt
                0x0000000008009d82      0x126 ./Drivers/STM32L4xx_HAL_Driver/stm32l4xx_hal_uart.o
 .text.UART_DMARxHalfCplt
                0x0000000008009ea8       0x38 ./Drivers/STM32L4xx_HAL_Driver/stm32l4xx_hal_uart.o
 .text.UART_DMAError
                0x0000000008009ee0       0x80 ./Drivers/STM32L4xx_HAL_Driver/stm32l4xx_hal_uart.o
 .text.HAL_UARTEx_DisableFifoMode
                0x0000000008009f60       0x72 ./Drivers/STM32L4xx_HAL_Driver/stm32l4xx_hal_uart_ex.o
                0x0000000008009f60                HAL_UARTEx_DisableFifoMode
 .text.HAL_UARTEx_SetTxFifoThreshold
                0x0000000008009fd2       0x7c ./Drivers/STM32L4xx_HAL_Driver/stm32l4xx_hal_uart_ex.o
                0x0000000008009fd2                HAL_UARTEx_SetTxFifoThreshold
 .text.HAL_UARTEx_SetRxFifoThreshold
                0x000000000800a04e       0x7c ./Drivers/STM32L4xx_HAL_Driver/stm32l4xx_hal_uart_ex.o
                0x000000000800a04e                HAL_UARTEx_SetRxFifoThreshold
 *fill*         0x000000000800a0ca        0x2 
 .text.UARTEx_SetNbDataToProcess
                0x000000000800a0cc       0x9c ./Drivers/STM32L4xx_HAL_Driver/stm32l4xx_hal_uart_ex.o
 .text.MotionPM_Initialize
                0x000000000800a168      0x4d0 ../../Middlewares/ST/STM32_MotionPM_Library/Lib\MotionPM_CM4F_wc32_ot_hard.a(motion_pm.o)
                0x000000000800a168                MotionPM_Initialize
 .text.MotionPM_Update
                0x000000000800a638     0x1ab4 ../../Middlewares/ST/STM32_MotionPM_Library/Lib\MotionPM_CM4F_wc32_ot_hard.a(motion_pm.o)
                0x000000000800a638                MotionPM_Update
 .text.MotionPM_GetLibVersion
                0x000000000800c0ec       0x48 ../../Middlewares/ST/STM32_MotionPM_Library/Lib\MotionPM_CM4F_wc32_ot_hard.a(motion_pm.o)
                0x000000000800c0ec                MotionPM_GetLibVersion
 .text.__errno  0x000000000800c134        0xc d:/program files (x86)/st/stm32cubeide_1.9.0/stm32cubeide/plugins/com.st.stm32cube.ide.mcu.externaltools.gnu-tools-for-stm32.10.3-2021.10.win32_1.0.0.202111181127/tools/bin/../lib/gcc/arm-none-eabi/10.3.1/../../../../arm-none-eabi/lib/thumb/v7e-m+fp/hard\libc_nano.a(lib_a-errno.o)
                0x000000000800c134                __errno
 .text.__libc_init_array
                0x000000000800c140       0x48 d:/program files (x86)/st/stm32cubeide_1.9.0/stm32cubeide/plugins/com.st.stm32cube.ide.mcu.externaltools.gnu-tools-for-stm32.10.3-2021.10.win32_1.0.0.202111181127/tools/bin/../lib/gcc/arm-none-eabi/10.3.1/../../../../arm-none-eabi/lib/thumb/v7e-m+fp/hard\libc_nano.a(lib_a-init.o)
                0x000000000800c140                __libc_init_array
 .text.memcpy   0x000000000800c188       0x1c d:/program files (x86)/st/stm32cubeide_1.9.0/stm32cubeide/plugins/com.st.stm32cube.ide.mcu.externaltools.gnu-tools-for-stm32.10.3-2021.10.win32_1.0.0.202111181127/tools/bin/../lib/gcc/arm-none-eabi/10.3.1/../../../../arm-none-eabi/lib/thumb/v7e-m+fp/hard\libc_nano.a(lib_a-memcpy-stub.o)
                0x000000000800c188                memcpy
 .text.memmove  0x000000000800c1a4       0x34 d:/program files (x86)/st/stm32cubeide_1.9.0/stm32cubeide/plugins/com.st.stm32cube.ide.mcu.externaltools.gnu-tools-for-stm32.10.3-2021.10.win32_1.0.0.202111181127/tools/bin/../lib/gcc/arm-none-eabi/10.3.1/../../../../arm-none-eabi/lib/thumb/v7e-m+fp/hard\libc_nano.a(lib_a-memmove.o)
                0x000000000800c1a4                memmove
 .text.memset   0x000000000800c1d8       0x10 d:/program files (x86)/st/stm32cubeide_1.9.0/stm32cubeide/plugins/com.st.stm32cube.ide.mcu.externaltools.gnu-tools-for-stm32.10.3-2021.10.win32_1.0.0.202111181127/tools/bin/../lib/gcc/arm-none-eabi/10.3.1/../../../../arm-none-eabi/lib/thumb/v7e-m+fp/hard\libc_nano.a(lib_a-memset.o)
                0x000000000800c1d8                memset
 .text.snprintf
                0x000000000800c1e8       0x68 d:/program files (x86)/st/stm32cubeide_1.9.0/stm32cubeide/plugins/com.st.stm32cube.ide.mcu.externaltools.gnu-tools-for-stm32.10.3-2021.10.win32_1.0.0.202111181127/tools/bin/../lib/gcc/arm-none-eabi/10.3.1/../../../../arm-none-eabi/lib/thumb/v7e-m+fp/hard\libc_nano.a(lib_a-snprintf.o)
                0x000000000800c1e8                sniprintf
                0x000000000800c1e8                snprintf
 .text.__ssputs_r
                0x000000000800c250       0xb6 d:/program files (x86)/st/stm32cubeide_1.9.0/stm32cubeide/plugins/com.st.stm32cube.ide.mcu.externaltools.gnu-tools-for-stm32.10.3-2021.10.win32_1.0.0.202111181127/tools/bin/../lib/gcc/arm-none-eabi/10.3.1/../../../../arm-none-eabi/lib/thumb/v7e-m+fp/hard\libc_nano.a(lib_a-nano-svfprintf.o)
                0x000000000800c250                __ssputs_r
 *fill*         0x000000000800c306        0x2 
 .text._svfprintf_r
                0x000000000800c308      0x200 d:/program files (x86)/st/stm32cubeide_1.9.0/stm32cubeide/plugins/com.st.stm32cube.ide.mcu.externaltools.gnu-tools-for-stm32.10.3-2021.10.win32_1.0.0.202111181127/tools/bin/../lib/gcc/arm-none-eabi/10.3.1/../../../../arm-none-eabi/lib/thumb/v7e-m+fp/hard\libc_nano.a(lib_a-nano-svfprintf.o)
                0x000000000800c308                _svfiprintf_r
                0x000000000800c308                _svfprintf_r
 .text._printf_common
                0x000000000800c508       0xda d:/program files (x86)/st/stm32cubeide_1.9.0/stm32cubeide/plugins/com.st.stm32cube.ide.mcu.externaltools.gnu-tools-for-stm32.10.3-2021.10.win32_1.0.0.202111181127/tools/bin/../lib/gcc/arm-none-eabi/10.3.1/../../../../arm-none-eabi/lib/thumb/v7e-m+fp/hard\libc_nano.a(lib_a-nano-vfprintf_i.o)
                0x000000000800c508                _printf_common
 *fill*         0x000000000800c5e2        0x2 
 .text._printf_i
                0x000000000800c5e4      0x24c d:/program files (x86)/st/stm32cubeide_1.9.0/stm32cubeide/plugins/com.st.stm32cube.ide.mcu.externaltools.gnu-tools-for-stm32.10.3-2021.10.win32_1.0.0.202111181127/tools/bin/../lib/gcc/arm-none-eabi/10.3.1/../../../../arm-none-eabi/lib/thumb/v7e-m+fp/hard\libc_nano.a(lib_a-nano-vfprintf_i.o)
                0x000000000800c5e4                _printf_i
 .text._free_r  0x000000000800c830       0x98 d:/program files (x86)/st/stm32cubeide_1.9.0/stm32cubeide/plugins/com.st.stm32cube.ide.mcu.externaltools.gnu-tools-for-stm32.10.3-2021.10.win32_1.0.0.202111181127/tools/bin/../lib/gcc/arm-none-eabi/10.3.1/../../../../arm-none-eabi/lib/thumb/v7e-m+fp/hard\libc_nano.a(lib_a-nano-freer.o)
                0x000000000800c830                _free_r
 .text.sbrk_aligned
                0x000000000800c8c8       0x40 d:/program files (x86)/st/stm32cubeide_1.9.0/stm32cubeide/plugins/com.st.stm32cube.ide.mcu.externaltools.gnu-tools-for-stm32.10.3-2021.10.win32_1.0.0.202111181127/tools/bin/../lib/gcc/arm-none-eabi/10.3.1/../../../../arm-none-eabi/lib/thumb/v7e-m+fp/hard\libc_nano.a(lib_a-nano-mallocr.o)
 .text._malloc_r
                0x000000000800c908       0xe8 d:/program files (x86)/st/stm32cubeide_1.9.0/stm32cubeide/plugins/com.st.stm32cube.ide.mcu.externaltools.gnu-tools-for-stm32.10.3-2021.10.win32_1.0.0.202111181127/tools/bin/../lib/gcc/arm-none-eabi/10.3.1/../../../../arm-none-eabi/lib/thumb/v7e-m+fp/hard\libc_nano.a(lib_a-nano-mallocr.o)
                0x000000000800c908                _malloc_r
 .text._realloc_r
                0x000000000800c9f0       0x5e d:/program files (x86)/st/stm32cubeide_1.9.0/stm32cubeide/plugins/com.st.stm32cube.ide.mcu.externaltools.gnu-tools-for-stm32.10.3-2021.10.win32_1.0.0.202111181127/tools/bin/../lib/gcc/arm-none-eabi/10.3.1/../../../../arm-none-eabi/lib/thumb/v7e-m+fp/hard\libc_nano.a(lib_a-nano-reallocr.o)
                0x000000000800c9f0                _realloc_r
 *fill*         0x000000000800ca4e        0x2 
 .text._sbrk_r  0x000000000800ca50       0x20 d:/program files (x86)/st/stm32cubeide_1.9.0/stm32cubeide/plugins/com.st.stm32cube.ide.mcu.externaltools.gnu-tools-for-stm32.10.3-2021.10.win32_1.0.0.202111181127/tools/bin/../lib/gcc/arm-none-eabi/10.3.1/../../../../arm-none-eabi/lib/thumb/v7e-m+fp/hard\libc_nano.a(lib_a-sbrkr.o)
                0x000000000800ca50                _sbrk_r
 .text.__malloc_lock
                0x000000000800ca70        0xc d:/program files (x86)/st/stm32cubeide_1.9.0/stm32cubeide/plugins/com.st.stm32cube.ide.mcu.externaltools.gnu-tools-for-stm32.10.3-2021.10.win32_1.0.0.202111181127/tools/bin/../lib/gcc/arm-none-eabi/10.3.1/../../../../arm-none-eabi/lib/thumb/v7e-m+fp/hard\libc_nano.a(lib_a-mlock.o)
                0x000000000800ca70                __malloc_lock
 .text.__malloc_unlock
                0x000000000800ca7c        0xc d:/program files (x86)/st/stm32cubeide_1.9.0/stm32cubeide/plugins/com.st.stm32cube.ide.mcu.externaltools.gnu-tools-for-stm32.10.3-2021.10.win32_1.0.0.202111181127/tools/bin/../lib/gcc/arm-none-eabi/10.3.1/../../../../arm-none-eabi/lib/thumb/v7e-m+fp/hard\libc_nano.a(lib_a-mlock.o)
                0x000000000800ca7c                __malloc_unlock
 .text._malloc_usable_size_r
                0x000000000800ca88       0x10 d:/program files (x86)/st/stm32cubeide_1.9.0/stm32cubeide/plugins/com.st.stm32cube.ide.mcu.externaltools.gnu-tools-for-stm32.10.3-2021.10.win32_1.0.0.202111181127/tools/bin/../lib/gcc/arm-none-eabi/10.3.1/../../../../arm-none-eabi/lib/thumb/v7e-m+fp/hard\libc_nano.a(lib_a-nano-msizer.o)
                0x000000000800ca88                _malloc_usable_size_r
 .text.__retarget_lock_acquire_recursive
                0x000000000800ca98        0x2 d:/program files (x86)/st/stm32cubeide_1.9.0/stm32cubeide/plugins/com.st.stm32cube.ide.mcu.externaltools.gnu-tools-for-stm32.10.3-2021.10.win32_1.0.0.202111181127/tools/bin/../lib/gcc/arm-none-eabi/10.3.1/../../../../arm-none-eabi/lib/thumb/v7e-m+fp/hard\libc_nano.a(lib_a-lock.o)
                0x000000000800ca98                __retarget_lock_acquire_recursive
 .text.__retarget_lock_release_recursive
                0x000000000800ca9a        0x2 d:/program files (x86)/st/stm32cubeide_1.9.0/stm32cubeide/plugins/com.st.stm32cube.ide.mcu.externaltools.gnu-tools-for-stm32.10.3-2021.10.win32_1.0.0.202111181127/tools/bin/../lib/gcc/arm-none-eabi/10.3.1/../../../../arm-none-eabi/lib/thumb/v7e-m+fp/hard\libc_nano.a(lib_a-lock.o)
                0x000000000800ca9a                __retarget_lock_release_recursive
 *fill*         0x000000000800ca9c        0x4 
 .text.floor    0x000000000800caa0      0x100 d:/program files (x86)/st/stm32cubeide_1.9.0/stm32cubeide/plugins/com.st.stm32cube.ide.mcu.externaltools.gnu-tools-for-stm32.10.3-2021.10.win32_1.0.0.202111181127/tools/bin/../lib/gcc/arm-none-eabi/10.3.1/../../../../arm-none-eabi/lib/thumb/v7e-m+fp/hard\libm.a(lib_a-s_floor.o)
                0x000000000800caa0                floor
 *(.glue_7)
 .glue_7        0x000000000800cba0        0x0 linker stubs
 *(.glue_7t)
 .glue_7t       0x000000000800cba0        0x0 linker stubs
 *(.eh_frame)
 .eh_frame      0x000000000800cba0        0x0 d:/program files (x86)/st/stm32cubeide_1.9.0/stm32cubeide/plugins/com.st.stm32cube.ide.mcu.externaltools.gnu-tools-for-stm32.10.3-2021.10.win32_1.0.0.202111181127/tools/bin/../lib/gcc/arm-none-eabi/10.3.1/thumb/v7e-m+fp/hard/crtbegin.o
 *(.init)
 .init          0x000000000800cba0        0x4 d:/program files (x86)/st/stm32cubeide_1.9.0/stm32cubeide/plugins/com.st.stm32cube.ide.mcu.externaltools.gnu-tools-for-stm32.10.3-2021.10.win32_1.0.0.202111181127/tools/bin/../lib/gcc/arm-none-eabi/10.3.1/thumb/v7e-m+fp/hard/crti.o
                0x000000000800cba0                _init
 .init          0x000000000800cba4        0x8 d:/program files (x86)/st/stm32cubeide_1.9.0/stm32cubeide/plugins/com.st.stm32cube.ide.mcu.externaltools.gnu-tools-for-stm32.10.3-2021.10.win32_1.0.0.202111181127/tools/bin/../lib/gcc/arm-none-eabi/10.3.1/thumb/v7e-m+fp/hard/crtn.o
 *(.fini)
 .fini          0x000000000800cbac        0x4 d:/program files (x86)/st/stm32cubeide_1.9.0/stm32cubeide/plugins/com.st.stm32cube.ide.mcu.externaltools.gnu-tools-for-stm32.10.3-2021.10.win32_1.0.0.202111181127/tools/bin/../lib/gcc/arm-none-eabi/10.3.1/thumb/v7e-m+fp/hard/crti.o
                0x000000000800cbac                _fini
 .fini          0x000000000800cbb0        0x8 d:/program files (x86)/st/stm32cubeide_1.9.0/stm32cubeide/plugins/com.st.stm32cube.ide.mcu.externaltools.gnu-tools-for-stm32.10.3-2021.10.win32_1.0.0.202111181127/tools/bin/../lib/gcc/arm-none-eabi/10.3.1/thumb/v7e-m+fp/hard/crtn.o
                0x000000000800cbb8                . = ALIGN (0x4)
                0x000000000800cbb8                _etext = .

.vfp11_veneer   0x000000000800cbb8        0x0
 .vfp11_veneer  0x000000000800cbb8        0x0 linker stubs

.v4_bx          0x000000000800cbb8        0x0
 .v4_bx         0x000000000800cbb8        0x0 linker stubs

.iplt           0x000000000800cbb8        0x0
 .iplt          0x000000000800cbb8        0x0 d:/program files (x86)/st/stm32cubeide_1.9.0/stm32cubeide/plugins/com.st.stm32cube.ide.mcu.externaltools.gnu-tools-for-stm32.10.3-2021.10.win32_1.0.0.202111181127/tools/bin/../lib/gcc/arm-none-eabi/10.3.1/thumb/v7e-m+fp/hard/crtbegin.o

.rodata         0x000000000800cbb8       0xf0
                0x000000000800cbb8                . = ALIGN (0x4)
 *(.rodata)
 .rodata        0x000000000800cbb8       0x23 ./Application/User/MEMS/Target/demo_serial.o
 *fill*         0x000000000800cbdb        0x1 
 .rodata        0x000000000800cbdc       0x23 ../../Middlewares/ST/STM32_MotionPM_Library/Lib\MotionPM_CM4F_wc32_ot_hard.a(motion_pm.o)
 *(.rodata*)
 *fill*         0x000000000800cbff        0x1 
 .rodata.LedGpioInit.0
                0x000000000800cc00        0x4 ./Drivers/BSP/custom/custom.o
 .rodata.AHBPrescTable
                0x000000000800cc04       0x10 ./Drivers/CMSIS/system_stm32l4xx.o
                0x000000000800cc04                AHBPrescTable
 .rodata.APBPrescTable
                0x000000000800cc14        0x8 ./Drivers/CMSIS/system_stm32l4xx.o
                0x000000000800cc14                APBPrescTable
 .rodata.MSIRangeTable
                0x000000000800cc1c       0x30 ./Drivers/CMSIS/system_stm32l4xx.o
                0x000000000800cc1c                MSIRangeTable
 .rodata.UARTPrescTable
                0x000000000800cc4c       0x18 ./Drivers/STM32L4xx_HAL_Driver/stm32l4xx_hal_uart.o
                0x000000000800cc4c                UARTPrescTable
 .rodata.numerator.1
                0x000000000800cc64        0x8 ./Drivers/STM32L4xx_HAL_Driver/stm32l4xx_hal_uart_ex.o
 .rodata.denominator.0
                0x000000000800cc6c        0x8 ./Drivers/STM32L4xx_HAL_Driver/stm32l4xx_hal_uart_ex.o
 .rodata._svfprintf_r.str1.1
                0x000000000800cc74       0x11 d:/program files (x86)/st/stm32cubeide_1.9.0/stm32cubeide/plugins/com.st.stm32cube.ide.mcu.externaltools.gnu-tools-for-stm32.10.3-2021.10.win32_1.0.0.202111181127/tools/bin/../lib/gcc/arm-none-eabi/10.3.1/../../../../arm-none-eabi/lib/thumb/v7e-m+fp/hard\libc_nano.a(lib_a-nano-svfprintf.o)
 .rodata._printf_i.str1.1
                0x000000000800cc85       0x22 d:/program files (x86)/st/stm32cubeide_1.9.0/stm32cubeide/plugins/com.st.stm32cube.ide.mcu.externaltools.gnu-tools-for-stm32.10.3-2021.10.win32_1.0.0.202111181127/tools/bin/../lib/gcc/arm-none-eabi/10.3.1/../../../../arm-none-eabi/lib/thumb/v7e-m+fp/hard\libc_nano.a(lib_a-nano-vfprintf_i.o)
                0x000000000800cca8                . = ALIGN (0x4)
 *fill*         0x000000000800cca7        0x1 

.ARM.extab      0x000000000800cca8        0x0
                0x000000000800cca8                . = ALIGN (0x4)
 *(.ARM.extab* .gnu.linkonce.armextab.*)
                0x000000000800cca8                . = ALIGN (0x4)

.ARM            0x000000000800cca8        0x8
                0x000000000800cca8                . = ALIGN (0x4)
                0x000000000800cca8                __exidx_start = .
 *(.ARM.exidx*)
 .ARM.exidx     0x000000000800cca8        0x8 d:/program files (x86)/st/stm32cubeide_1.9.0/stm32cubeide/plugins/com.st.stm32cube.ide.mcu.externaltools.gnu-tools-for-stm32.10.3-2021.10.win32_1.0.0.202111181127/tools/bin/../lib/gcc/arm-none-eabi/10.3.1/thumb/v7e-m+fp/hard\libgcc.a(_udivmoddi4.o)
                0x000000000800ccb0                __exidx_end = .
                0x000000000800ccb0                . = ALIGN (0x4)

.rel.dyn        0x000000000800ccb0        0x0
 .rel.iplt      0x000000000800ccb0        0x0 d:/program files (x86)/st/stm32cubeide_1.9.0/stm32cubeide/plugins/com.st.stm32cube.ide.mcu.externaltools.gnu-tools-for-stm32.10.3-2021.10.win32_1.0.0.202111181127/tools/bin/../lib/gcc/arm-none-eabi/10.3.1/thumb/v7e-m+fp/hard/crtbegin.o

.preinit_array  0x000000000800ccb0        0x0
                0x000000000800ccb0                . = ALIGN (0x4)
                0x000000000800ccb0                PROVIDE (__preinit_array_start = .)
 *(.preinit_array*)
                0x000000000800ccb0                PROVIDE (__preinit_array_end = .)
                0x000000000800ccb0                . = ALIGN (0x4)

.init_array     0x000000000800ccb0        0x4
                0x000000000800ccb0                . = ALIGN (0x4)
                0x000000000800ccb0                PROVIDE (__init_array_start = .)
 *(SORT_BY_NAME(.init_array.*))
 *(.init_array*)
 .init_array    0x000000000800ccb0        0x4 d:/program files (x86)/st/stm32cubeide_1.9.0/stm32cubeide/plugins/com.st.stm32cube.ide.mcu.externaltools.gnu-tools-for-stm32.10.3-2021.10.win32_1.0.0.202111181127/tools/bin/../lib/gcc/arm-none-eabi/10.3.1/thumb/v7e-m+fp/hard/crtbegin.o
                0x000000000800ccb4                PROVIDE (__init_array_end = .)
                0x000000000800ccb4                . = ALIGN (0x4)

.fini_array     0x000000000800ccb4        0x4
                0x000000000800ccb4                . = ALIGN (0x4)
                [!provide]                        PROVIDE (__fini_array_start = .)
 *(SORT_BY_NAME(.fini_array.*))
 *(.fini_array*)
 .fini_array    0x000000000800ccb4        0x4 d:/program files (x86)/st/stm32cubeide_1.9.0/stm32cubeide/plugins/com.st.stm32cube.ide.mcu.externaltools.gnu-tools-for-stm32.10.3-2021.10.win32_1.0.0.202111181127/tools/bin/../lib/gcc/arm-none-eabi/10.3.1/thumb/v7e-m+fp/hard/crtbegin.o
                [!provide]                        PROVIDE (__fini_array_end = .)
                0x000000000800ccb8                . = ALIGN (0x4)
                0x000000000800ccb8                _sidata = LOADADDR (.data)

.data           0x0000000020000000       0xec load address 0x000000000800ccb8
                0x0000000020000000                . = ALIGN (0x4)
                0x0000000020000000                _sdata = .
 *(.data)
 *(.data*)
 .data.AlgoFreq
                0x0000000020000000        0x4 ./Application/User/MEMS/App/app_mems.o
                0x0000000020000000                AlgoFreq
 .data.FunctionIndex
                0x0000000020000004       0x14 ./Application/User/MEMS/Target/custom_motion_sensors.o
 .data.DataStreamingDest
                0x0000000020000018        0x1 ./Application/User/MEMS/Target/demo_serial.o
 *fill*         0x0000000020000019        0x3 
 .data.ASM330LHH_COMMON_Driver
                0x000000002000001c       0x10 ./Drivers/BSP/Components/asm330lhh.o
                0x000000002000001c                ASM330LHH_COMMON_Driver
 .data.ASM330LHH_ACC_Driver
                0x000000002000002c       0x24 ./Drivers/BSP/Components/asm330lhh.o
                0x000000002000002c                ASM330LHH_ACC_Driver
 .data.ASM330LHH_GYRO_Driver
                0x0000000020000050       0x24 ./Drivers/BSP/Components/asm330lhh.o
                0x0000000020000050                ASM330LHH_GYRO_Driver
 .data.LED_PORT
                0x0000000020000074        0x4 ./Drivers/BSP/custom/custom.o
 .data.COM_USART
                0x0000000020000078        0x4 ./Drivers/BSP/custom/custom.o
                0x0000000020000078                COM_USART
 .data.SystemCoreClock
                0x000000002000007c        0x4 ./Drivers/CMSIS/system_stm32l4xx.o
                0x000000002000007c                SystemCoreClock
 .data.uwTickPrio
                0x0000000020000080        0x4 ./Drivers/STM32L4xx_HAL_Driver/stm32l4xx_hal.o
                0x0000000020000080                uwTickPrio
 .data.uwTickFreq
                0x0000000020000084        0x1 ./Drivers/STM32L4xx_HAL_Driver/stm32l4xx_hal.o
                0x0000000020000084                uwTickFreq
 *fill*         0x0000000020000085        0x3 
 .data._impure_ptr
                0x0000000020000088        0x4 d:/program files (x86)/st/stm32cubeide_1.9.0/stm32cubeide/plugins/com.st.stm32cube.ide.mcu.externaltools.gnu-tools-for-stm32.10.3-2021.10.win32_1.0.0.202111181127/tools/bin/../lib/gcc/arm-none-eabi/10.3.1/../../../../arm-none-eabi/lib/thumb/v7e-m+fp/hard\libc_nano.a(lib_a-impure.o)
                0x0000000020000088                _impure_ptr
 .data.impure_data
                0x000000002000008c       0x60 d:/program files (x86)/st/stm32cubeide_1.9.0/stm32cubeide/plugins/com.st.stm32cube.ide.mcu.externaltools.gnu-tools-for-stm32.10.3-2021.10.win32_1.0.0.202111181127/tools/bin/../lib/gcc/arm-none-eabi/10.3.1/../../../../arm-none-eabi/lib/thumb/v7e-m+fp/hard\libc_nano.a(lib_a-impure.o)
 *(.RamFunc)
 *(.RamFunc*)
                0x00000000200000ec                . = ALIGN (0x4)
                0x00000000200000ec                _edata = .

.igot.plt       0x00000000200000ec        0x0 load address 0x000000000800cda4
 .igot.plt      0x00000000200000ec        0x0 d:/program files (x86)/st/stm32cubeide_1.9.0/stm32cubeide/plugins/com.st.stm32cube.ide.mcu.externaltools.gnu-tools-for-stm32.10.3-2021.10.win32_1.0.0.202111181127/tools/bin/../lib/gcc/arm-none-eabi/10.3.1/thumb/v7e-m+fp/hard/crtbegin.o
                0x00000000200000ec                . = ALIGN (0x4)

.bss            0x00000000200000f0     0x1464 load address 0x000000000800cda4
                0x00000000200000f0                _sbss = .
                0x00000000200000f0                __bss_start__ = _sbss
 *(.bss)
 .bss           0x00000000200000f0       0x1c d:/program files (x86)/st/stm32cubeide_1.9.0/stm32cubeide/plugins/com.st.stm32cube.ide.mcu.externaltools.gnu-tools-for-stm32.10.3-2021.10.win32_1.0.0.202111181127/tools/bin/../lib/gcc/arm-none-eabi/10.3.1/thumb/v7e-m+fp/hard/crtbegin.o
 *fill*         0x000000002000010c        0x4 
 .bss           0x0000000020000110      0xa21 ../../Middlewares/ST/STM32_MotionPM_Library/Lib\MotionPM_CM4F_wc32_ot_hard.a(motion_pm.o)
 *(.bss*)
 *fill*         0x0000000020000b31        0x3 
 .bss.hspi1     0x0000000020000b34       0x64 ./Application/User/Core/custom_bus.o
                0x0000000020000b34                hspi1
 .bss.SPI1InitCounter
                0x0000000020000b98        0x4 ./Application/User/Core/custom_bus.o
 .bss.hcrc      0x0000000020000b9c       0x24 ./Application/User/Core/main.o
                0x0000000020000b9c                hcrc
 .bss.hrtc      0x0000000020000bc0       0x24 ./Application/User/Core/main.o
                0x0000000020000bc0                hrtc
 .bss.htim1     0x0000000020000be4       0x4c ./Application/User/Core/main.o
                0x0000000020000be4                htim1
 .bss.__sbrk_heap_end
                0x0000000020000c30        0x4 ./Application/User/Core/sysmem.o
 .bss.DataLoggerActive
                0x0000000020000c34        0x1 ./Application/User/MEMS/App/app_mems.o
                0x0000000020000c34                DataLoggerActive
 *fill*         0x0000000020000c35        0x3 
 .bss.SensorsEnabled
                0x0000000020000c38        0x4 ./Application/User/MEMS/App/app_mems.o
                0x0000000020000c38                SensorsEnabled
 .bss.LibVersion
                0x0000000020000c3c       0x23 ./Application/User/MEMS/App/app_mems.o
                0x0000000020000c3c                LibVersion
 *fill*         0x0000000020000c5f        0x1 
 .bss.LibVersionLen
                0x0000000020000c60        0x4 ./Application/User/MEMS/App/app_mems.o
                0x0000000020000c60                LibVersionLen
 .bss.SensorReadRequest
                0x0000000020000c64        0x1 ./Application/User/MEMS/App/app_mems.o
                0x0000000020000c64                SensorReadRequest
 .bss.UseOfflineData
                0x0000000020000c65        0x1 ./Application/User/MEMS/App/app_mems.o
                0x0000000020000c65                UseOfflineData
 *fill*         0x0000000020000c66        0x2 
 .bss.OfflineData
                0x0000000020000c68      0x1a0 ./Application/User/MEMS/App/app_mems.o
                0x0000000020000c68                OfflineData
 .bss.OfflineDataReadIndex
                0x0000000020000e08        0x4 ./Application/User/MEMS/App/app_mems.o
                0x0000000020000e08                OfflineDataReadIndex
 .bss.OfflineDataWriteIndex
                0x0000000020000e0c        0x4 ./Application/User/MEMS/App/app_mems.o
                0x0000000020000e0c                OfflineDataWriteIndex
 .bss.OfflineDataCount
                0x0000000020000e10        0x4 ./Application/User/MEMS/App/app_mems.o
                0x0000000020000e10                OfflineDataCount
 .bss.AccValue  0x0000000020000e14        0xc ./Application/User/MEMS/App/app_mems.o
 .bss.GyrValue  0x0000000020000e20        0xc ./Application/User/MEMS/App/app_mems.o
 .bss.MagValue  0x0000000020000e2c        0xc ./Application/User/MEMS/App/app_mems.o
 .bss.PressValue
                0x0000000020000e38        0x4 ./Application/User/MEMS/App/app_mems.o
 .bss.TempValue
                0x0000000020000e3c        0x4 ./Application/User/MEMS/App/app_mems.o
 .bss.HumValue  0x0000000020000e40        0x4 ./Application/User/MEMS/App/app_mems.o
 .bss.msg_cmd.2
                0x0000000020000e44      0x104 ./Application/User/MEMS/App/app_mems.o
 .bss.msg_dat.1
                0x0000000020000f48      0x104 ./Application/User/MEMS/App/app_mems.o
 .bss.data_out.0
                0x000000002000104c        0x8 ./Application/User/MEMS/App/app_mems.o
 .bss.UartRxBuffer
                0x0000000020001054      0x200 ./Application/User/MEMS/Target/com.o
                0x0000000020001054                UartRxBuffer
 .bss.UartEngine
                0x0000000020001254        0x8 ./Application/User/MEMS/Target/com.o
                0x0000000020001254                UartEngine
 .bss.UartTxBuffer
                0x000000002000125c      0x200 ./Application/User/MEMS/Target/com.o
 .bss.MotionCompObj
                0x000000002000145c        0x4 ./Application/User/MEMS/Target/custom_motion_sensors.o
                0x000000002000145c                MotionCompObj
 .bss.MotionFuncDrv
                0x0000000020001460        0xc ./Application/User/MEMS/Target/custom_motion_sensors.o
 .bss.MotionDrv
                0x000000002000146c        0x4 ./Application/User/MEMS/Target/custom_motion_sensors.o
 .bss.MotionCtx
                0x0000000020001470        0x4 ./Application/User/MEMS/Target/custom_motion_sensors.o
 .bss.asm330lhh_obj_0.0
                0x0000000020001474       0x38 ./Application/User/MEMS/Target/custom_motion_sensors.o
 .bss.sensors_enabled_prev.0
                0x00000000200014ac        0x4 ./Application/User/MEMS/Target/demo_serial.o
 .bss.hcom_uart
                0x00000000200014b0       0x90 ./Drivers/BSP/custom/custom.o
                0x00000000200014b0                hcom_uart
 .bss.uwTick    0x0000000020001540        0x4 ./Drivers/STM32L4xx_HAL_Driver/stm32l4xx_hal.o
                0x0000000020001540                uwTick
 .bss.__malloc_free_list
                0x0000000020001544        0x4 d:/program files (x86)/st/stm32cubeide_1.9.0/stm32cubeide/plugins/com.st.stm32cube.ide.mcu.externaltools.gnu-tools-for-stm32.10.3-2021.10.win32_1.0.0.202111181127/tools/bin/../lib/gcc/arm-none-eabi/10.3.1/../../../../arm-none-eabi/lib/thumb/v7e-m+fp/hard\libc_nano.a(lib_a-nano-mallocr.o)
                0x0000000020001544                __malloc_free_list
 .bss.__malloc_sbrk_start
                0x0000000020001548        0x4 d:/program files (x86)/st/stm32cubeide_1.9.0/stm32cubeide/plugins/com.st.stm32cube.ide.mcu.externaltools.gnu-tools-for-stm32.10.3-2021.10.win32_1.0.0.202111181127/tools/bin/../lib/gcc/arm-none-eabi/10.3.1/../../../../arm-none-eabi/lib/thumb/v7e-m+fp/hard\libc_nano.a(lib_a-nano-mallocr.o)
                0x0000000020001548                __malloc_sbrk_start
 .bss.errno     0x000000002000154c        0x4 d:/program files (x86)/st/stm32cubeide_1.9.0/stm32cubeide/plugins/com.st.stm32cube.ide.mcu.externaltools.gnu-tools-for-stm32.10.3-2021.10.win32_1.0.0.202111181127/tools/bin/../lib/gcc/arm-none-eabi/10.3.1/../../../../arm-none-eabi/lib/thumb/v7e-m+fp/hard\libc_nano.a(lib_a-reent.o)
                0x000000002000154c                errno
 .bss.__lock___malloc_recursive_mutex
                0x0000000020001550        0x1 d:/program files (x86)/st/stm32cubeide_1.9.0/stm32cubeide/plugins/com.st.stm32cube.ide.mcu.externaltools.gnu-tools-for-stm32.10.3-2021.10.win32_1.0.0.202111181127/tools/bin/../lib/gcc/arm-none-eabi/10.3.1/../../../../arm-none-eabi/lib/thumb/v7e-m+fp/hard\libc_nano.a(lib_a-lock.o)
                0x0000000020001550                __lock___malloc_recursive_mutex
 *(COMMON)
                0x0000000020001554                . = ALIGN (0x4)
 *fill*         0x0000000020001551        0x3 
                0x0000000020001554                _ebss = .
                0x0000000020001554                __bss_end__ = _ebss

._user_heap_stack
                0x0000000020001554      0x604 load address 0x000000000800cda4
                0x0000000020001558                . = ALIGN (0x8)
 *fill*         0x0000000020001554        0x4 
                [!provide]                        PROVIDE (end = .)
                0x0000000020001558                PROVIDE (_end = .)
                0x0000000020001758                . = (. + _Min_Heap_Size)
 *fill*         0x0000000020001558      0x200 
                0x0000000020001b58                . = (. + _Min_Stack_Size)
 *fill*         0x0000000020001758      0x400 
                0x0000000020001b58                . = ALIGN (0x8)

/DISCARD/
 libc.a(*)
 libm.a(*)
 libgcc.a(*)

.ARM.attributes
                0x0000000000000000       0x30
 *(.ARM.attributes)
 .ARM.attributes
                0x0000000000000000       0x1e d:/program files (x86)/st/stm32cubeide_1.9.0/stm32cubeide/plugins/com.st.stm32cube.ide.mcu.externaltools.gnu-tools-for-stm32.10.3-2021.10.win32_1.0.0.202111181127/tools/bin/../lib/gcc/arm-none-eabi/10.3.1/thumb/v7e-m+fp/hard/crti.o
 .ARM.attributes
                0x000000000000001e       0x34 d:/program files (x86)/st/stm32cubeide_1.9.0/stm32cubeide/plugins/com.st.stm32cube.ide.mcu.externaltools.gnu-tools-for-stm32.10.3-2021.10.win32_1.0.0.202111181127/tools/bin/../lib/gcc/arm-none-eabi/10.3.1/thumb/v7e-m+fp/hard/crtbegin.o
 .ARM.attributes
                0x0000000000000052       0x34 ./Application/User/Core/custom_bus.o
 .ARM.attributes
                0x0000000000000086       0x34 ./Application/User/Core/main.o
 .ARM.attributes
                0x00000000000000ba       0x34 ./Application/User/Core/stm32l4xx_hal_msp.o
 .ARM.attributes
                0x00000000000000ee       0x34 ./Application/User/Core/stm32l4xx_it.o
 .ARM.attributes
                0x0000000000000122       0x34 ./Application/User/Core/sysmem.o
 .ARM.attributes
                0x0000000000000156       0x34 ./Application/User/MEMS/App/app_mems.o
 .ARM.attributes
                0x000000000000018a       0x34 ./Application/User/MEMS/Target/com.o
 .ARM.attributes
                0x00000000000001be       0x34 ./Application/User/MEMS/Target/custom_mems_control.o
 .ARM.attributes
                0x00000000000001f2       0x34 ./Application/User/MEMS/Target/custom_motion_sensors.o
 .ARM.attributes
                0x0000000000000226       0x34 ./Application/User/MEMS/Target/demo_serial.o
 .ARM.attributes
                0x000000000000025a       0x34 ./Application/User/MEMS/Target/motion_pm_manager.o
 .ARM.attributes
                0x000000000000028e       0x34 ./Application/User/MEMS/Target/serial_protocol.o
 .ARM.attributes
                0x00000000000002c2       0x21 ./Application/User/Startup/startup_stm32l4r9zijx.o
 .ARM.attributes
                0x00000000000002e3       0x34 ./Drivers/BSP/Components/asm330lhh.o
 .ARM.attributes
                0x0000000000000317       0x34 ./Drivers/BSP/Components/asm330lhh_reg.o
 .ARM.attributes
                0x000000000000034b       0x34 ./Drivers/BSP/custom/custom.o
 .ARM.attributes
                0x000000000000037f       0x34 ./Drivers/CMSIS/system_stm32l4xx.o
 .ARM.attributes
                0x00000000000003b3       0x34 ./Drivers/STM32L4xx_HAL_Driver/stm32l4xx_hal.o
 .ARM.attributes
                0x00000000000003e7       0x34 ./Drivers/STM32L4xx_HAL_Driver/stm32l4xx_hal_cortex.o
 .ARM.attributes
                0x000000000000041b       0x34 ./Drivers/STM32L4xx_HAL_Driver/stm32l4xx_hal_crc.o
 .ARM.attributes
                0x000000000000044f       0x34 ./Drivers/STM32L4xx_HAL_Driver/stm32l4xx_hal_crc_ex.o
 .ARM.attributes
                0x0000000000000483       0x34 ./Drivers/STM32L4xx_HAL_Driver/stm32l4xx_hal_dma.o
 .ARM.attributes