D:/Projects/STM32/Examples/PedometerCustom/Drivers/BSP/Components/asm330lhh/asm330lhh_reg.c:48:9:asm330lhh_read_reg	40	static
D:/Projects/STM32/Examples/PedometerCustom/Drivers/BSP/Components/asm330lhh/asm330lhh_reg.c:69:9:asm330lhh_write_reg	40	static
D:/Projects/STM32/Examples/PedometerCustom/Drivers/BSP/Components/asm330lhh/asm330lhh_reg.c:92:9:asm330lhh_from_fs2g_to_mg	16	static
D:/Projects/STM32/Examples/PedometerCustom/Drivers/BSP/Components/asm330lhh/asm330lhh_reg.c:97:9:asm330lhh_from_fs4g_to_mg	16	static
D:/Projects/STM32/Examples/PedometerCustom/Drivers/BSP/Components/asm330lhh/asm330lhh_reg.c:102:9:asm330lhh_from_fs8g_to_mg	16	static
D:/Projects/STM32/Examples/PedometerCustom/Drivers/BSP/Components/asm330lhh/asm330lhh_reg.c:107:9:asm330lhh_from_fs16g_to_mg	16	static
D:/Projects/STM32/Examples/PedometerCustom/Drivers/BSP/Components/asm330lhh/asm330lhh_reg.c:112:9:asm330lhh_from_fs125dps_to_mdps	16	static
D:/Projects/STM32/Examples/PedometerCustom/Drivers/BSP/Components/asm330lhh/asm330lhh_reg.c:117:9:asm330lhh_from_fs250dps_to_mdps	16	static
D:/Projects/STM32/Examples/PedometerCustom/Drivers/BSP/Components/asm330lhh/asm330lhh_reg.c:122:9:asm330lhh_from_fs500dps_to_mdps	16	static
D:/Projects/STM32/Examples/PedometerCustom/Drivers/BSP/Components/asm330lhh/asm330lhh_reg.c:127:9:asm330lhh_from_fs1000dps_to_mdps	16	static
D:/Projects/STM32/Examples/PedometerCustom/Drivers/BSP/Components/asm330lhh/asm330lhh_reg.c:132:9:asm330lhh_from_fs2000dps_to_mdps	16	static
D:/Projects/STM32/Examples/PedometerCustom/Drivers/BSP/Components/asm330lhh/asm330lhh_reg.c:137:9:asm330lhh_from_fs4000dps_to_mdps	16	static
D:/Projects/STM32/Examples/PedometerCustom/Drivers/BSP/Components/asm330lhh/asm330lhh_reg.c:142:9:asm330lhh_from_lsb_to_celsius	16	static
D:/Projects/STM32/Examples/PedometerCustom/Drivers/BSP/Components/asm330lhh/asm330lhh_reg.c:147:9:asm330lhh_from_lsb_to_nsec	16	static
D:/Projects/STM32/Examples/PedometerCustom/Drivers/BSP/Components/asm330lhh/asm330lhh_reg.c:173:9:asm330lhh_xl_full_scale_set	24	static
D:/Projects/STM32/Examples/PedometerCustom/Drivers/BSP/Components/asm330lhh/asm330lhh_reg.c:200:9:asm330lhh_xl_full_scale_get	24	static
D:/Projects/STM32/Examples/PedometerCustom/Drivers/BSP/Components/asm330lhh/asm330lhh_reg.c:243:9:asm330lhh_xl_data_rate_set	24	static
D:/Projects/STM32/Examples/PedometerCustom/Drivers/BSP/Components/asm330lhh/asm330lhh_reg.c:270:9:asm330lhh_xl_data_rate_get	24	static
D:/Projects/STM32/Examples/PedometerCustom/Drivers/BSP/Components/asm330lhh/asm330lhh_reg.c:341:9:asm330lhh_gy_full_scale_set	24	static
D:/Projects/STM32/Examples/PedometerCustom/Drivers/BSP/Components/asm330lhh/asm330lhh_reg.c:366:9:asm330lhh_gy_full_scale_get	24	static
D:/Projects/STM32/Examples/PedometerCustom/Drivers/BSP/Components/asm330lhh/asm330lhh_reg.c:416:9:asm330lhh_gy_data_rate_set	24	static
D:/Projects/STM32/Examples/PedometerCustom/Drivers/BSP/Components/asm330lhh/asm330lhh_reg.c:441:9:asm330lhh_gy_data_rate_get	24	static
D:/Projects/STM32/Examples/PedometerCustom/Drivers/BSP/Components/asm330lhh/asm330lhh_reg.c:511:9:asm330lhh_block_data_update_set	24	static
D:/Projects/STM32/Examples/PedometerCustom/Drivers/BSP/Components/asm330lhh/asm330lhh_reg.c:536:9:asm330lhh_block_data_update_get	24	static
D:/Projects/STM32/Examples/PedometerCustom/Drivers/BSP/Components/asm330lhh/asm330lhh_reg.c:557:9:asm330lhh_xl_offset_weight_set	24	static
D:/Projects/STM32/Examples/PedometerCustom/Drivers/BSP/Components/asm330lhh/asm330lhh_reg.c:583:9:asm330lhh_xl_offset_weight_get	24	static
D:/Projects/STM32/Examples/PedometerCustom/Drivers/BSP/Components/asm330lhh/asm330lhh_reg.c:619:9:asm330lhh_all_sources_get	24	static
D:/Projects/STM32/Examples/PedometerCustom/Drivers/BSP/Components/asm330lhh/asm330lhh_reg.c:656:9:asm330lhh_status_reg_get	24	static
D:/Projects/STM32/Examples/PedometerCustom/Drivers/BSP/Components/asm330lhh/asm330lhh_reg.c:674:9:asm330lhh_xl_flag_data_ready_get	24	static
D:/Projects/STM32/Examples/PedometerCustom/Drivers/BSP/Components/asm330lhh/asm330lhh_reg.c:695:9:asm330lhh_gy_flag_data_ready_get	24	static
D:/Projects/STM32/Examples/PedometerCustom/Drivers/BSP/Components/asm330lhh/asm330lhh_reg.c:716:9:asm330lhh_temp_flag_data_ready_get	24	static
D:/Projects/STM32/Examples/PedometerCustom/Drivers/BSP/Components/asm330lhh/asm330lhh_reg.c:739:9:asm330lhh_xl_usr_offset_x_set	24	static
D:/Projects/STM32/Examples/PedometerCustom/Drivers/BSP/Components/asm330lhh/asm330lhh_reg.c:759:9:asm330lhh_xl_usr_offset_x_get	24	static
D:/Projects/STM32/Examples/PedometerCustom/Drivers/BSP/Components/asm330lhh/asm330lhh_reg.c:779:9:asm330lhh_xl_usr_offset_y_set	24	static
D:/Projects/STM32/Examples/PedometerCustom/Drivers/BSP/Components/asm330lhh/asm330lhh_reg.c:799:9:asm330lhh_xl_usr_offset_y_get	24	static
D:/Projects/STM32/Examples/PedometerCustom/Drivers/BSP/Components/asm330lhh/asm330lhh_reg.c:819:9:asm330lhh_xl_usr_offset_z_set	24	static
D:/Projects/STM32/Examples/PedometerCustom/Drivers/BSP/Components/asm330lhh/asm330lhh_reg.c:839:9:asm330lhh_xl_usr_offset_z_get	24	static
D:/Projects/STM32/Examples/PedometerCustom/Drivers/BSP/Components/asm330lhh/asm330lhh_reg.c:857:9:asm330lhh_xl_usr_offset_set	24	static
D:/Projects/STM32/Examples/PedometerCustom/Drivers/BSP/Components/asm330lhh/asm330lhh_reg.c:881:9:asm330lhh_xl_usr_offset_get	24	static
D:/Projects/STM32/Examples/PedometerCustom/Drivers/BSP/Components/asm330lhh/asm330lhh_reg.c:912:9:asm330lhh_timestamp_rst	24	static
D:/Projects/STM32/Examples/PedometerCustom/Drivers/BSP/Components/asm330lhh/asm330lhh_reg.c:926:9:asm330lhh_timestamp_set	24	static
D:/Projects/STM32/Examples/PedometerCustom/Drivers/BSP/Components/asm330lhh/asm330lhh_reg.c:952:9:asm330lhh_timestamp_get	24	static
D:/Projects/STM32/Examples/PedometerCustom/Drivers/BSP/Components/asm330lhh/asm330lhh_reg.c:974:9:asm330lhh_timestamp_raw_get	24	static
D:/Projects/STM32/Examples/PedometerCustom/Drivers/BSP/Components/asm330lhh/asm330lhh_reg.c:1008:9:asm330lhh_rounding_mode_set	24	static
D:/Projects/STM32/Examples/PedometerCustom/Drivers/BSP/Components/asm330lhh/asm330lhh_reg.c:1033:9:asm330lhh_rounding_mode_get	24	static
D:/Projects/STM32/Examples/PedometerCustom/Drivers/BSP/Components/asm330lhh/asm330lhh_reg.c:1077:9:asm330lhh_temperature_raw_get	24	static
D:/Projects/STM32/Examples/PedometerCustom/Drivers/BSP/Components/asm330lhh/asm330lhh_reg.c:1098:9:asm330lhh_angular_rate_raw_get	32	static
D:/Projects/STM32/Examples/PedometerCustom/Drivers/BSP/Components/asm330lhh/asm330lhh_reg.c:1124:9:asm330lhh_acceleration_raw_get	32	static
D:/Projects/STM32/Examples/PedometerCustom/Drivers/BSP/Components/asm330lhh/asm330lhh_reg.c:1149:9:asm330lhh_fifo_out_raw_get	24	static
D:/Projects/STM32/Examples/PedometerCustom/Drivers/BSP/Components/asm330lhh/asm330lhh_reg.c:1178:9:asm330lhh_device_conf_set	24	static
D:/Projects/STM32/Examples/PedometerCustom/Drivers/BSP/Components/asm330lhh/asm330lhh_reg.c:1204:9:asm330lhh_device_conf_get	24	static
D:/Projects/STM32/Examples/PedometerCustom/Drivers/BSP/Components/asm330lhh/asm330lhh_reg.c:1226:9:asm330lhh_odr_cal_reg_set	24	static
D:/Projects/STM32/Examples/PedometerCustom/Drivers/BSP/Components/asm330lhh/asm330lhh_reg.c:1254:9:asm330lhh_odr_cal_reg_get	24	static
D:/Projects/STM32/Examples/PedometerCustom/Drivers/BSP/Components/asm330lhh/asm330lhh_reg.c:1275:9:asm330lhh_data_ready_mode_set	24	static
D:/Projects/STM32/Examples/PedometerCustom/Drivers/BSP/Components/asm330lhh/asm330lhh_reg.c:1303:9:asm330lhh_data_ready_mode_get	24	static
D:/Projects/STM32/Examples/PedometerCustom/Drivers/BSP/Components/asm330lhh/asm330lhh_reg.c:1338:9:asm330lhh_device_id_get	24	static
D:/Projects/STM32/Examples/PedometerCustom/Drivers/BSP/Components/asm330lhh/asm330lhh_reg.c:1355:9:asm330lhh_reset_set	24	static
D:/Projects/STM32/Examples/PedometerCustom/Drivers/BSP/Components/asm330lhh/asm330lhh_reg.c:1379:9:asm330lhh_reset_get	24	static
D:/Projects/STM32/Examples/PedometerCustom/Drivers/BSP/Components/asm330lhh/asm330lhh_reg.c:1399:9:asm330lhh_auto_increment_set	24	static
D:/Projects/STM32/Examples/PedometerCustom/Drivers/BSP/Components/asm330lhh/asm330lhh_reg.c:1424:9:asm330lhh_auto_increment_get	24	static
D:/Projects/STM32/Examples/PedometerCustom/Drivers/BSP/Components/asm330lhh/asm330lhh_reg.c:1443:9:asm330lhh_boot_set	24	static
D:/Projects/STM32/Examples/PedometerCustom/Drivers/BSP/Components/asm330lhh/asm330lhh_reg.c:1467:9:asm330lhh_boot_get	24	static
D:/Projects/STM32/Examples/PedometerCustom/Drivers/BSP/Components/asm330lhh/asm330lhh_reg.c:1488:9:asm330lhh_xl_self_test_set	24	static
D:/Projects/STM32/Examples/PedometerCustom/Drivers/BSP/Components/asm330lhh/asm330lhh_reg.c:1513:9:asm330lhh_xl_self_test_get	24	static
D:/Projects/STM32/Examples/PedometerCustom/Drivers/BSP/Components/asm330lhh/asm330lhh_reg.c:1551:9:asm330lhh_gy_self_test_set	24	static
D:/Projects/STM32/Examples/PedometerCustom/Drivers/BSP/Components/asm330lhh/asm330lhh_reg.c:1576:9:asm330lhh_gy_self_test_get	24	static
D:/Projects/STM32/Examples/PedometerCustom/Drivers/BSP/Components/asm330lhh/asm330lhh_reg.c:1627:9:asm330lhh_xl_filter_lp2_set	24	static
D:/Projects/STM32/Examples/PedometerCustom/Drivers/BSP/Components/asm330lhh/asm330lhh_reg.c:1653:9:asm330lhh_xl_filter_lp2_get	24	static
D:/Projects/STM32/Examples/PedometerCustom/Drivers/BSP/Components/asm330lhh/asm330lhh_reg.c:1674:9:asm330lhh_gy_filter_lp1_set	24	static
D:/Projects/STM32/Examples/PedometerCustom/Drivers/BSP/Components/asm330lhh/asm330lhh_reg.c:1699:9:asm330lhh_gy_filter_lp1_get	24	static
D:/Projects/STM32/Examples/PedometerCustom/Drivers/BSP/Components/asm330lhh/asm330lhh_reg.c:1719:9:asm330lhh_filter_settling_mask_set	24	static
D:/Projects/STM32/Examples/PedometerCustom/Drivers/BSP/Components/asm330lhh/asm330lhh_reg.c:1745:9:asm330lhh_filter_settling_mask_get	24	static
D:/Projects/STM32/Examples/PedometerCustom/Drivers/BSP/Components/asm330lhh/asm330lhh_reg.c:1765:9:asm330lhh_gy_lp1_bandwidth_set	24	static
D:/Projects/STM32/Examples/PedometerCustom/Drivers/BSP/Components/asm330lhh/asm330lhh_reg.c:1790:9:asm330lhh_gy_lp1_bandwidth_get	24	static
D:/Projects/STM32/Examples/PedometerCustom/Drivers/BSP/Components/asm330lhh/asm330lhh_reg.c:1848:9:asm330lhh_xl_lp2_on_6d_set	24	static
D:/Projects/STM32/Examples/PedometerCustom/Drivers/BSP/Components/asm330lhh/asm330lhh_reg.c:1874:9:asm330lhh_xl_lp2_on_6d_get	24	static
D:/Projects/STM32/Examples/PedometerCustom/Drivers/BSP/Components/asm330lhh/asm330lhh_reg.c:1895:9:asm330lhh_xl_hp_path_on_out_set	24	static
D:/Projects/STM32/Examples/PedometerCustom/Drivers/BSP/Components/asm330lhh/asm330lhh_reg.c:1925:9:asm330lhh_xl_hp_path_on_out_get	24	static
D:/Projects/STM32/Examples/PedometerCustom/Drivers/BSP/Components/asm330lhh/asm330lhh_reg.c:2048:9:asm330lhh_xl_fast_settling_set	24	static
D:/Projects/STM32/Examples/PedometerCustom/Drivers/BSP/Components/asm330lhh/asm330lhh_reg.c:2076:9:asm330lhh_xl_fast_settling_get	24	static
D:/Projects/STM32/Examples/PedometerCustom/Drivers/BSP/Components/asm330lhh/asm330lhh_reg.c:2098:9:asm330lhh_xl_hp_path_internal_set	24	static
D:/Projects/STM32/Examples/PedometerCustom/Drivers/BSP/Components/asm330lhh/asm330lhh_reg.c:2126:9:asm330lhh_xl_hp_path_internal_get	24	static
D:/Projects/STM32/Examples/PedometerCustom/Drivers/BSP/Components/asm330lhh/asm330lhh_reg.c:2162:9:asm330lhh_gy_hp_path_internal_set	24	static
D:/Projects/STM32/Examples/PedometerCustom/Drivers/BSP/Components/asm330lhh/asm330lhh_reg.c:2189:9:asm330lhh_gy_hp_path_internal_get	24	static
D:/Projects/STM32/Examples/PedometerCustom/Drivers/BSP/Components/asm330lhh/asm330lhh_reg.c:2248:9:asm330lhh_sdo_sa0_mode_set	24	static
D:/Projects/STM32/Examples/PedometerCustom/Drivers/BSP/Components/asm330lhh/asm330lhh_reg.c:2275:9:asm330lhh_sdo_sa0_mode_get	24	static
D:/Projects/STM32/Examples/PedometerCustom/Drivers/BSP/Components/asm330lhh/asm330lhh_reg.c:2310:9:asm330lhh_spi_mode_set	24	static
D:/Projects/STM32/Examples/PedometerCustom/Drivers/BSP/Components/asm330lhh/asm330lhh_reg.c:2334:9:asm330lhh_spi_mode_get	24	static
D:/Projects/STM32/Examples/PedometerCustom/Drivers/BSP/Components/asm330lhh/asm330lhh_reg.c:2368:9:asm330lhh_i2c_interface_set	24	static
D:/Projects/STM32/Examples/PedometerCustom/Drivers/BSP/Components/asm330lhh/asm330lhh_reg.c:2393:9:asm330lhh_i2c_interface_get	24	static
D:/Projects/STM32/Examples/PedometerCustom/Drivers/BSP/Components/asm330lhh/asm330lhh_reg.c:2441:9:asm330lhh_pin_int1_route_set	24	static
D:/Projects/STM32/Examples/PedometerCustom/Drivers/BSP/Components/asm330lhh/asm330lhh_reg.c:2501:9:asm330lhh_pin_int1_route_get	24	static
D:/Projects/STM32/Examples/PedometerCustom/Drivers/BSP/Components/asm330lhh/asm330lhh_reg.c:2527:9:asm330lhh_pin_int2_route_set	24	static
D:/Projects/STM32/Examples/PedometerCustom/Drivers/BSP/Components/asm330lhh/asm330lhh_reg.c:2586:9:asm330lhh_pin_int2_route_get	24	static
D:/Projects/STM32/Examples/PedometerCustom/Drivers/BSP/Components/asm330lhh/asm330lhh_reg.c:2611:9:asm330lhh_pin_mode_set	24	static
D:/Projects/STM32/Examples/PedometerCustom/Drivers/BSP/Components/asm330lhh/asm330lhh_reg.c:2636:9:asm330lhh_pin_mode_get	24	static
D:/Projects/STM32/Examples/PedometerCustom/Drivers/BSP/Components/asm330lhh/asm330lhh_reg.c:2670:9:asm330lhh_pin_polarity_set	24	static
D:/Projects/STM32/Examples/PedometerCustom/Drivers/BSP/Components/asm330lhh/asm330lhh_reg.c:2695:9:asm330lhh_pin_polarity_get	24	static
D:/Projects/STM32/Examples/PedometerCustom/Drivers/BSP/Components/asm330lhh/asm330lhh_reg.c:2729:9:asm330lhh_all_on_int1_set	24	static
D:/Projects/STM32/Examples/PedometerCustom/Drivers/BSP/Components/asm330lhh/asm330lhh_reg.c:2753:9:asm330lhh_all_on_int1_get	24	static
D:/Projects/STM32/Examples/PedometerCustom/Drivers/BSP/Components/asm330lhh/asm330lhh_reg.c:2772:9:asm330lhh_int_notification_set	24	static
D:/Projects/STM32/Examples/PedometerCustom/Drivers/BSP/Components/asm330lhh/asm330lhh_reg.c:2800:9:asm330lhh_int_notification_get	24	static
D:/Projects/STM32/Examples/PedometerCustom/Drivers/BSP/Components/asm330lhh/asm330lhh_reg.c:2851:9:asm330lhh_wkup_ths_weight_set	24	static
D:/Projects/STM32/Examples/PedometerCustom/Drivers/BSP/Components/asm330lhh/asm330lhh_reg.c:2880:9:asm330lhh_wkup_ths_weight_get	24	static
D:/Projects/STM32/Examples/PedometerCustom/Drivers/BSP/Components/asm330lhh/asm330lhh_reg.c:2916:9:asm330lhh_wkup_threshold_set	24	static
D:/Projects/STM32/Examples/PedometerCustom/Drivers/BSP/Components/asm330lhh/asm330lhh_reg.c:2943:9:asm330lhh_wkup_threshold_get	24	static
D:/Projects/STM32/Examples/PedometerCustom/Drivers/BSP/Components/asm330lhh/asm330lhh_reg.c:2963:9:asm330lhh_xl_usr_offset_on_wkup_set	24	static
D:/Projects/STM32/Examples/PedometerCustom/Drivers/BSP/Components/asm330lhh/asm330lhh_reg.c:2990:9:asm330lhh_xl_usr_offset_on_wkup_get	24	static
D:/Projects/STM32/Examples/PedometerCustom/Drivers/BSP/Components/asm330lhh/asm330lhh_reg.c:3011:9:asm330lhh_wkup_dur_set	24	static
D:/Projects/STM32/Examples/PedometerCustom/Drivers/BSP/Components/asm330lhh/asm330lhh_reg.c:3037:9:asm330lhh_wkup_dur_get	24	static
D:/Projects/STM32/Examples/PedometerCustom/Drivers/BSP/Components/asm330lhh/asm330lhh_reg.c:3070:9:asm330lhh_gy_sleep_mode_set	24	static
D:/Projects/STM32/Examples/PedometerCustom/Drivers/BSP/Components/asm330lhh/asm330lhh_reg.c:3094:9:asm330lhh_gy_sleep_mode_get	24	static
D:/Projects/STM32/Examples/PedometerCustom/Drivers/BSP/Components/asm330lhh/asm330lhh_reg.c:3115:9:asm330lhh_act_pin_notification_set	24	static
D:/Projects/STM32/Examples/PedometerCustom/Drivers/BSP/Components/asm330lhh/asm330lhh_reg.c:3144:9:asm330lhh_act_pin_notification_get	24	static
D:/Projects/STM32/Examples/PedometerCustom/Drivers/BSP/Components/asm330lhh/asm330lhh_reg.c:3179:9:asm330lhh_act_mode_set	24	static
D:/Projects/STM32/Examples/PedometerCustom/Drivers/BSP/Components/asm330lhh/asm330lhh_reg.c:3206:9:asm330lhh_act_mode_get	24	static
D:/Projects/STM32/Examples/PedometerCustom/Drivers/BSP/Components/asm330lhh/asm330lhh_reg.c:3249:9:asm330lhh_act_sleep_dur_set	24	static
D:/Projects/STM32/Examples/PedometerCustom/Drivers/BSP/Components/asm330lhh/asm330lhh_reg.c:3275:9:asm330lhh_act_sleep_dur_get	24	static
D:/Projects/STM32/Examples/PedometerCustom/Drivers/BSP/Components/asm330lhh/asm330lhh_reg.c:3308:9:asm330lhh_6d_threshold_set	24	static
D:/Projects/STM32/Examples/PedometerCustom/Drivers/BSP/Components/asm330lhh/asm330lhh_reg.c:3335:9:asm330lhh_6d_threshold_get	24	static
D:/Projects/STM32/Examples/PedometerCustom/Drivers/BSP/Components/asm330lhh/asm330lhh_reg.c:3378:9:asm330lhh_4d_mode_set	24	static
D:/Projects/STM32/Examples/PedometerCustom/Drivers/BSP/Components/asm330lhh/asm330lhh_reg.c:3404:9:asm330lhh_4d_mode_get	24	static
D:/Projects/STM32/Examples/PedometerCustom/Drivers/BSP/Components/asm330lhh/asm330lhh_reg.c:3437:9:asm330lhh_ff_threshold_set	24	static
D:/Projects/STM32/Examples/PedometerCustom/Drivers/BSP/Components/asm330lhh/asm330lhh_reg.c:3464:9:asm330lhh_ff_threshold_get	24	static
D:/Projects/STM32/Examples/PedometerCustom/Drivers/BSP/Components/asm330lhh/asm330lhh_reg.c:3523:9:asm330lhh_ff_dur_set	32	static
D:/Projects/STM32/Examples/PedometerCustom/Drivers/BSP/Components/asm330lhh/asm330lhh_reg.c:3563:9:asm330lhh_ff_dur_get	32	static
D:/Projects/STM32/Examples/PedometerCustom/Drivers/BSP/Components/asm330lhh/asm330lhh_reg.c:3604:9:asm330lhh_fifo_watermark_set	32	static
D:/Projects/STM32/Examples/PedometerCustom/Drivers/BSP/Components/asm330lhh/asm330lhh_reg.c:3638:9:asm330lhh_fifo_watermark_get	32	static
D:/Projects/STM32/Examples/PedometerCustom/Drivers/BSP/Components/asm330lhh/asm330lhh_reg.c:3666:9:asm330lhh_fifo_virtual_sens_odr_chg_set	24	static
D:/Projects/STM32/Examples/PedometerCustom/Drivers/BSP/Components/asm330lhh/asm330lhh_reg.c:3693:9:asm330lhh_fifo_virtual_sens_odr_chg_get	24	static
D:/Projects/STM32/Examples/PedometerCustom/Drivers/BSP/Components/asm330lhh/asm330lhh_reg.c:3715:9:asm330lhh_fifo_stop_on_wtm_set	24	static
D:/Projects/STM32/Examples/PedometerCustom/Drivers/BSP/Components/asm330lhh/asm330lhh_reg.c:3742:9:asm330lhh_fifo_stop_on_wtm_get	24	static
D:/Projects/STM32/Examples/PedometerCustom/Drivers/BSP/Components/asm330lhh/asm330lhh_reg.c:3764:9:asm330lhh_fifo_xl_batch_set	24	static
D:/Projects/STM32/Examples/PedometerCustom/Drivers/BSP/Components/asm330lhh/asm330lhh_reg.c:3792:9:asm330lhh_fifo_xl_batch_get	24	static
D:/Projects/STM32/Examples/PedometerCustom/Drivers/BSP/Components/asm330lhh/asm330lhh_reg.c:3868:9:asm330lhh_fifo_gy_batch_set	24	static
D:/Projects/STM32/Examples/PedometerCustom/Drivers/BSP/Components/asm330lhh/asm330lhh_reg.c:3896:9:asm330lhh_fifo_gy_batch_get	24	static
D:/Projects/STM32/Examples/PedometerCustom/Drivers/BSP/Components/asm330lhh/asm330lhh_reg.c:3971:9:asm330lhh_fifo_mode_set	24	static
D:/Projects/STM32/Examples/PedometerCustom/Drivers/BSP/Components/asm330lhh/asm330lhh_reg.c:3998:9:asm330lhh_fifo_mode_get	24	static
D:/Projects/STM32/Examples/PedometerCustom/Drivers/BSP/Components/asm330lhh/asm330lhh_reg.c:4050:9:asm330lhh_fifo_temp_batch_set	24	static
D:/Projects/STM32/Examples/PedometerCustom/Drivers/BSP/Components/asm330lhh/asm330lhh_reg.c:4078:9:asm330lhh_fifo_temp_batch_get	24	static
D:/Projects/STM32/Examples/PedometerCustom/Drivers/BSP/Components/asm330lhh/asm330lhh_reg.c:4123:9:asm330lhh_fifo_timestamp_decimation_set	24	static
D:/Projects/STM32/Examples/PedometerCustom/Drivers/BSP/Components/asm330lhh/asm330lhh_reg.c:4153:9:asm330lhh_fifo_timestamp_decimation_get	24	static
D:/Projects/STM32/Examples/PedometerCustom/Drivers/BSP/Components/asm330lhh/asm330lhh_reg.c:4198:9:asm330lhh_fifo_cnt_event_batch_set	24	static
D:/Projects/STM32/Examples/PedometerCustom/Drivers/BSP/Components/asm330lhh/asm330lhh_reg.c:4227:9:asm330lhh_fifo_cnt_event_batch_get	24	static
D:/Projects/STM32/Examples/PedometerCustom/Drivers/BSP/Components/asm330lhh/asm330lhh_reg.c:4263:9:asm330lhh_rst_batch_counter_set	24	static
D:/Projects/STM32/Examples/PedometerCustom/Drivers/BSP/Components/asm330lhh/asm330lhh_reg.c:4291:9:asm330lhh_rst_batch_counter_get	24	static
D:/Projects/STM32/Examples/PedometerCustom/Drivers/BSP/Components/asm330lhh/asm330lhh_reg.c:4313:9:asm330lhh_batch_counter_threshold_set	32	static
D:/Projects/STM32/Examples/PedometerCustom/Drivers/BSP/Components/asm330lhh/asm330lhh_reg.c:4350:9:asm330lhh_batch_counter_threshold_get	32	static
D:/Projects/STM32/Examples/PedometerCustom/Drivers/BSP/Components/asm330lhh/asm330lhh_reg.c:4380:9:asm330lhh_fifo_data_level_get	32	static
D:/Projects/STM32/Examples/PedometerCustom/Drivers/BSP/Components/asm330lhh/asm330lhh_reg.c:4409:9:asm330lhh_fifo_status_get	24	static
D:/Projects/STM32/Examples/PedometerCustom/Drivers/BSP/Components/asm330lhh/asm330lhh_reg.c:4427:9:asm330lhh_fifo_full_flag_get	24	static
D:/Projects/STM32/Examples/PedometerCustom/Drivers/BSP/Components/asm330lhh/asm330lhh_reg.c:4448:9:asm330lhh_fifo_ovr_flag_get	24	static
D:/Projects/STM32/Examples/PedometerCustom/Drivers/BSP/Components/asm330lhh/asm330lhh_reg.c:4468:9:asm330lhh_fifo_wtm_flag_get	24	static
D:/Projects/STM32/Examples/PedometerCustom/Drivers/BSP/Components/asm330lhh/asm330lhh_reg.c:4488:9:asm330lhh_fifo_sensor_tag_get	24	static
D:/Projects/STM32/Examples/PedometerCustom/Drivers/BSP/Components/asm330lhh/asm330lhh_reg.c:4548:9:asm330lhh_den_mode_set	24	static
D:/Projects/STM32/Examples/PedometerCustom/Drivers/BSP/Components/asm330lhh/asm330lhh_reg.c:4573:9:asm330lhh_den_mode_get	24	static
D:/Projects/STM32/Examples/PedometerCustom/Drivers/BSP/Components/asm330lhh/asm330lhh_reg.c:4619:9:asm330lhh_den_polarity_set	24	static
D:/Projects/STM32/Examples/PedometerCustom/Drivers/BSP/Components/asm330lhh/asm330lhh_reg.c:4646:9:asm330lhh_den_polarity_get	24	static
D:/Projects/STM32/Examples/PedometerCustom/Drivers/BSP/Components/asm330lhh/asm330lhh_reg.c:4681:9:asm330lhh_den_enable_set	24	static
D:/Projects/STM32/Examples/PedometerCustom/Drivers/BSP/Components/asm330lhh/asm330lhh_reg.c:4708:9:asm330lhh_den_enable_get	24	static
D:/Projects/STM32/Examples/PedometerCustom/Drivers/BSP/Components/asm330lhh/asm330lhh_reg.c:4747:9:asm330lhh_den_mark_axis_x_set	24	static
D:/Projects/STM32/Examples/PedometerCustom/Drivers/BSP/Components/asm330lhh/asm330lhh_reg.c:4773:9:asm330lhh_den_mark_axis_x_get	24	static
D:/Projects/STM32/Examples/PedometerCustom/Drivers/BSP/Components/asm330lhh/asm330lhh_reg.c:4793:9:asm330lhh_den_mark_axis_y_set	24	static
D:/Projects/STM32/Examples/PedometerCustom/Drivers/BSP/Components/asm330lhh/asm330lhh_reg.c:4819:9:asm330lhh_den_mark_axis_y_get	24	static
D:/Projects/STM32/Examples/PedometerCustom/Drivers/BSP/Components/asm330lhh/asm330lhh_reg.c:4839:9:asm330lhh_den_mark_axis_z_set	24	static
D:/Projects/STM32/Examples/PedometerCustom/Drivers/BSP/Components/asm330lhh/asm330lhh_reg.c:4865:9:asm330lhh_den_mark_axis_z_get	24	static
