D:/Projects/STM32/Examples/PedometerCustom/MEMS/App/app_mems.c:88:6:MX_MEMS_Init	8	static
D:/Projects/STM32/Examples/PedometerCustom/MEMS/App/app_mems.c:110:6:MX_MEMS_Process	8	static
D:/Projects/STM32/Examples/PedometerCustom/MEMS/App/app_mems.c:130:6:HAL_TIM_PeriodElapsedCallback	16	static
D:/Projects/STM32/Examples/PedometerCustom/MEMS/App/app_mems.c:143:13:MX_Pedometer_Init	8	static
D:/Projects/STM32/Examples/PedometerCustom/MEMS/App/app_mems.c:195:13:MX_Pedometer_Process	8	static
D:/Projects/STM32/Examples/PedometerCustom/MEMS/App/app_mems.c:256:13:Init_Sensors	8	static
D:/Projects/STM32/Examples/PedometerCustom/MEMS/App/app_mems.c:274:13:RTC_Handler	56	static
D:/Projects/STM32/Examples/PedometerCustom/MEMS/App/app_mems.c:315:13:PM_Data_Handler	32	static
D:/Projects/STM32/Examples/PedometerCustom/MEMS/App/app_mems.c:347:13:Accelero_Sensor_Handler	16	static
D:/Projects/STM32/Examples/PedometerCustom/MEMS/App/app_mems.c:373:13:Gyro_Sensor_Handler	16	static
D:/Projects/STM32/Examples/PedometerCustom/MEMS/App/app_mems.c:399:13:Magneto_Sensor_Handler	16	static
D:/Projects/STM32/Examples/PedometerCustom/MEMS/App/app_mems.c:425:13:Pressure_Sensor_Handler	16	static
D:/Projects/STM32/Examples/PedometerCustom/MEMS/App/app_mems.c:447:13:Temperature_Sensor_Handler	16	static
D:/Projects/STM32/Examples/PedometerCustom/MEMS/App/app_mems.c:469:13:Humidity_Sensor_Handler	16	static
D:/Projects/STM32/Examples/PedometerCustom/MEMS/App/app_mems.c:491:13:TIM_Config	32	static
D:/Projects/STM32/Examples/PedometerCustom/MEMS/App/app_mems.c:514:13:MEMS_INT1_Force_Low	32	static
D:/Projects/STM32/Examples/PedometerCustom/MEMS/App/app_mems.c:531:13:MEMS_INT1_Init	32	static
D:/Projects/STM32/Examples/PedometerCustom/MEMS/App/app_mems.c:547:13:DWT_Init	4	static
D:/Projects/STM32/Examples/PedometerCustom/MEMS/App/app_mems.c:558:13:DWT_Start	4	static
D:/Projects/STM32/Examples/PedometerCustom/MEMS/App/app_mems.c:569:17:DWT_Stop	16	static
