D:/Projects/Pedometer/Drivers/BSP/custom/custom.c:94:9:BSP_GetVersion	4	static
D:/Projects/Pedometer/Drivers/BSP/custom/custom.c:106:9:BSP_LED_Init	16	static
D:/Projects/Pedometer/Drivers/BSP/custom/custom.c:121:9:BSP_LED_DeInit	40	static
D:/Projects/Pedometer/Drivers/BSP/custom/custom.c:144:9:BSP_LED_On	16	static
D:/Projects/Pedometer/Drivers/BSP/custom/custom.c:161:9:BSP_LED_Off	16	static
D:/Projects/Pedometer/Drivers/BSP/custom/custom.c:178:9:BSP_LED_Toggle	16	static
D:/Projects/Pedometer/Drivers/BSP/custom/custom.c:195:9:BSP_LED_GetState	16	static
D:/Projects/Pedometer/Drivers/BSP/custom/custom.c:203:13:LED_USER_GPIO_Init	40	static
D:/Projects/Pedometer/Drivers/BSP/custom/custom.c:237:9:BSP_PB_Init	24	static
D:/Projects/Pedometer/Drivers/BSP/custom/custom.c:277:9:BSP_PB_DeInit	40	static
D:/Projects/Pedometer/Drivers/BSP/custom/custom.c:295:9:BSP_PB_GetState	16	static
D:/Projects/Pedometer/Drivers/BSP/custom/custom.c:304:6:BSP_PB_IRQHandler	16	static
D:/Projects/Pedometer/Drivers/BSP/custom/custom.c:314:13:BSP_PB_Callback	16	static
D:/Projects/Pedometer/Drivers/BSP/custom/custom.c:327:13:BUTTON_USER_EXTI_Callback	8	static
D:/Projects/Pedometer/Drivers/BSP/custom/custom.c:336:13:BUTTON_USER_GPIO_Init	40	static
D:/Projects/Pedometer/Drivers/BSP/custom/custom.c:363:9:BSP_COM_Init	24	static
D:/Projects/Pedometer/Drivers/BSP/custom/custom.c:401:9:BSP_COM_DeInit	24	static
D:/Projects/Pedometer/Drivers/BSP/custom/custom.c:438:26:MX_USART1_UART_Init	24	static
D:/Projects/Pedometer/Drivers/BSP/custom/custom.c:558:9:BSP_COM_SelectLogPort	16	static
D:/Projects/Pedometer/Drivers/BSP/custom/custom.c:604:5:__io_putchar	16	static
D:/Projects/Pedometer/Drivers/BSP/custom/custom.c:617:13:USART1_MspInit	200	static
D:/Projects/Pedometer/Drivers/BSP/custom/custom.c:658:13:USART1_MspDeInit	16	static
